Component: ARM Compiler 5.05 update 1 (build 106) Tool: armlink [4d0efa]

==============================================================================

Section Cross References

    main.o(.text) refers to iap.o(.text) for IAP::GetUpdataUesOrNo()
    main.o(.text) refers to memory.o(.text) for Memory::Memory(unsigned, bool)
    main.o(.text) refers to usart.o(.text) for USART::USART(unsigned char, unsigned, bool, unsigned char, unsigned char, unsigned char, unsigned char, unsigned char, unsigned short, unsigned short, unsigned short)
    main.o(.text) refers to aeabi_atexit.o(i.__aeabi_atexit) for __aeabi_atexit
    main.o(.text) refers to main.o(.bss) for BootLoader
    main.o(.text) refers to main.o(.data) for procedure
    main.o(.ARM.exidx) refers to main.o(.text) for .text
    main.o(.init_array) refers to main.o(.text) for __sti___8_main_cpp_9c3cbc1f
    main.o(.init_array) refers to cpp_init.o(.text) for __cpp_initialize__aeabi_
    iap.o(.text) refers to usart.o(.text) for USART::SendData(unsigned char*, unsigned)
    iap.o(.text) refers to memory.o(.text) for Memory::Clear(unsigned short)
    iap.o(.text) refers to iap.o(.emb_text) for MSR_MSP
    iap.o(.ARM.exidx) refers to iap.o(.text) for .text
    interrupt.o(.text) refers to usart.o(.text) for USART::Irq()
    interrupt.o(.text) refers to interrupt.o(.data) for pUSART1
    interrupt.o(.ARM.exidx) refers to interrupt.o(.text) for .text
    memory.o(.text) refers to stm32f10x_flash.o(.text) for FLASH_Unlock
    memory.o(.ARM.exidx) refers to memory.o(.text) for .text
    usart.o(.text) refers to usart.o(t._ZN10FIFOBufferIhLt50EEC1Ev) for FIFOBuffer<unsigned char, (unsigned short)50>::FIFOBuffer()
    usart.o(.text) refers to stm32f10x_rcc.o(.text) for RCC_APB2PeriphClockCmd
    usart.o(.text) refers to stm32f10x_gpio.o(.text) for GPIO_PinRemapConfig
    usart.o(.text) refers to stm32f10x_usart.o(.text) for USART_Init
    usart.o(.text) refers to stm32f10x_dma.o(.text) for DMA_Init
    usart.o(.text) refers to misc.o(.text) for NVIC_PriorityGroupConfig
    usart.o(.text) refers to usart.o(t._ZN10FIFOBufferIhLt50EE4PutsEPht) for FIFOBuffer<unsigned char, (unsigned short)50>::Puts(unsigned char*, unsigned short)
    usart.o(.text) refers to usart.o(t._ZN10FIFOBufferIhLt50EE4SizeEv) for FIFOBuffer<unsigned char, (unsigned short)50>::Size()
    usart.o(.text) refers to usart.o(t._ZN10FIFOBufferIhLt50EE4GetsEPht) for FIFOBuffer<unsigned char, (unsigned short)50>::Gets(unsigned char*, unsigned short)
    usart.o(.text) refers to interrupt.o(.data) for pUSART1
    usart.o(.text) refers to usart.o(t._ZN10FIFOBufferIhLt50EE3GetERh) for FIFOBuffer<unsigned char, (unsigned short)50>::Get(unsigned char&)
    usart.o(.text) refers to usart.o(t._ZN10FIFOBufferIhLt50EE5ClearEv) for FIFOBuffer<unsigned char, (unsigned short)50>::Clear()
    usart.o(.text) refers to usart.o(t._ZN10FIFOBufferIhLt50EE3PutERKh) for FIFOBuffer<unsigned char, (unsigned short)50>::Put(const unsigned char&)
    usart.o(.text) refers to cdcmple.o(.text) for __aeabi_cdcmple
    usart.o(.text) refers to dmul.o(.text) for __aeabi_dmul
    usart.o(.text) refers to dfixui.o(.text) for __aeabi_d2uiz
    usart.o(.text) refers to usart.o(.data) for dataToSend
    usart.o(.ARM.exidx) refers to usart.o(.text) for .text
    taskmanager.o(.text) refers to dadd.o(.text) for __aeabi_dadd
    taskmanager.o(.text) refers to dfltui.o(.text) for __aeabi_ui2d
    taskmanager.o(.text) refers to ddiv.o(.text) for __aeabi_ddiv
    taskmanager.o(.text) refers to cdrcmple.o(.text) for __aeabi_cdrcmple
    taskmanager.o(.text) refers to cdcmple.o(.text) for __aeabi_cdcmple
    taskmanager.o(.text) refers to taskmanager.o(.data) for TaskManager::_it_time
    taskmanager.o(.ARM.exidx) refers to taskmanager.o(.text) for .text
    taskmanager.o(.init_array) refers to taskmanager.o(.text) for __sti___15_TaskManager_cpp_tskmgr
    taskmanager.o(.init_array) refers to cpp_init.o(.text) for __cpp_initialize__aeabi_
    gpio.o(.text) refers to stm32f10x_rcc.o(.text) for RCC_APB2PeriphClockCmd
    gpio.o(.text) refers to stm32f10x_gpio.o(.text) for GPIO_Init
    gpio.o(.text) refers to gpio.o(.constdata) for GPIO::mPin
    gpio.o(.ARM.exidx) refers to gpio.o(.text) for .text
    stm32f10x_gpio.o(.text) refers to stm32f10x_rcc.o(.text) for RCC_APB2PeriphResetCmd
    stm32f10x_rcc.o(.text) refers to stm32f10x_rcc.o(.data) for APBAHBPrescTable
    stm32f10x_usart.o(.text) refers to stm32f10x_rcc.o(.text) for RCC_APB2PeriphResetCmd
    startup_stm32f10x_md.o(RESET) refers to startup_stm32f10x_md.o(STACK) for __initial_sp
    startup_stm32f10x_md.o(RESET) refers to startup_stm32f10x_md.o(.text) for Reset_Handler
    startup_stm32f10x_md.o(RESET) refers to taskmanager.o(.text) for SysTick_Handler
    startup_stm32f10x_md.o(RESET) refers to interrupt.o(.text) for DMA1_Channel2_IRQHandler
    startup_stm32f10x_md.o(.text) refers to system_stm32f10x.o(.text) for SystemInit
    startup_stm32f10x_md.o(.text) refers to entry.o(.ARM.Collect$$$$00000000) for __main
    system_stm32f10x.o(.text) refers to system_stm32f10x.o(.data) for SystemCoreClock
    aeabi_atexit.o(i.__aeabi_atexit) refers (Special) to cxa_finalize.o(i.__cxa_finalize) for __cxa_finalize
    aeabi_atexit.o(i.__aeabi_atexit) refers (Special) to cpp_final.o(.text) for __rt_lib_shutdown_cpp_1
    aeabi_atexit.o(i.__aeabi_atexit) refers to malloc.o(i.malloc) for malloc
    aeabi_atexit.o(i.__aeabi_atexit) refers to cpp_dtor.o(.text) for __rt_ddtor_pointer_addr
    aeabi_atexit.o(.ARM.exidx) refers (Special) to cxa_finalize.o(i.__cxa_finalize) for __cxa_finalize
    aeabi_atexit.o(.ARM.exidx) refers (Special) to cpp_final.o(.text) for __rt_lib_shutdown_cpp_1
    aeabi_atexit.o(.ARM.exidx) refers to aeabi_atexit.o(i.__aeabi_atexit) for i.__aeabi_atexit
    entry.o(.ARM.Collect$$$$00000000) refers (Special) to entry10a.o(.ARM.Collect$$$$0000000D) for __rt_final_cpp
    entry.o(.ARM.Collect$$$$00000000) refers (Special) to entry11a.o(.ARM.Collect$$$$0000000F) for __rt_final_exit
    entry.o(.ARM.Collect$$$$00000000) refers (Special) to entry7b.o(.ARM.Collect$$$$00000008) for _main_clock
    entry.o(.ARM.Collect$$$$00000000) refers (Special) to entry8b.o(.ARM.Collect$$$$0000000A) for _main_cpp_init
    entry.o(.ARM.Collect$$$$00000000) refers (Special) to entry9a.o(.ARM.Collect$$$$0000000B) for _main_init
    entry.o(.ARM.Collect$$$$00000000) refers (Special) to entry5.o(.ARM.Collect$$$$00000004) for _main_scatterload
    entry.o(.ARM.Collect$$$$00000000) refers (Special) to entry2.o(.ARM.Collect$$$$00000001) for _main_stk
    cpp_init.o(.emb_text) refers (Special) to entry8a.o(.ARM.Collect$$$$00000009) for _main_cpp_init$empty
    cpp_init.o(.init_array) refers (Special) to entry8a.o(.ARM.Collect$$$$00000009) for _main_cpp_init$empty
    cpp_init.o(.init_array) refers to cpp_init.o(.text) for __cpp_initialize__aeabi_
    cpp_init.o(.dummy_text) refers (Special) to entry8a.o(.ARM.Collect$$$$00000009) for _main_cpp_init$empty
    cpp_init.o(.text) refers (Special) to entry8a.o(.ARM.Collect$$$$00000009) for _main_cpp_init$empty
    dadd.o(.text) refers (Special) to iusefp.o(.text) for __I$use$fp
    dadd.o(.text) refers to llshl.o(.text) for __aeabi_llsl
    dadd.o(.text) refers to llsshr.o(.text) for __aeabi_lasr
    dadd.o(.text) refers to depilogue.o(.text) for _double_epilogue
    dmul.o(.text) refers (Special) to iusefp.o(.text) for __I$use$fp
    dmul.o(.text) refers to depilogue.o(.text) for _double_epilogue
    ddiv.o(.text) refers (Special) to iusefp.o(.text) for __I$use$fp
    ddiv.o(.text) refers to depilogue.o(.text) for _double_round
    dfltui.o(.text) refers (Special) to iusefp.o(.text) for __I$use$fp
    dfltui.o(.text) refers to depilogue.o(.text) for _double_epilogue
    dfixui.o(.text) refers (Special) to iusefp.o(.text) for __I$use$fp
    dfixui.o(.text) refers to llushr.o(.text) for __aeabi_llsr
    cdcmple.o(.text) refers (Special) to iusefp.o(.text) for __I$use$fp
    cdrcmple.o(.text) refers (Special) to iusefp.o(.text) for __I$use$fp
    cxa_finalize.o(i.__cxa_finalize) refers (Special) to cpp_final.o(.text) for __rt_lib_shutdown_cpp_1
    cxa_finalize.o(i.__cxa_finalize) refers to cpp_dtor.o(.text) for __rt_ddtor_pointer_addr
    cxa_finalize.o(i.__cxa_finalize) refers to malloc.o(i.free) for free
    cxa_finalize.o(.ARM.exidx) refers (Special) to cpp_final.o(.text) for __rt_lib_shutdown_cpp_1
    cxa_finalize.o(.ARM.exidx) refers to cxa_finalize.o(i.__cxa_finalize) for i.__cxa_finalize
    entry2.o(.ARM.Collect$$$$00000001) refers to entry2.o(.ARM.Collect$$$$00002712) for __lit__00000000
    entry2.o(.ARM.Collect$$$$00002712) refers to startup_stm32f10x_md.o(STACK) for __initial_sp
    entry2.o(__vectab_stack_and_reset_area) refers to startup_stm32f10x_md.o(STACK) for __initial_sp
    entry2.o(__vectab_stack_and_reset_area) refers to entry.o(.ARM.Collect$$$$00000000) for __main
    entry5.o(.ARM.Collect$$$$00000004) refers to init.o(.text) for __scatterload
    entry8a.o(.ARM.Collect$$$$00000009) refers (Weak) to cpp_init.o(.text) for __cpp_initialize__aeabi_
    entry9a.o(.ARM.Collect$$$$0000000B) refers to main.o(.text) for main
    entry9b.o(.ARM.Collect$$$$0000000C) refers to main.o(.text) for main
    entry10b.o(.ARM.Collect$$$$0000000E) refers (Weak) to cxa_finalize.o(i.__cxa_finalize) for __cxa_finalize
    malloc.o(i.free) refers to mvars.o(.data) for __microlib_freelist
    malloc.o(i.malloc) refers to mvars.o(.data) for __microlib_freelist_initialised
    malloc.o(i.malloc) refers to mvars.o(.data) for __microlib_freelist
    malloc.o(i.malloc) refers to startup_stm32f10x_md.o(HEAP) for __heap_base
    mallocr.o(i.__free$realloc) refers to mvars.o(.data) for __microlib_freelist
    mallocr.o(i.__malloc$realloc) refers to mallocr.o(i.internal_alloc) for internal_alloc
    mallocr.o(i.__malloc$realloc) refers to mvars.o(.data) for __microlib_freelist_initialised
    mallocr.o(i.__malloc$realloc) refers to startup_stm32f10x_md.o(HEAP) for __heap_base
    mallocr.o(i.__malloc$realloc) refers to mvars.o(.data) for __microlib_freelist
    mallocr.o(i.internal_alloc) refers to memcpya.o(.text) for __aeabi_memcpy
    mallocr.o(i.internal_alloc) refers to mvars.o(.data) for __microlib_freelist
    mallocr.o(i.realloc) refers to mallocr.o(i.__free$realloc) for __free$realloc
    mallocr.o(i.realloc) refers to mallocr.o(i.internal_alloc) for internal_alloc
    mallocr.o(i.realloc) refers to mallocr.o(i.__malloc$realloc) for __malloc$realloc
    mallocr.o(i.realloc) refers to mvars.o(.data) for __microlib_freelist
    malloca.o(i.__aligned_malloc) refers to mvars.o(.data) for __microlib_freelist_initialised
    malloca.o(i.__aligned_malloc) refers to mvars.o(.data) for __microlib_freelist
    malloca.o(i.__aligned_malloc) refers to startup_stm32f10x_md.o(HEAP) for __heap_base
    malloca.o(i.__free$memalign) refers to mvars.o(.data) for __microlib_freelist
    malloca.o(i.__malloc$memalign) refers to malloca.o(i.__aligned_malloc) for __aligned_malloc
    mallocra.o(i.__aligned_malloc$realloc) refers to mallocra.o(i.internal_alloc) for internal_alloc
    mallocra.o(i.__aligned_malloc$realloc) refers to mvars.o(.data) for __microlib_freelist_initialised
    mallocra.o(i.__aligned_malloc$realloc) refers to startup_stm32f10x_md.o(HEAP) for __heap_base
    mallocra.o(i.__aligned_malloc$realloc) refers to mvars.o(.data) for __microlib_freelist
    mallocra.o(i.__free$realloc$memalign) refers to mvars.o(.data) for __microlib_freelist
    mallocra.o(i.__malloc$realloc$memalign) refers to mallocra.o(i.__aligned_malloc$realloc) for __aligned_malloc$realloc
    mallocra.o(i.__realloc$memalign) refers to mallocra.o(i.__free$realloc$memalign) for __free$realloc$memalign
    mallocra.o(i.__realloc$memalign) refers to mallocra.o(i.internal_alloc) for internal_alloc
    mallocra.o(i.__realloc$memalign) refers to mallocra.o(i.__malloc$realloc$memalign) for __malloc$realloc$memalign
    mallocra.o(i.__realloc$memalign) refers to mvars.o(.data) for __microlib_freelist
    mallocra.o(i.internal_alloc) refers to memcpya.o(.text) for __aeabi_memcpy
    mallocra.o(i.internal_alloc) refers to mvars.o(.data) for __microlib_freelist
    cpp_dtor.o(.text) refers to cpp_dtor.o(.data) for .data
    depilogue.o(.text) refers to llshl.o(.text) for __aeabi_llsl
    depilogue.o(.text) refers to llushr.o(.text) for __aeabi_llsr
    init.o(.text) refers to entry5.o(.ARM.Collect$$$$00000004) for __main_after_scatterload
    usart.o(.ARM.exidx) refers to usart.o(t._ZN10FIFOBufferIhLt50EEC1Ev) for t._ZN10FIFOBufferIhLt50EEC1Ev
    usart.o(.ARM.exidx) refers to usart.o(t._ZN10FIFOBufferIhLt50EE3PutERKh) for t._ZN10FIFOBufferIhLt50EE3PutERKh
    usart.o(.ARM.exidx) refers to usart.o(t._ZN10FIFOBufferIhLt50EE3GetERh) for t._ZN10FIFOBufferIhLt50EE3GetERh
    usart.o(.ARM.exidx) refers to usart.o(t._ZN10FIFOBufferIhLt50EE4PutsEPht) for t._ZN10FIFOBufferIhLt50EE4PutsEPht
    usart.o(.ARM.exidx) refers to usart.o(t._ZN10FIFOBufferIhLt50EE4GetsEPht) for t._ZN10FIFOBufferIhLt50EE4GetsEPht
    usart.o(.ARM.exidx) refers to usart.o(t._ZN10FIFOBufferIhLt50EE4SizeEv) for t._ZN10FIFOBufferIhLt50EE4SizeEv
    usart.o(.ARM.exidx) refers to usart.o(t._ZN10FIFOBufferIhLt50EE5ClearEv) for t._ZN10FIFOBufferIhLt50EE5ClearEv


==============================================================================

Removing Unused input sections from the image.

    Removing main.o(.rev16_text), (4 bytes).
    Removing main.o(.revsh_text), (4 bytes).
    Removing main.o(.rrx_text), (6 bytes).
    Removing main.o(.ARM.exidx), (8 bytes).
    Removing iap.o(.rev16_text), (4 bytes).
    Removing iap.o(.revsh_text), (4 bytes).
    Removing iap.o(.rrx_text), (6 bytes).
    Removing iap.o(.ARM.exidx), (8 bytes).
    Removing interrupt.o(.rev16_text), (4 bytes).
    Removing interrupt.o(.revsh_text), (4 bytes).
    Removing interrupt.o(.rrx_text), (6 bytes).
    Removing interrupt.o(.ARM.exidx), (8 bytes).
    Removing memory.o(.rev16_text), (4 bytes).
    Removing memory.o(.revsh_text), (4 bytes).
    Removing memory.o(.rrx_text), (6 bytes).
    Removing memory.o(.ARM.exidx), (8 bytes).
    Removing usart.o(.rev16_text), (4 bytes).
    Removing usart.o(.revsh_text), (4 bytes).
    Removing usart.o(.rrx_text), (6 bytes).
    Removing usart.o(.ARM.exidx), (8 bytes).
    Removing taskmanager.o(.rev16_text), (4 bytes).
    Removing taskmanager.o(.revsh_text), (4 bytes).
    Removing taskmanager.o(.rrx_text), (6 bytes).
    Removing taskmanager.o(.ARM.exidx), (8 bytes).
    Removing gpio.o(.rev16_text), (4 bytes).
    Removing gpio.o(.revsh_text), (4 bytes).
    Removing gpio.o(.rrx_text), (6 bytes).
    Removing gpio.o(.text), (388 bytes).
    Removing gpio.o(.ARM.exidx), (8 bytes).
    Removing gpio.o(.constdata), (32 bytes).
    Removing misc.o(.rev16_text), (4 bytes).
    Removing misc.o(.revsh_text), (4 bytes).
    Removing misc.o(.rrx_text), (6 bytes).
    Removing stm32f10x_dma.o(.rev16_text), (4 bytes).
    Removing stm32f10x_dma.o(.revsh_text), (4 bytes).
    Removing stm32f10x_dma.o(.rrx_text), (6 bytes).
    Removing stm32f10x_flash.o(.rev16_text), (4 bytes).
    Removing stm32f10x_flash.o(.revsh_text), (4 bytes).
    Removing stm32f10x_flash.o(.rrx_text), (6 bytes).
    Removing stm32f10x_gpio.o(.rev16_text), (4 bytes).
    Removing stm32f10x_gpio.o(.revsh_text), (4 bytes).
    Removing stm32f10x_gpio.o(.rrx_text), (6 bytes).
    Removing stm32f10x_rcc.o(.rev16_text), (4 bytes).
    Removing stm32f10x_rcc.o(.revsh_text), (4 bytes).
    Removing stm32f10x_rcc.o(.rrx_text), (6 bytes).
    Removing stm32f10x_usart.o(.rev16_text), (4 bytes).
    Removing stm32f10x_usart.o(.revsh_text), (4 bytes).
    Removing stm32f10x_usart.o(.rrx_text), (6 bytes).
    Removing system_stm32f10x.o(.rev16_text), (4 bytes).
    Removing system_stm32f10x.o(.revsh_text), (4 bytes).
    Removing system_stm32f10x.o(.rrx_text), (6 bytes).
    Removing usart.o(.ARM.exidx), (8 bytes).
    Removing usart.o(.ARM.exidx), (8 bytes).
    Removing usart.o(.ARM.exidx), (8 bytes).
    Removing usart.o(.ARM.exidx), (8 bytes).
    Removing usart.o(.ARM.exidx), (8 bytes).
    Removing usart.o(.ARM.exidx), (8 bytes).
    Removing usart.o(.ARM.exidx), (8 bytes).

58 unused section(s) (total 728 bytes) removed from the image.

==============================================================================

Image Symbol Table

    Local Symbols

    Symbol Name                              Value     Ov Type        Size  Object(Section)

    ../../../edgfe/lib_src/dtor_list.c       0x00000000   Number         0  aeabi_atexit.o ABSOLUTE
    ../../../edgfe/lib_src/dtor_list.c       0x00000000   Number         0  cxa_finalize.o ABSOLUTE
    ../clib/microlib/cpp/cpp_dtor.c          0x00000000   Number         0  cpp_dtor.o ABSOLUTE
    ../clib/microlib/cpp/cpp_final.c         0x00000000   Number         0  cpp_final.o ABSOLUTE
    ../clib/microlib/cpp/cpp_init.c          0x00000000   Number         0  cpp_init.o ABSOLUTE
    ../clib/microlib/cpp/cpp_init.c          0x00000000   Number         0  cpp_init.o ABSOLUTE
    ../clib/microlib/init/entry.s            0x00000000   Number         0  entry11a.o ABSOLUTE
    ../clib/microlib/init/entry.s            0x00000000   Number         0  entry11b.o ABSOLUTE
    ../clib/microlib/init/entry.s            0x00000000   Number         0  entry8a.o ABSOLUTE
    ../clib/microlib/init/entry.s            0x00000000   Number         0  entry7a.o ABSOLUTE
    ../clib/microlib/init/entry.s            0x00000000   Number         0  entry5.o ABSOLUTE
    ../clib/microlib/init/entry.s            0x00000000   Number         0  entry2.o ABSOLUTE
    ../clib/microlib/init/entry.s            0x00000000   Number         0  entry7b.o ABSOLUTE
    ../clib/microlib/init/entry.s            0x00000000   Number         0  entry10b.o ABSOLUTE
    ../clib/microlib/init/entry.s            0x00000000   Number         0  entry10a.o ABSOLUTE
    ../clib/microlib/init/entry.s            0x00000000   Number         0  entry9b.o ABSOLUTE
    ../clib/microlib/init/entry.s            0x00000000   Number         0  entry9a.o ABSOLUTE
    ../clib/microlib/init/entry.s            0x00000000   Number         0  entry.o ABSOLUTE
    ../clib/microlib/init/entry.s            0x00000000   Number         0  entry8b.o ABSOLUTE
    ../clib/microlib/longlong.c              0x00000000   Number         0  llshl.o ABSOLUTE
    ../clib/microlib/longlong.c              0x00000000   Number         0  llsshr.o ABSOLUTE
    ../clib/microlib/longlong.c              0x00000000   Number         0  llushr.o ABSOLUTE
    ../clib/microlib/malloc/malloc.c         0x00000000   Number         0  mallocra.o ABSOLUTE
    ../clib/microlib/malloc/malloc.c         0x00000000   Number         0  malloca.o ABSOLUTE
    ../clib/microlib/malloc/malloc.c         0x00000000   Number         0  malloc.o ABSOLUTE
    ../clib/microlib/malloc/malloc.c         0x00000000   Number         0  mallocr.o ABSOLUTE
    ../clib/microlib/malloc/mvars.c          0x00000000   Number         0  mvars.o ABSOLUTE
    ../clib/microlib/string/memcpy.c         0x00000000   Number         0  memcpyb.o ABSOLUTE
    ../clib/microlib/string/memcpy.c         0x00000000   Number         0  memcpya.o ABSOLUTE
    ../clib/microlib/stubs.s                 0x00000000   Number         0  iusefp.o ABSOLUTE
    ../fplib/microlib/fpadd.c                0x00000000   Number         0  dadd.o ABSOLUTE
    ../fplib/microlib/fpdiv.c                0x00000000   Number         0  ddiv.o ABSOLUTE
    ../fplib/microlib/fpepilogue.c           0x00000000   Number         0  depilogue.o ABSOLUTE
    ../fplib/microlib/fpfix.c                0x00000000   Number         0  dfixui.o ABSOLUTE
    ../fplib/microlib/fpflt.c                0x00000000   Number         0  dfltui.o ABSOLUTE
    ../fplib/microlib/fpmul.c                0x00000000   Number         0  dmul.o ABSOLUTE
    ..\\lib\\GPIO.cpp                        0x00000000   Number         0  gpio.o ABSOLUTE
    ..\\lib\\Interrupt.cpp                   0x00000000   Number         0  interrupt.o ABSOLUTE
    ..\\lib\\Memory.cpp                      0x00000000   Number         0  memory.o ABSOLUTE
    ..\\lib\\TaskManager.cpp                 0x00000000   Number         0  taskmanager.o ABSOLUTE
    ..\\lib\\USART.cpp                       0x00000000   Number         0  usart.o ABSOLUTE
    ..\\usr\\IAP.cpp                         0x00000000   Number         0  iap.o ABSOLUTE
    ..\\usr\\main.cpp                        0x00000000   Number         0  main.o ABSOLUTE
    ..\lib\GPIO.cpp                          0x00000000   Number         0  gpio.o ABSOLUTE
    ..\lib\Interrupt.cpp                     0x00000000   Number         0  interrupt.o ABSOLUTE
    ..\lib\Memory.cpp                        0x00000000   Number         0  memory.o ABSOLUTE
    ..\lib\TaskManager.cpp                   0x00000000   Number         0  taskmanager.o ABSOLUTE
    ..\lib\USART.cpp                         0x00000000   Number         0  usart.o ABSOLUTE
    ..\usr\IAP.cpp                           0x00000000   Number         0  iap.o ABSOLUTE
    ..\usr\main.cpp                          0x00000000   Number         0  main.o ABSOLUTE
    C:\Other\keil5\Keil\STM32F1xx_DFP\2.1.0\Device\StdPeriph_Driver\src\misc.c 0x00000000   Number         0  misc.o ABSOLUTE
    C:\Other\keil5\Keil\STM32F1xx_DFP\2.1.0\Device\StdPeriph_Driver\src\stm32f10x_dma.c 0x00000000   Number         0  stm32f10x_dma.o ABSOLUTE
    C:\Other\keil5\Keil\STM32F1xx_DFP\2.1.0\Device\StdPeriph_Driver\src\stm32f10x_flash.c 0x00000000   Number         0  stm32f10x_flash.o ABSOLUTE
    C:\Other\keil5\Keil\STM32F1xx_DFP\2.1.0\Device\StdPeriph_Driver\src\stm32f10x_gpio.c 0x00000000   Number         0  stm32f10x_gpio.o ABSOLUTE
    C:\Other\keil5\Keil\STM32F1xx_DFP\2.1.0\Device\StdPeriph_Driver\src\stm32f10x_rcc.c 0x00000000   Number         0  stm32f10x_rcc.o ABSOLUTE
    C:\Other\keil5\Keil\STM32F1xx_DFP\2.1.0\Device\StdPeriph_Driver\src\stm32f10x_usart.c 0x00000000   Number         0  stm32f10x_usart.o ABSOLUTE
    C:\\Other\\keil5\\Keil\\STM32F1xx_DFP\\2.1.0\\Device\\StdPeriph_Driver\\src\\misc.c 0x00000000   Number         0  misc.o ABSOLUTE
    C:\\Other\\keil5\\Keil\\STM32F1xx_DFP\\2.1.0\\Device\\StdPeriph_Driver\\src\\stm32f10x_dma.c 0x00000000   Number         0  stm32f10x_dma.o ABSOLUTE
    C:\\Other\\keil5\\Keil\\STM32F1xx_DFP\\2.1.0\\Device\\StdPeriph_Driver\\src\\stm32f10x_flash.c 0x00000000   Number         0  stm32f10x_flash.o ABSOLUTE
    C:\\Other\\keil5\\Keil\\STM32F1xx_DFP\\2.1.0\\Device\\StdPeriph_Driver\\src\\stm32f10x_gpio.c 0x00000000   Number         0  stm32f10x_gpio.o ABSOLUTE
    C:\\Other\\keil5\\Keil\\STM32F1xx_DFP\\2.1.0\\Device\\StdPeriph_Driver\\src\\stm32f10x_rcc.c 0x00000000   Number         0  stm32f10x_rcc.o ABSOLUTE
    C:\\Other\\keil5\\Keil\\STM32F1xx_DFP\\2.1.0\\Device\\StdPeriph_Driver\\src\\stm32f10x_usart.c 0x00000000   Number         0  stm32f10x_usart.o ABSOLUTE
    RTE\Device\STM32F103C8\startup_stm32f10x_md.s 0x00000000   Number         0  startup_stm32f10x_md.o ABSOLUTE
    RTE\Device\STM32F103C8\system_stm32f10x.c 0x00000000   Number         0  system_stm32f10x.o ABSOLUTE
    RTE\\Device\\STM32F103C8\\system_stm32f10x.c 0x00000000   Number         0  system_stm32f10x.o ABSOLUTE
    cdcmple.s                                0x00000000   Number         0  cdcmple.o ABSOLUTE
    cdrcmple.s                               0x00000000   Number         0  cdrcmple.o ABSOLUTE
    dc.s                                     0x00000000   Number         0  dc.o ABSOLUTE
    handlers.s                               0x00000000   Number         0  handlers.o ABSOLUTE
    init.s                                   0x00000000   Number         0  init.o ABSOLUTE
    RESET                                    0x08000000   Section      236  startup_stm32f10x_md.o(RESET)
    .ARM.Collect$$$$00000000                 0x080000ec   Section        0  entry.o(.ARM.Collect$$$$00000000)
    .ARM.Collect$$$$00000001                 0x080000ec   Section        4  entry2.o(.ARM.Collect$$$$00000001)
    .ARM.Collect$$$$00000004                 0x080000f0   Section        4  entry5.o(.ARM.Collect$$$$00000004)
    .ARM.Collect$$$$00000008                 0x080000f4   Section        0  entry7b.o(.ARM.Collect$$$$00000008)
    .ARM.Collect$$$$00000009                 0x080000f4   Section        4  entry8a.o(.ARM.Collect$$$$00000009)
    .ARM.Collect$$$$0000000A                 0x080000f8   Section        0  entry8b.o(.ARM.Collect$$$$0000000A)
    .ARM.Collect$$$$0000000B                 0x080000f8   Section        8  entry9a.o(.ARM.Collect$$$$0000000B)
    .ARM.Collect$$$$0000000D                 0x08000100   Section        0  entry10a.o(.ARM.Collect$$$$0000000D)
    .ARM.Collect$$$$0000000F                 0x08000100   Section        0  entry11a.o(.ARM.Collect$$$$0000000F)
    .ARM.Collect$$$$00002712                 0x08000100   Section        4  entry2.o(.ARM.Collect$$$$00002712)
    __lit__00000000                          0x08000100   Data           4  entry2.o(.ARM.Collect$$$$00002712)
    .emb_text                                0x08000104   Section        6  iap.o(.emb_text)
    .text                                    0x0800010c   Section        0  main.o(.text)
    __sti___8_main_cpp_9c3cbc1f              0x08000199   Thumb Code    92  main.o(.text)
    .text                                    0x08000214   Section        0  iap.o(.text)
    .text                                    0x08000570   Section        0  interrupt.o(.text)
    .text                                    0x080005e8   Section        0  memory.o(.text)
    .text                                    0x08000994   Section        0  usart.o(.text)
    .text                                    0x080011f8   Section        0  taskmanager.o(.text)
    __sti___15_TaskManager_cpp_tskmgr        0x080013a1   Thumb Code    10  taskmanager.o(.text)
    .text                                    0x080013dc   Section        0  misc.o(.text)
    .text                                    0x080014b8   Section        0  stm32f10x_dma.o(.text)
    .text                                    0x0800170c   Section        0  stm32f10x_flash.o(.text)
    .text                                    0x08001cc8   Section        0  stm32f10x_gpio.o(.text)
    .text                                    0x08002024   Section        0  stm32f10x_rcc.o(.text)
    .text                                    0x080023c8   Section        0  stm32f10x_usart.o(.text)
    .text                                    0x080027d0   Section       36  startup_stm32f10x_md.o(.text)
    .text                                    0x080027f4   Section        0  system_stm32f10x.o(.text)
    SetSysClockTo72                          0x080027f5   Thumb Code   214  system_stm32f10x.o(.text)
    SetSysClock                              0x080028cb   Thumb Code     8  system_stm32f10x.o(.text)
    .text                                    0x080029d4   Section        0  cpp_init.o(.text)
    .text                                    0x080029f4   Section        0  dadd.o(.text)
    .text                                    0x08002b42   Section        0  dmul.o(.text)
    .text                                    0x08002c26   Section        0  ddiv.o(.text)
    .text                                    0x08002d04   Section        0  dfltui.o(.text)
    .text                                    0x08002d1e   Section        0  dfixui.o(.text)
    .text                                    0x08002d50   Section       48  cdcmple.o(.text)
    .text                                    0x08002d80   Section       48  cdrcmple.o(.text)
    .text                                    0x08002db0   Section        0  llshl.o(.text)
    .text                                    0x08002dce   Section        0  llushr.o(.text)
    .text                                    0x08002dee   Section        0  llsshr.o(.text)
    .text                                    0x08002e12   Section        0  iusefp.o(.text)
    .text                                    0x08002e14   Section        0  cpp_dtor.o(.text)
    .text                                    0x08002e1c   Section        0  cpp_final.o(.text)
    .text                                    0x08002e1e   Section        0  depilogue.o(.text)
    .text                                    0x08002ed8   Section       36  init.o(.text)
    i.__aeabi_atexit                         0x08002efc   Section        0  aeabi_atexit.o(i.__aeabi_atexit)
    i.__cxa_finalize                         0x08002f2e   Section        0  cxa_finalize.o(i.__cxa_finalize)
    i.__scatterload_copy                     0x08002f70   Section       14  handlers.o(i.__scatterload_copy)
    i.__scatterload_null                     0x08002f7e   Section        2  handlers.o(i.__scatterload_null)
    i.__scatterload_zeroinit                 0x08002f80   Section       14  handlers.o(i.__scatterload_zeroinit)
    i.free                                   0x08002f90   Section        0  malloc.o(i.free)
    i.malloc                                 0x08002fe0   Section        0  malloc.o(i.malloc)
    t._ZN10FIFOBufferIhLt50EE3GetERh         0x0800304c   Section        0  usart.o(t._ZN10FIFOBufferIhLt50EE3GetERh)
    t._ZN10FIFOBufferIhLt50EE3PutERKh        0x0800307c   Section        0  usart.o(t._ZN10FIFOBufferIhLt50EE3PutERKh)
    t._ZN10FIFOBufferIhLt50EE4GetsEPht       0x080030b0   Section        0  usart.o(t._ZN10FIFOBufferIhLt50EE4GetsEPht)
    t._ZN10FIFOBufferIhLt50EE4PutsEPht       0x080030ee   Section        0  usart.o(t._ZN10FIFOBufferIhLt50EE4PutsEPht)
    t._ZN10FIFOBufferIhLt50EE4SizeEv         0x08003130   Section        0  usart.o(t._ZN10FIFOBufferIhLt50EE4SizeEv)
    t._ZN10FIFOBufferIhLt50EE5ClearEv        0x08003136   Section        0  usart.o(t._ZN10FIFOBufferIhLt50EE5ClearEv)
    t._ZN10FIFOBufferIhLt50EEC1Ev            0x08003140   Section        0  usart.o(t._ZN10FIFOBufferIhLt50EEC1Ev)
    .init_array                              0x08003170   Section        4  main.o(.init_array)
    .init_array                              0x08003174   Section        4  taskmanager.o(.init_array)
    .init_array                              0x08003178   Section        0  cpp_init.o(.init_array)
    .data                                    0x20000000   Section       16  main.o(.data)
    .data                                    0x20000010   Section       12  interrupt.o(.data)
    .data                                    0x2000001c   Section        3  usart.o(.data)
    dataToSend                               0x2000001c   Data           1  usart.o(.data)
    dataToSend                               0x2000001d   Data           1  usart.o(.data)
    dataToSend                               0x2000001e   Data           1  usart.o(.data)
    .data                                    0x20000020   Section       32  taskmanager.o(.data)
    .data                                    0x20000040   Section       20  stm32f10x_rcc.o(.data)
    APBAHBPrescTable                         0x20000040   Data          16  stm32f10x_rcc.o(.data)
    ADCPrescTable                            0x20000050   Data           4  stm32f10x_rcc.o(.data)
    .data                                    0x20000054   Section       20  system_stm32f10x.o(.data)
    .data                                    0x20000068   Section        4  cpp_dtor.o(.data)
    ddtor_pointer                            0x20000068   Data           4  cpp_dtor.o(.data)
    .data                                    0x2000006c   Section        4  mvars.o(.data)
    .data                                    0x20000070   Section        4  mvars.o(.data)
    .bss                                     0x20000074   Section     1204  main.o(.bss)
    HEAP                                     0x20000528   Section      512  startup_stm32f10x_md.o(HEAP)
    STACK                                    0x20000728   Section     1024  startup_stm32f10x_md.o(STACK)

    Global Symbols

    Symbol Name                              Value     Ov Type        Size  Object(Section)

    BuildAttributes$$THM_ISAv4$P$D$K$B$S$PE$A:L22UL41UL21$X:L11$S22US41US21$IEEE1$IW$USESV6$~STKCKD$USESV7$~SHL$OSPACE$ROPI$EBA8$UX$MICROLIB$REQ8$PRES8$EABIv2 0x00000000   Number         0  anon$$obj.o ABSOLUTE
    __ARM_use_no_argv                        0x00000000   Number         0  main.o ABSOLUTE
    __decompress                              - Undefined Weak Reference
    _clock_init                               - Undefined Weak Reference
    _microlib_exit                            - Undefined Weak Reference
    __Vectors_Size                           0x000000ec   Number         0  startup_stm32f10x_md.o ABSOLUTE
    __Vectors                                0x08000000   Data           4  startup_stm32f10x_md.o(RESET)
    __dso_handle                             0x08000000   Number         0  startup_stm32f10x_md.o(RESET)
    __Vectors_End                            0x080000ec   Data           0  startup_stm32f10x_md.o(RESET)
    __main                                   0x080000ed   Thumb Code     0  entry.o(.ARM.Collect$$$$00000000)
    _main_stk                                0x080000ed   Thumb Code     0  entry2.o(.ARM.Collect$$$$00000001)
    _main_scatterload                        0x080000f1   Thumb Code     0  entry5.o(.ARM.Collect$$$$00000004)
    __main_after_scatterload                 0x080000f5   Thumb Code     0  entry5.o(.ARM.Collect$$$$00000004)
    _main_clock                              0x080000f5   Thumb Code     0  entry7b.o(.ARM.Collect$$$$00000008)
    _main_cpp_init$empty                     0x080000f5   Thumb Code     0  entry8a.o(.ARM.Collect$$$$00000009)
    _main_cpp_init                           0x080000f9   Thumb Code     0  entry8b.o(.ARM.Collect$$$$0000000A)
    _main_init                               0x080000f9   Thumb Code     0  entry9a.o(.ARM.Collect$$$$0000000B)
    __rt_final_cpp                           0x08000101   Thumb Code     0  entry10a.o(.ARM.Collect$$$$0000000D)
    __rt_final_exit                          0x08000101   Thumb Code     0  entry11a.o(.ARM.Collect$$$$0000000F)
    MSR_MSP                                  0x08000105   Thumb Code     6  iap.o(.emb_text)
    main                                     0x0800010d   Thumb Code   140  main.o(.text)
    IAP::cheakSum(unsigned char*, int)       0x08000215   Thumb Code    40  iap.o(.text)
    IAP::SendMsgReply(unsigned char)         0x0800023d   Thumb Code    82  iap.o(.text)
    IAP::SendDataReply(unsigned char, unsigned char) 0x0800028f   Thumb Code    82  iap.o(.text)
    IAP::IAP(USART&, Memory&, Memory&)       0x080002e1   Thumb Code    26  iap.o(.text)
    IAP::IAP__sub_object(USART&, Memory&, Memory&) 0x080002e1   Thumb Code     0  iap.o(.text)
    IAP::EraseFlash()                        0x080002fb   Thumb Code    36  iap.o(.text)
    IAP::Unpacking_msg()                     0x0800031f   Thumb Code   156  iap.o(.text)
    IAP::Unpacking_data()                    0x080003bb   Thumb Code   228  iap.o(.text)
    IAP::UpdataProcedure()                   0x0800049f   Thumb Code    30  iap.o(.text)
    IAP::StartNewProcedure()                 0x080004bd   Thumb Code    46  iap.o(.text)
    IAP::SetUpdataYesOrNo(bool)              0x080004eb   Thumb Code    64  iap.o(.text)
    IAP::GetUpdataUesOrNo()                  0x0800052b   Thumb Code    42  iap.o(.text)
    IAP::cheakBagSum()                       0x08000555   Thumb Code    18  iap.o(.text)
    USART1_IRQHandler                        0x08000571   Thumb Code    18  interrupt.o(.text)
    USART2_IRQHandler                        0x08000583   Thumb Code    18  interrupt.o(.text)
    USART3_IRQHandler                        0x08000595   Thumb Code    18  interrupt.o(.text)
    DMA1_Channel4_IRQHandler                 0x080005a7   Thumb Code    18  interrupt.o(.text)
    DMA1_Channel7_IRQHandler                 0x080005b9   Thumb Code    18  interrupt.o(.text)
    DMA1_Channel2_IRQHandler                 0x080005cb   Thumb Code    18  interrupt.o(.text)
    Memory::Memory(unsigned, bool)           0x080005e9   Thumb Code    22  memory.o(.text)
    Memory::Memory__sub_object(unsigned, bool) 0x080005e9   Thumb Code     0  memory.o(.text)
    Memory::Read(unsigned short, unsigned short, unsigned short*, unsigned short) 0x080005ff   Thumb Code    76  memory.o(.text)
    Memory::Read(unsigned short, unsigned*, unsigned short) 0x0800064b   Thumb Code    70  memory.o(.text)
    Memory::Write(unsigned short, unsigned char*, unsigned short) 0x08000691   Thumb Code   136  memory.o(.text)
    Memory::Write(unsigned short, unsigned short, unsigned short*, unsigned short) 0x08000719   Thumb Code   168  memory.o(.text)
    Memory::Write(unsigned short, unsigned*, unsigned short) 0x080007c1   Thumb Code   138  memory.o(.text)
    Memory::Write(unsigned short, unsigned short, char*) 0x0800084b   Thumb Code   190  memory.o(.text)
    Memory::Read(unsigned short, unsigned short, char*) 0x08000909   Thumb Code   100  memory.o(.text)
    Memory::Clear(unsigned short)            0x0800096d   Thumb Code    40  memory.o(.text)
    fun()                                    0x08000995   Thumb Code     2  usart.o(.text)
    USART::~USART()                          0x08000997   Thumb Code    54  usart.o(.text)
    USART::~USART__sub_object()              0x08000997   Thumb Code     0  usart.o(.text)
    USART::USART(unsigned char, unsigned, bool, unsigned char, unsigned char, unsigned char, unsigned char, unsigned char, unsigned short, unsigned short, unsigned short) 0x080009cd   Thumb Code   870  usart.o(.text)
    USART::USART__sub_object(unsigned char, unsigned, bool, unsigned char, unsigned char, unsigned char, unsigned char, unsigned char, unsigned short, unsigned short, unsigned short) 0x080009cd   Thumb Code     0  usart.o(.text)
    USART::SendData(unsigned char*, unsigned) 0x08000d33   Thumb Code   258  usart.o(.text)
    USART::GetReceivedData(unsigned char*, unsigned short) 0x08000e35   Thumb Code    40  usart.o(.text)
    USART::SetBaudRate(unsigned)             0x08000e5d   Thumb Code   168  usart.o(.text)
    USART::ReceiveBufferSize()               0x08000f05   Thumb Code    14  usart.o(.text)
    USART::ClearReceiveBuffer()              0x08000f13   Thumb Code    14  usart.o(.text)
    USART::ClearSendBuffer()                 0x08000f21   Thumb Code    12  usart.o(.text)
    USART::Irq()                             0x08000f2d   Thumb Code   200  usart.o(.text)
    USART::DmaIrq()                          0x08000ff5   Thumb Code   134  usart.o(.text)
    USART::operator <<(int)                  0x0800107b   Thumb Code    94  usart.o(.text)
    USART::operator <<(double)               0x080010d9   Thumb Code   198  usart.o(.text)
    USART::Setprecision(unsigned char)       0x0800119f   Thumb Code     6  usart.o(.text)
    USART::operator <<(const char*)          0x080011a5   Thumb Code    36  usart.o(.text)
    USART::operator <<(char)                 0x080011c9   Thumb Code    18  usart.o(.text)
    USART::UseDma()                          0x080011db   Thumb Code     8  usart.o(.text)
    SysTick_Handler                          0x080011f9   Thumb Code    20  taskmanager.o(.text)
    TaskManager::TaskManager()               0x0800120d   Thumb Code    32  taskmanager.o(.text)
    TaskManager::TaskManager__sub_object()   0x0800120d   Thumb Code     0  taskmanager.o(.text)
    TaskManager::Time()                      0x0800122d   Thumb Code   110  taskmanager.o(.text)
    TaskManager::DelayUs(unsigned short)     0x0800129b   Thumb Code    70  taskmanager.o(.text)
    TaskManager::DelayMs(unsigned short)     0x080012e1   Thumb Code    70  taskmanager.o(.text)
    TaskManager::DelayS(unsigned short)      0x08001327   Thumb Code    60  taskmanager.o(.text)
    TaskManager::ClockTool(double&, double)  0x08001363   Thumb Code    62  taskmanager.o(.text)
    NVIC_PriorityGroupConfig                 0x080013dd   Thumb Code    10  misc.o(.text)
    NVIC_Init                                0x080013e7   Thumb Code   100  misc.o(.text)
    NVIC_SetVectorTable                      0x0800144b   Thumb Code    14  misc.o(.text)
    NVIC_SystemLPConfig                      0x08001459   Thumb Code    34  misc.o(.text)
    SysTick_CLKSourceConfig                  0x0800147b   Thumb Code    40  misc.o(.text)
    DMA_DeInit                               0x080014b9   Thumb Code   324  stm32f10x_dma.o(.text)
    DMA_Init                                 0x080015fd   Thumb Code    60  stm32f10x_dma.o(.text)
    DMA_StructInit                           0x08001639   Thumb Code    26  stm32f10x_dma.o(.text)
    DMA_Cmd                                  0x08001653   Thumb Code    24  stm32f10x_dma.o(.text)
    DMA_ITConfig                             0x0800166b   Thumb Code    18  stm32f10x_dma.o(.text)
    DMA_SetCurrDataCounter                   0x0800167d   Thumb Code     4  stm32f10x_dma.o(.text)
    DMA_GetCurrDataCounter                   0x08001681   Thumb Code     8  stm32f10x_dma.o(.text)
    DMA_GetFlagStatus                        0x08001689   Thumb Code    40  stm32f10x_dma.o(.text)
    DMA_ClearFlag                            0x080016b1   Thumb Code    22  stm32f10x_dma.o(.text)
    DMA_GetITStatus                          0x080016c7   Thumb Code    40  stm32f10x_dma.o(.text)
    DMA_ClearITPendingBit                    0x080016ef   Thumb Code    22  stm32f10x_dma.o(.text)
    FLASH_SetLatency                         0x0800170d   Thumb Code    18  stm32f10x_flash.o(.text)
    FLASH_HalfCycleAccessCmd                 0x0800171f   Thumb Code    22  stm32f10x_flash.o(.text)
    FLASH_PrefetchBufferCmd                  0x08001735   Thumb Code    22  stm32f10x_flash.o(.text)
    FLASH_Unlock                             0x0800174b   Thumb Code    12  stm32f10x_flash.o(.text)
    FLASH_UnlockBank1                        0x08001757   Thumb Code    12  stm32f10x_flash.o(.text)
    FLASH_Lock                               0x08001763   Thumb Code    14  stm32f10x_flash.o(.text)
    FLASH_LockBank1                          0x08001771   Thumb Code    14  stm32f10x_flash.o(.text)
    FLASH_GetBank1Status                     0x0800177f   Thumb Code    48  stm32f10x_flash.o(.text)
    FLASH_WaitForLastOperation               0x080017af   Thumb Code    38  stm32f10x_flash.o(.text)
    FLASH_ErasePage                          0x080017d5   Thumb Code    72  stm32f10x_flash.o(.text)
    FLASH_EraseAllPages                      0x0800181d   Thumb Code    68  stm32f10x_flash.o(.text)
    FLASH_WaitForLastBank1Operation          0x08001861   Thumb Code    38  stm32f10x_flash.o(.text)
    FLASH_EraseAllBank1Pages                 0x08001887   Thumb Code    68  stm32f10x_flash.o(.text)
    FLASH_GetReadOutProtectionStatus         0x080018cb   Thumb Code    20  stm32f10x_flash.o(.text)
    FLASH_EraseOptionBytes                   0x080018df   Thumb Code   150  stm32f10x_flash.o(.text)
    FLASH_ProgramWord                        0x08001975   Thumb Code   102  stm32f10x_flash.o(.text)
    FLASH_ProgramHalfWord                    0x080019db   Thumb Code    60  stm32f10x_flash.o(.text)
    FLASH_ProgramOptionByteData              0x08001a17   Thumb Code    72  stm32f10x_flash.o(.text)
    FLASH_EnableWriteProtection              0x08001a5f   Thumb Code   200  stm32f10x_flash.o(.text)
    FLASH_ReadOutProtection                  0x08001b27   Thumb Code   156  stm32f10x_flash.o(.text)
    FLASH_UserOptionByteConfig               0x08001bc3   Thumb Code    88  stm32f10x_flash.o(.text)
    FLASH_GetUserOptionByte                  0x08001c1b   Thumb Code     8  stm32f10x_flash.o(.text)
    FLASH_GetWriteProtectionOptionByte       0x08001c23   Thumb Code     6  stm32f10x_flash.o(.text)
    FLASH_GetPrefetchBufferStatus            0x08001c29   Thumb Code    20  stm32f10x_flash.o(.text)
    FLASH_ITConfig                           0x08001c3d   Thumb Code    26  stm32f10x_flash.o(.text)
    FLASH_GetFlagStatus                      0x08001c57   Thumb Code    42  stm32f10x_flash.o(.text)
    FLASH_ClearFlag                          0x08001c81   Thumb Code     6  stm32f10x_flash.o(.text)
    FLASH_GetStatus                          0x08001c87   Thumb Code    48  stm32f10x_flash.o(.text)
    GPIO_DeInit                              0x08001cc9   Thumb Code   172  stm32f10x_gpio.o(.text)
    GPIO_AFIODeInit                          0x08001d75   Thumb Code    20  stm32f10x_gpio.o(.text)
    GPIO_Init                                0x08001d89   Thumb Code   278  stm32f10x_gpio.o(.text)
    GPIO_StructInit                          0x08001e9f   Thumb Code    16  stm32f10x_gpio.o(.text)
    GPIO_ReadInputDataBit                    0x08001eaf   Thumb Code    18  stm32f10x_gpio.o(.text)
    GPIO_ReadInputData                       0x08001ec1   Thumb Code     8  stm32f10x_gpio.o(.text)
    GPIO_ReadOutputDataBit                   0x08001ec9   Thumb Code    18  stm32f10x_gpio.o(.text)
    GPIO_ReadOutputData                      0x08001edb   Thumb Code     8  stm32f10x_gpio.o(.text)
    GPIO_SetBits                             0x08001ee3   Thumb Code     4  stm32f10x_gpio.o(.text)
    GPIO_ResetBits                           0x08001ee7   Thumb Code     4  stm32f10x_gpio.o(.text)
    GPIO_WriteBit                            0x08001eeb   Thumb Code    10  stm32f10x_gpio.o(.text)
    GPIO_Write                               0x08001ef5   Thumb Code     4  stm32f10x_gpio.o(.text)
    GPIO_PinLockConfig                       0x08001ef9   Thumb Code    18  stm32f10x_gpio.o(.text)
    GPIO_EventOutputConfig                   0x08001f0b   Thumb Code    26  stm32f10x_gpio.o(.text)
    GPIO_EventOutputCmd                      0x08001f25   Thumb Code     6  stm32f10x_gpio.o(.text)
    GPIO_PinRemapConfig                      0x08001f2b   Thumb Code   138  stm32f10x_gpio.o(.text)
    GPIO_EXTILineConfig                      0x08001fb5   Thumb Code    66  stm32f10x_gpio.o(.text)
    GPIO_ETH_MediaInterfaceConfig            0x08001ff7   Thumb Code     8  stm32f10x_gpio.o(.text)
    RCC_DeInit                               0x08002025   Thumb Code    64  stm32f10x_rcc.o(.text)
    RCC_HSEConfig                            0x08002065   Thumb Code    70  stm32f10x_rcc.o(.text)
    RCC_GetFlagStatus                        0x080020ab   Thumb Code    56  stm32f10x_rcc.o(.text)
    RCC_WaitForHSEStartUp                    0x080020e3   Thumb Code    56  stm32f10x_rcc.o(.text)
    RCC_AdjustHSICalibrationValue            0x0800211b   Thumb Code    20  stm32f10x_rcc.o(.text)
    RCC_HSICmd                               0x0800212f   Thumb Code     6  stm32f10x_rcc.o(.text)
    RCC_PLLConfig                            0x08002135   Thumb Code    24  stm32f10x_rcc.o(.text)
    RCC_PLLCmd                               0x0800214d   Thumb Code     6  stm32f10x_rcc.o(.text)
    RCC_SYSCLKConfig                         0x08002153   Thumb Code    18  stm32f10x_rcc.o(.text)
    RCC_GetSYSCLKSource                      0x08002165   Thumb Code    10  stm32f10x_rcc.o(.text)
    RCC_HCLKConfig                           0x0800216f   Thumb Code    18  stm32f10x_rcc.o(.text)
    RCC_PCLK1Config                          0x08002181   Thumb Code    18  stm32f10x_rcc.o(.text)
    RCC_PCLK2Config                          0x08002193   Thumb Code    20  stm32f10x_rcc.o(.text)
    RCC_ITConfig                             0x080021a7   Thumb Code    26  stm32f10x_rcc.o(.text)
    RCC_USBCLKConfig                         0x080021c1   Thumb Code     8  stm32f10x_rcc.o(.text)
    RCC_ADCCLKConfig                         0x080021c9   Thumb Code    18  stm32f10x_rcc.o(.text)
    RCC_LSEConfig                            0x080021db   Thumb Code    50  stm32f10x_rcc.o(.text)
    RCC_LSICmd                               0x0800220d   Thumb Code     6  stm32f10x_rcc.o(.text)
    RCC_RTCCLKConfig                         0x08002213   Thumb Code    12  stm32f10x_rcc.o(.text)
    RCC_RTCCLKCmd                            0x0800221f   Thumb Code     8  stm32f10x_rcc.o(.text)
    RCC_GetClocksFreq                        0x08002227   Thumb Code   192  stm32f10x_rcc.o(.text)
    RCC_AHBPeriphClockCmd                    0x080022e7   Thumb Code    26  stm32f10x_rcc.o(.text)
    RCC_APB2PeriphClockCmd                   0x08002301   Thumb Code    26  stm32f10x_rcc.o(.text)
    RCC_APB1PeriphClockCmd                   0x0800231b   Thumb Code    26  stm32f10x_rcc.o(.text)
    RCC_APB2PeriphResetCmd                   0x08002335   Thumb Code    26  stm32f10x_rcc.o(.text)
    RCC_APB1PeriphResetCmd                   0x0800234f   Thumb Code    26  stm32f10x_rcc.o(.text)
    RCC_BackupResetCmd                       0x08002369   Thumb Code     8  stm32f10x_rcc.o(.text)
    RCC_ClockSecuritySystemCmd               0x08002371   Thumb Code     6  stm32f10x_rcc.o(.text)
    RCC_MCOConfig                            0x08002377   Thumb Code     6  stm32f10x_rcc.o(.text)
    RCC_ClearFlag                            0x0800237d   Thumb Code    14  stm32f10x_rcc.o(.text)
    RCC_GetITStatus                          0x0800238b   Thumb Code    20  stm32f10x_rcc.o(.text)
    RCC_ClearITPendingBit                    0x0800239f   Thumb Code     6  stm32f10x_rcc.o(.text)
    USART_DeInit                             0x080023c9   Thumb Code   134  stm32f10x_usart.o(.text)
    USART_Init                               0x0800244f   Thumb Code   210  stm32f10x_usart.o(.text)
    USART_StructInit                         0x08002521   Thumb Code    24  stm32f10x_usart.o(.text)
    USART_ClockInit                          0x08002539   Thumb Code    34  stm32f10x_usart.o(.text)
    USART_ClockStructInit                    0x0800255b   Thumb Code    12  stm32f10x_usart.o(.text)
    USART_Cmd                                0x08002567   Thumb Code    24  stm32f10x_usart.o(.text)
    USART_ITConfig                           0x0800257f   Thumb Code    74  stm32f10x_usart.o(.text)
    USART_DMACmd                             0x080025c9   Thumb Code    18  stm32f10x_usart.o(.text)
    USART_SetAddress                         0x080025db   Thumb Code    18  stm32f10x_usart.o(.text)
    USART_WakeUpConfig                       0x080025ed   Thumb Code    18  stm32f10x_usart.o(.text)
    USART_ReceiverWakeUpCmd                  0x080025ff   Thumb Code    24  stm32f10x_usart.o(.text)
    USART_LINBreakDetectLengthConfig         0x08002617   Thumb Code    18  stm32f10x_usart.o(.text)
    USART_LINCmd                             0x08002629   Thumb Code    24  stm32f10x_usart.o(.text)
    USART_SendData                           0x08002641   Thumb Code     8  stm32f10x_usart.o(.text)
    USART_ReceiveData                        0x08002649   Thumb Code    10  stm32f10x_usart.o(.text)
    USART_SendBreak                          0x08002653   Thumb Code    10  stm32f10x_usart.o(.text)
    USART_SetGuardTime                       0x0800265d   Thumb Code    16  stm32f10x_usart.o(.text)
    USART_SetPrescaler                       0x0800266d   Thumb Code    16  stm32f10x_usart.o(.text)
    USART_SmartCardCmd                       0x0800267d   Thumb Code    24  stm32f10x_usart.o(.text)
    USART_SmartCardNACKCmd                   0x08002695   Thumb Code    24  stm32f10x_usart.o(.text)
    USART_HalfDuplexCmd                      0x080026ad   Thumb Code    24  stm32f10x_usart.o(.text)
    USART_OverSampling8Cmd                   0x080026c5   Thumb Code    22  stm32f10x_usart.o(.text)
    USART_OneBitMethodCmd                    0x080026db   Thumb Code    24  stm32f10x_usart.o(.text)
    USART_IrDAConfig                         0x080026f3   Thumb Code    18  stm32f10x_usart.o(.text)
    USART_IrDACmd                            0x08002705   Thumb Code    24  stm32f10x_usart.o(.text)
    USART_GetFlagStatus                      0x0800271d   Thumb Code    26  stm32f10x_usart.o(.text)
    USART_ClearFlag                          0x08002737   Thumb Code    18  stm32f10x_usart.o(.text)
    USART_GetITStatus                        0x08002749   Thumb Code    84  stm32f10x_usart.o(.text)
    USART_ClearITPendingBit                  0x0800279d   Thumb Code    52  stm32f10x_usart.o(.text)
    Reset_Handler                            0x080027d1   Thumb Code     8  startup_stm32f10x_md.o(.text)
    NMI_Handler                              0x080027d9   Thumb Code     2  startup_stm32f10x_md.o(.text)
    HardFault_Handler                        0x080027db   Thumb Code     2  startup_stm32f10x_md.o(.text)
    MemManage_Handler                        0x080027dd   Thumb Code     2  startup_stm32f10x_md.o(.text)
    BusFault_Handler                         0x080027df   Thumb Code     2  startup_stm32f10x_md.o(.text)
    UsageFault_Handler                       0x080027e1   Thumb Code     2  startup_stm32f10x_md.o(.text)
    SVC_Handler                              0x080027e3   Thumb Code     2  startup_stm32f10x_md.o(.text)
    DebugMon_Handler                         0x080027e5   Thumb Code     2  startup_stm32f10x_md.o(.text)
    PendSV_Handler                           0x080027e7   Thumb Code     2  startup_stm32f10x_md.o(.text)
    ADC1_2_IRQHandler                        0x080027eb   Thumb Code     0  startup_stm32f10x_md.o(.text)
    CAN1_RX1_IRQHandler                      0x080027eb   Thumb Code     0  startup_stm32f10x_md.o(.text)
    CAN1_SCE_IRQHandler                      0x080027eb   Thumb Code     0  startup_stm32f10x_md.o(.text)
    DMA1_Channel1_IRQHandler                 0x080027eb   Thumb Code     0  startup_stm32f10x_md.o(.text)
    DMA1_Channel3_IRQHandler                 0x080027eb   Thumb Code     0  startup_stm32f10x_md.o(.text)
    DMA1_Channel5_IRQHandler                 0x080027eb   Thumb Code     0  startup_stm32f10x_md.o(.text)
    DMA1_Channel6_IRQHandler                 0x080027eb   Thumb Code     0  startup_stm32f10x_md.o(.text)
    EXTI0_IRQHandler                         0x080027eb   Thumb Code     0  startup_stm32f10x_md.o(.text)
    EXTI15_10_IRQHandler                     0x080027eb   Thumb Code     0  startup_stm32f10x_md.o(.text)
    EXTI1_IRQHandler                         0x080027eb   Thumb Code     0  startup_stm32f10x_md.o(.text)
    EXTI2_IRQHandler                         0x080027eb   Thumb Code     0  startup_stm32f10x_md.o(.text)
    EXTI3_IRQHandler                         0x080027eb   Thumb Code     0  startup_stm32f10x_md.o(.text)
    EXTI4_IRQHandler                         0x080027eb   Thumb Code     0  startup_stm32f10x_md.o(.text)
    EXTI9_5_IRQHandler                       0x080027eb   Thumb Code     0  startup_stm32f10x_md.o(.text)
    FLASH_IRQHandler                         0x080027eb   Thumb Code     0  startup_stm32f10x_md.o(.text)
    I2C1_ER_IRQHandler                       0x080027eb   Thumb Code     0  startup_stm32f10x_md.o(.text)
    I2C1_EV_IRQHandler                       0x080027eb   Thumb Code     0  startup_stm32f10x_md.o(.text)
    I2C2_ER_IRQHandler                       0x080027eb   Thumb Code     0  startup_stm32f10x_md.o(.text)
    I2C2_EV_IRQHandler                       0x080027eb   Thumb Code     0  startup_stm32f10x_md.o(.text)
    PVD_IRQHandler                           0x080027eb   Thumb Code     0  startup_stm32f10x_md.o(.text)
    RCC_IRQHandler                           0x080027eb   Thumb Code     0  startup_stm32f10x_md.o(.text)
    RTCAlarm_IRQHandler                      0x080027eb   Thumb Code     0  startup_stm32f10x_md.o(.text)
    RTC_IRQHandler                           0x080027eb   Thumb Code     0  startup_stm32f10x_md.o(.text)
    SPI1_IRQHandler                          0x080027eb   Thumb Code     0  startup_stm32f10x_md.o(.text)
    SPI2_IRQHandler                          0x080027eb   Thumb Code     0  startup_stm32f10x_md.o(.text)
    TAMPER_IRQHandler                        0x080027eb   Thumb Code     0  startup_stm32f10x_md.o(.text)
    TIM1_BRK_IRQHandler                      0x080027eb   Thumb Code     0  startup_stm32f10x_md.o(.text)
    TIM1_CC_IRQHandler                       0x080027eb   Thumb Code     0  startup_stm32f10x_md.o(.text)
    TIM1_TRG_COM_IRQHandler                  0x080027eb   Thumb Code     0  startup_stm32f10x_md.o(.text)
    TIM1_UP_IRQHandler                       0x080027eb   Thumb Code     0  startup_stm32f10x_md.o(.text)
    TIM2_IRQHandler                          0x080027eb   Thumb Code     0  startup_stm32f10x_md.o(.text)
    TIM3_IRQHandler                          0x080027eb   Thumb Code     0  startup_stm32f10x_md.o(.text)
    TIM4_IRQHandler                          0x080027eb   Thumb Code     0  startup_stm32f10x_md.o(.text)
    USBWakeUp_IRQHandler                     0x080027eb   Thumb Code     0  startup_stm32f10x_md.o(.text)
    USB_HP_CAN1_TX_IRQHandler                0x080027eb   Thumb Code     0  startup_stm32f10x_md.o(.text)
    USB_LP_CAN1_RX0_IRQHandler               0x080027eb   Thumb Code     0  startup_stm32f10x_md.o(.text)
    WWDG_IRQHandler                          0x080027eb   Thumb Code     0  startup_stm32f10x_md.o(.text)
    SystemInit                               0x080028d3   Thumb Code    78  system_stm32f10x.o(.text)
    SystemCoreClockUpdate                    0x08002921   Thumb Code   142  system_stm32f10x.o(.text)
    __cpp_initialize__aeabi_                 0x080029d5   Thumb Code    22  cpp_init.o(.text)
    __aeabi_dadd                             0x080029f5   Thumb Code   322  dadd.o(.text)
    __aeabi_dsub                             0x08002b37   Thumb Code     6  dadd.o(.text)
    __aeabi_drsub                            0x08002b3d   Thumb Code     6  dadd.o(.text)
    __aeabi_dmul                             0x08002b43   Thumb Code   228  dmul.o(.text)
    __aeabi_ddiv                             0x08002c27   Thumb Code   222  ddiv.o(.text)
    __aeabi_ui2d                             0x08002d05   Thumb Code    26  dfltui.o(.text)
    __aeabi_d2uiz                            0x08002d1f   Thumb Code    50  dfixui.o(.text)
    __aeabi_cdcmpeq                          0x08002d51   Thumb Code     0  cdcmple.o(.text)
    __aeabi_cdcmple                          0x08002d51   Thumb Code    48  cdcmple.o(.text)
    __aeabi_cdrcmple                         0x08002d81   Thumb Code    48  cdrcmple.o(.text)
    __aeabi_llsl                             0x08002db1   Thumb Code    30  llshl.o(.text)
    _ll_shift_l                              0x08002db1   Thumb Code     0  llshl.o(.text)
    __aeabi_llsr                             0x08002dcf   Thumb Code    32  llushr.o(.text)
    _ll_ushift_r                             0x08002dcf   Thumb Code     0  llushr.o(.text)
    __aeabi_lasr                             0x08002def   Thumb Code    36  llsshr.o(.text)
    _ll_sshift_r                             0x08002def   Thumb Code     0  llsshr.o(.text)
    __I$use$fp                               0x08002e13   Thumb Code     0  iusefp.o(.text)
    __rt_ddtor_pointer_addr                  0x08002e15   Thumb Code     4  cpp_dtor.o(.text)
    __rt_lib_shutdown_cpp_1                  0x08002e1d   Thumb Code     2  cpp_final.o(.text)
    _double_round                            0x08002e1f   Thumb Code    30  depilogue.o(.text)
    _double_epilogue                         0x08002e3d   Thumb Code   156  depilogue.o(.text)
    __scatterload                            0x08002ed9   Thumb Code    28  init.o(.text)
    __scatterload_rt2                        0x08002ed9   Thumb Code     0  init.o(.text)
    __aeabi_atexit                           0x08002efd   Thumb Code    50  aeabi_atexit.o(i.__aeabi_atexit)
    __cxa_finalize                           0x08002f2f   Thumb Code    66  cxa_finalize.o(i.__cxa_finalize)
    __scatterload_copy                       0x08002f71   Thumb Code    14  handlers.o(i.__scatterload_copy)
    __scatterload_null                       0x08002f7f   Thumb Code     2  handlers.o(i.__scatterload_null)
    __scatterload_zeroinit                   0x08002f81   Thumb Code    14  handlers.o(i.__scatterload_zeroinit)
    free                                     0x08002f91   Thumb Code    76  malloc.o(i.free)
    malloc                                   0x08002fe1   Thumb Code    92  malloc.o(i.malloc)
    FIFOBuffer<unsigned char, (unsigned short)50>::Get(unsigned char&) 0x0800304d   Thumb Code    48  usart.o(t._ZN10FIFOBufferIhLt50EE3GetERh)
    FIFOBuffer<unsigned char, (unsigned short)50>::Put(const unsigned char&) 0x0800307d   Thumb Code    52  usart.o(t._ZN10FIFOBufferIhLt50EE3PutERKh)
    FIFOBuffer<unsigned char, (unsigned short)50>::Gets(unsigned char*, unsigned short) 0x080030b1   Thumb Code    62  usart.o(t._ZN10FIFOBufferIhLt50EE4GetsEPht)
    FIFOBuffer<unsigned char, (unsigned short)50>::Puts(unsigned char*, unsigned short) 0x080030ef   Thumb Code    66  usart.o(t._ZN10FIFOBufferIhLt50EE4PutsEPht)
    FIFOBuffer<unsigned char, (unsigned short)50>::Size() 0x08003131   Thumb Code     6  usart.o(t._ZN10FIFOBufferIhLt50EE4SizeEv)
    FIFOBuffer<unsigned char, (unsigned short)50>::Clear() 0x08003137   Thumb Code    10  usart.o(t._ZN10FIFOBufferIhLt50EE5ClearEv)
    FIFOBuffer<unsigned char, (unsigned short)50>::FIFOBuffer() 0x08003141   Thumb Code    14  usart.o(t._ZN10FIFOBufferIhLt50EEC1Ev)
    FIFOBuffer<unsigned char, (unsigned short)50>::FIFOBuffer__sub_object() 0x08003141   Thumb Code     0  usart.o(t._ZN10FIFOBufferIhLt50EEC1Ev)
    Region$$Table$$Base                      0x08003150   Number         0  anon$$obj.o(Region$$Table)
    Region$$Table$$Limit                     0x08003170   Number         0  anon$$obj.o(Region$$Table)
    SHT$$INIT_ARRAY$$Base                    0x08003170   Number         0  main.o(.init_array)
    SHT$$INIT_ARRAY$$Limit                   0x08003178   Number         0  cpp_init.o(.init_array)
    procedure                                0x20000000   Data           8  main.o(.data)
    updata_switch                            0x20000008   Data           8  main.o(.data)
    pUSART1                                  0x20000010   Data           4  interrupt.o(.data)
    pUSART2                                  0x20000014   Data           4  interrupt.o(.data)
    pUSART3                                  0x20000018   Data           4  interrupt.o(.data)
    tskmgr                                   0x20000020   Data           1  taskmanager.o(.data)
    TaskManager::_new_time                   0x20000028   Data           8  taskmanager.o(.data)
    TaskManager::_old_time                   0x20000030   Data           8  taskmanager.o(.data)
    TaskManager::_it_time                    0x20000038   Data           8  taskmanager.o(.data)
    SystemCoreClock                          0x20000054   Data           4  system_stm32f10x.o(.data)
    AHBPrescTable                            0x20000058   Data          16  system_stm32f10x.o(.data)
    __microlib_freelist                      0x2000006c   Data           4  mvars.o(.data)
    __microlib_freelist_initialised          0x20000070   Data           4  mvars.o(.data)
    com                                      0x20000074   Data         156  main.o(.bss)
    BootLoader                               0x20000110   Data        1048  main.o(.bss)
    __heap_base                              0x20000528   Data           0  startup_stm32f10x_md.o(HEAP)
    __heap_limit                             0x20000728   Data           0  startup_stm32f10x_md.o(HEAP)
    __initial_sp                             0x20000b28   Data           0  startup_stm32f10x_md.o(STACK)



==============================================================================

Memory Map of the image

  Image Entry point : 0x080000ed

  Load Region LR_IROM1 (Base: 0x08000000, Size: 0x000031ec, Max: 0x00010000, ABSOLUTE)

    Execution Region ER_IROM1 (Base: 0x08000000, Size: 0x00003178, Max: 0x00010000, ABSOLUTE)

    Base Addr    Size         Type   Attr      Idx    E Section Name        Object

    0x08000000   0x000000ec   Data   RO          514    RESET               startup_stm32f10x_md.o
    0x080000ec   0x00000000   Code   RO          552  * .ARM.Collect$$$$00000000  mc_w.l(entry.o)
    0x080000ec   0x00000004   Code   RO          577    .ARM.Collect$$$$00000001  mc_w.l(entry2.o)
    0x080000f0   0x00000004   Code   RO          580    .ARM.Collect$$$$00000004  mc_w.l(entry5.o)
    0x080000f4   0x00000000   Code   RO          582    .ARM.Collect$$$$00000008  mc_w.l(entry7b.o)
    0x080000f4   0x00000004   Code   RO          583    .ARM.Collect$$$$00000009  mc_w.l(entry8a.o)
    0x080000f8   0x00000000   Code   RO          584    .ARM.Collect$$$$0000000A  mc_w.l(entry8b.o)
    0x080000f8   0x00000008   Code   RO          585    .ARM.Collect$$$$0000000B  mc_w.l(entry9a.o)
    0x08000100   0x00000000   Code   RO          587    .ARM.Collect$$$$0000000D  mc_w.l(entry10a.o)
    0x08000100   0x00000000   Code   RO          589    .ARM.Collect$$$$0000000F  mc_w.l(entry11a.o)
    0x08000100   0x00000004   Code   RO          578    .ARM.Collect$$$$00002712  mc_w.l(entry2.o)
    0x08000104   0x00000006   Code   RO          102    .emb_text           iap.o
    0x0800010a   0x00000002   PAD
    0x0800010c   0x00000108   Code   RO            4    .text               main.o
    0x08000214   0x0000035c   Code   RO          103    .text               iap.o
    0x08000570   0x00000078   Code   RO          130    .text               interrupt.o
    0x080005e8   0x000003ac   Code   RO          161    .text               memory.o
    0x08000994   0x00000864   Code   RO          185    .text               usart.o
    0x080011f8   0x000001e4   Code   RO          260    .text               taskmanager.o
    0x080013dc   0x000000dc   Code   RO          324    .text               misc.o
    0x080014b8   0x00000254   Code   RO          393    .text               stm32f10x_dma.o
    0x0800170c   0x000005bc   Code   RO          417    .text               stm32f10x_flash.o
    0x08001cc8   0x0000035c   Code   RO          441    .text               stm32f10x_gpio.o
    0x08002024   0x000003a4   Code   RO          465    .text               stm32f10x_rcc.o
    0x080023c8   0x00000408   Code   RO          491    .text               stm32f10x_usart.o
    0x080027d0   0x00000024   Code   RO          515    .text               startup_stm32f10x_md.o
    0x080027f4   0x000001e0   Code   RO          522    .text               system_stm32f10x.o
    0x080029d4   0x00000020   Code   RO          558    .text               mc_w.l(cpp_init.o)
    0x080029f4   0x0000014e   Code   RO          560    .text               mf_w.l(dadd.o)
    0x08002b42   0x000000e4   Code   RO          562    .text               mf_w.l(dmul.o)
    0x08002c26   0x000000de   Code   RO          564    .text               mf_w.l(ddiv.o)
    0x08002d04   0x0000001a   Code   RO          566    .text               mf_w.l(dfltui.o)
    0x08002d1e   0x00000032   Code   RO          568    .text               mf_w.l(dfixui.o)
    0x08002d50   0x00000030   Code   RO          570    .text               mf_w.l(cdcmple.o)
    0x08002d80   0x00000030   Code   RO          572    .text               mf_w.l(cdrcmple.o)
    0x08002db0   0x0000001e   Code   RO          591    .text               mc_w.l(llshl.o)
    0x08002dce   0x00000020   Code   RO          593    .text               mc_w.l(llushr.o)
    0x08002dee   0x00000024   Code   RO          595    .text               mc_w.l(llsshr.o)
    0x08002e12   0x00000000   Code   RO          625    .text               mc_w.l(iusefp.o)
    0x08002e12   0x00000002   PAD
    0x08002e14   0x00000008   Code   RO          626    .text               mc_w.l(cpp_dtor.o)
    0x08002e1c   0x00000002   Code   RO          629    .text               mc_w.l(cpp_final.o)
    0x08002e1e   0x000000ba   Code   RO          631    .text               mf_w.l(depilogue.o)
    0x08002ed8   0x00000024   Code   RO          633    .text               mc_w.l(init.o)
    0x08002efc   0x00000032   Code   RO          549    i.__aeabi_atexit    cpprt_w.l(aeabi_atexit.o)
    0x08002f2e   0x00000042   Code   RO          574    i.__cxa_finalize    cpprt_w.l(cxa_finalize.o)
    0x08002f70   0x0000000e   Code   RO          643    i.__scatterload_copy  mc_w.l(handlers.o)
    0x08002f7e   0x00000002   Code   RO          644    i.__scatterload_null  mc_w.l(handlers.o)
    0x08002f80   0x0000000e   Code   RO          645    i.__scatterload_zeroinit  mc_w.l(handlers.o)
    0x08002f8e   0x00000002   PAD
    0x08002f90   0x00000050   Code   RO          597    i.free              mc_w.l(malloc.o)
    0x08002fe0   0x0000006c   Code   RO          598    i.malloc            mc_w.l(malloc.o)
    0x0800304c   0x00000030   Code   RO          217    t._ZN10FIFOBufferIhLt50EE3GetERh  usart.o
    0x0800307c   0x00000034   Code   RO          211    t._ZN10FIFOBufferIhLt50EE3PutERKh  usart.o
    0x080030b0   0x0000003e   Code   RO          229    t._ZN10FIFOBufferIhLt50EE4GetsEPht  usart.o
    0x080030ee   0x00000042   Code   RO          223    t._ZN10FIFOBufferIhLt50EE4PutsEPht  usart.o
    0x08003130   0x00000006   Code   RO          235    t._ZN10FIFOBufferIhLt50EE4SizeEv  usart.o
    0x08003136   0x0000000a   Code   RO          241    t._ZN10FIFOBufferIhLt50EE5ClearEv  usart.o
    0x08003140   0x0000000e   Code   RO          205    t._ZN10FIFOBufferIhLt50EEC1Ev  usart.o
    0x0800314e   0x00000002   PAD
    0x08003150   0x00000020   Data   RO          641    Region$$Table       anon$$obj.o
    0x08003170   0x00000004   Data   RO            8    .init_array         main.o
    0x08003174   0x00000004   Data   RO          263    .init_array         taskmanager.o
    0x08003178   0x00000000   Data   RO          556    .init_array         mc_w.l(cpp_init.o)


    Execution Region RW_IRAM1 (Base: 0x20000000, Size: 0x00000b28, Max: 0x00005000, ABSOLUTE)

    Base Addr    Size         Type   Attr      Idx    E Section Name        Object

    0x20000000   0x00000010   Data   RW            7    .data               main.o
    0x20000010   0x0000000c   Data   RW          132    .data               interrupt.o
    0x2000001c   0x00000003   Data   RW          187    .data               usart.o
    0x2000001f   0x00000001   PAD
    0x20000020   0x00000020   Data   RW          262    .data               taskmanager.o
    0x20000040   0x00000014   Data   RW          466    .data               stm32f10x_rcc.o
    0x20000054   0x00000014   Data   RW          523    .data               system_stm32f10x.o
    0x20000068   0x00000004   Data   RW          627    .data               mc_w.l(cpp_dtor.o)
    0x2000006c   0x00000004   Data   RW          639    .data               mc_w.l(mvars.o)
    0x20000070   0x00000004   Data   RW          640    .data               mc_w.l(mvars.o)
    0x20000074   0x000004b4   Zero   RW            6    .bss                main.o
    0x20000528   0x00000200   Zero   RW          513    HEAP                startup_stm32f10x_md.o
    0x20000728   0x00000400   Zero   RW          512    STACK               startup_stm32f10x_md.o


==============================================================================

Image component sizes


      Code (inc. data)   RO Data    RW Data    ZI Data      Debug   Object Name

       866         10          0          0          0       4436   iap.o
       120         12          0         12          0       1761   interrupt.o
       264         32          4         16       1204     246780   main.o
       940          0          0          0          0       4268   memory.o
       220         22          0          0          0     249725   misc.o
        36          8        236          0       1536        828   startup_stm32f10x_md.o
       596          8          0          0          0       4430   stm32f10x_dma.o
      1468         34          0          0          0       8130   stm32f10x_flash.o
       860         38          0          0          0       5745   stm32f10x_gpio.o
       932         36          0         20          0       8900   stm32f10x_rcc.o
      1032         22          0          0          0       8472   stm32f10x_usart.o
       480         38          0         20          0       1915   system_stm32f10x.o
       484         50          4         32          0       2711   taskmanager.o
      2406         70          0          3          0      10166   usart.o

    ----------------------------------------------------------------------
     10708        380        276        104       2740     558267   Object Totals
         0          0         32          0          0          0   (incl. Generated)
         4          0          0          1          0          0   (incl. Padding)

    ----------------------------------------------------------------------

      Code (inc. data)   RO Data    RW Data    ZI Data      Debug   Library Member Name

        50          0          0          0          0         84   aeabi_atexit.o
        66          0          0          0          0         84   cxa_finalize.o
         8          4          0          4          0         68   cpp_dtor.o
         2          0          0          0          0         68   cpp_final.o
        32         10          0          0          0         80   cpp_init.o
         0          0          0          0          0          0   entry.o
         0          0          0          0          0          0   entry10a.o
         0          0          0          0          0          0   entry11a.o
         8          4          0          0          0          0   entry2.o
         4          0          0          0          0          0   entry5.o
         0          0          0          0          0          0   entry7b.o
         4          0          0          0          0          0   entry8a.o
         0          0          0          0          0          0   entry8b.o
         8          4          0          0          0          0   entry9a.o
        30          0          0          0          0          0   handlers.o
        36          8          0          0          0         68   init.o
         0          0          0          0          0          0   iusefp.o
        30          0          0          0          0         68   llshl.o
        36          0          0          0          0         68   llsshr.o
        32          0          0          0          0         68   llushr.o
       188         20          0          0          0        160   malloc.o
         0          0          0          8          0          0   mvars.o
        48          0          0          0          0         68   cdcmple.o
        48          0          0          0          0         68   cdrcmple.o
       334          0          0          0          0        148   dadd.o
       222          0          0          0          0        100   ddiv.o
       186          0          0          0          0        176   depilogue.o
        50          0          0          0          0         76   dfixui.o
        26          0          0          0          0         76   dfltui.o
       228          0          0          0          0         96   dmul.o

    ----------------------------------------------------------------------
      1680         50          0         12          0       1624   Library Totals
         4          0          0          0          0          0   (incl. Padding)

    ----------------------------------------------------------------------

      Code (inc. data)   RO Data    RW Data    ZI Data      Debug   Library Name

       116          0          0          0          0        168   cpprt_w.l
       418         50          0         12          0        648   mc_w.l
      1142          0          0          0          0        808   mf_w.l

    ----------------------------------------------------------------------
      1680         50          0         12          0       1624   Library Totals

    ----------------------------------------------------------------------

==============================================================================


      Code (inc. data)   RO Data    RW Data    ZI Data      Debug   

     12388        430        276        116       2740     557443   Grand Totals
     12388        430        276        116       2740     557443   ELF Image Totals
     12388        430        276        116          0          0   ROM Totals

==============================================================================

    Total RO  Size (Code + RO Data)                12664 (  12.37kB)
    Total RW  Size (RW Data + ZI Data)              2856 (   2.79kB)
    Total ROM Size (Code + RO Data + RW Data)      12780 (  12.48kB)

==============================================================================

