Component: ARM Compiler 5.05 update 1 (build 106) Tool: armlink [4d0efa]

==============================================================================

Section Cross References

    main.o(.text) refers to iap.o(.text) for IAP::delay_ms(unsigned short)
    main.o(.text) refers to stm32f10x_flash.o(.text) for FLASH_Lock
    main.o(.text) refers to iap.o(.bss) for BootLoader
    main.o(.text) refers to main.o(.data) for SWITCH
    main.o(.ARM.exidx) refers to main.o(.text) for .text
    iap.o(.text) refers to stm32f10x_usart.o(.text) for USART_GetITStatus
    iap.o(.text) refers to stm32f10x_flash.o(.text) for FLASH_ProgramHalfWord
    iap.o(.text) refers to stm32f10x_rcc.o(.text) for RCC_APB2PeriphClockCmd
    iap.o(.text) refers to stm32f10x_gpio.o(.text) for GPIO_Init
    iap.o(.text) refers to misc.o(.text) for NVIC_PriorityGroupConfig
    iap.o(.text) refers to iap.o(.emb_text) for MSR_MSP
    iap.o(.text) refers to iap.o(.data) for flag
    iap.o(.text) refers to iap.o(.bss) for BootLoader
    iap.o(.ARM.exidx) refers to iap.o(.text) for .text
    iap.o(.init_array) refers to iap.o(.text) for __sti___7_IAP_cpp_e2cee152
    iap.o(.init_array) refers to cpp_init.o(.text) for __cpp_initialize__aeabi_
    stm32f10x_gpio.o(.text) refers to stm32f10x_rcc.o(.text) for RCC_APB2PeriphResetCmd
    stm32f10x_rcc.o(.text) refers to stm32f10x_rcc.o(.data) for APBAHBPrescTable
    stm32f10x_usart.o(.text) refers to stm32f10x_rcc.o(.text) for RCC_APB2PeriphResetCmd
    startup_stm32f10x_md.o(RESET) refers to startup_stm32f10x_md.o(STACK) for __initial_sp
    startup_stm32f10x_md.o(RESET) refers to startup_stm32f10x_md.o(.text) for Reset_Handler
    startup_stm32f10x_md.o(RESET) refers to iap.o(.text) for USART1_IRQHandler
    startup_stm32f10x_md.o(.text) refers to system_stm32f10x.o(.text) for SystemInit
    startup_stm32f10x_md.o(.text) refers to entry.o(.ARM.Collect$$$$00000000) for __main
    system_stm32f10x.o(.text) refers to system_stm32f10x.o(.data) for SystemCoreClock
    entry.o(.ARM.Collect$$$$00000000) refers (Special) to entry10a.o(.ARM.Collect$$$$0000000D) for __rt_final_cpp
    entry.o(.ARM.Collect$$$$00000000) refers (Special) to entry11a.o(.ARM.Collect$$$$0000000F) for __rt_final_exit
    entry.o(.ARM.Collect$$$$00000000) refers (Special) to entry7b.o(.ARM.Collect$$$$00000008) for _main_clock
    entry.o(.ARM.Collect$$$$00000000) refers (Special) to entry8b.o(.ARM.Collect$$$$0000000A) for _main_cpp_init
    entry.o(.ARM.Collect$$$$00000000) refers (Special) to entry9a.o(.ARM.Collect$$$$0000000B) for _main_init
    entry.o(.ARM.Collect$$$$00000000) refers (Special) to entry5.o(.ARM.Collect$$$$00000004) for _main_scatterload
    entry.o(.ARM.Collect$$$$00000000) refers (Special) to entry2.o(.ARM.Collect$$$$00000001) for _main_stk
    cpp_init.o(.emb_text) refers (Special) to entry8a.o(.ARM.Collect$$$$00000009) for _main_cpp_init$empty
    cpp_init.o(.init_array) refers (Special) to entry8a.o(.ARM.Collect$$$$00000009) for _main_cpp_init$empty
    cpp_init.o(.init_array) refers to cpp_init.o(.text) for __cpp_initialize__aeabi_
    cpp_init.o(.dummy_text) refers (Special) to entry8a.o(.ARM.Collect$$$$00000009) for _main_cpp_init$empty
    cpp_init.o(.text) refers (Special) to entry8a.o(.ARM.Collect$$$$00000009) for _main_cpp_init$empty
    entry2.o(.ARM.Collect$$$$00000001) refers to entry2.o(.ARM.Collect$$$$00002712) for __lit__00000000
    entry2.o(.ARM.Collect$$$$00002712) refers to startup_stm32f10x_md.o(STACK) for __initial_sp
    entry2.o(__vectab_stack_and_reset_area) refers to startup_stm32f10x_md.o(STACK) for __initial_sp
    entry2.o(__vectab_stack_and_reset_area) refers to entry.o(.ARM.Collect$$$$00000000) for __main
    entry5.o(.ARM.Collect$$$$00000004) refers to init.o(.text) for __scatterload
    entry8a.o(.ARM.Collect$$$$00000009) refers (Weak) to cpp_init.o(.text) for __cpp_initialize__aeabi_
    entry9a.o(.ARM.Collect$$$$0000000B) refers to main.o(.text) for main
    entry9b.o(.ARM.Collect$$$$0000000C) refers to main.o(.text) for main
    init.o(.text) refers to entry5.o(.ARM.Collect$$$$00000004) for __main_after_scatterload


==============================================================================

Removing Unused input sections from the image.

    Removing main.o(.rev16_text), (4 bytes).
    Removing main.o(.revsh_text), (4 bytes).
    Removing main.o(.rrx_text), (6 bytes).
    Removing main.o(.ARM.exidx), (8 bytes).
    Removing iap.o(.rev16_text), (4 bytes).
    Removing iap.o(.revsh_text), (4 bytes).
    Removing iap.o(.rrx_text), (6 bytes).
    Removing iap.o(.ARM.exidx), (8 bytes).
    Removing misc.o(.rev16_text), (4 bytes).
    Removing misc.o(.revsh_text), (4 bytes).
    Removing misc.o(.rrx_text), (6 bytes).
    Removing stm32f10x_flash.o(.rev16_text), (4 bytes).
    Removing stm32f10x_flash.o(.revsh_text), (4 bytes).
    Removing stm32f10x_flash.o(.rrx_text), (6 bytes).
    Removing stm32f10x_gpio.o(.rev16_text), (4 bytes).
    Removing stm32f10x_gpio.o(.revsh_text), (4 bytes).
    Removing stm32f10x_gpio.o(.rrx_text), (6 bytes).
    Removing stm32f10x_rcc.o(.rev16_text), (4 bytes).
    Removing stm32f10x_rcc.o(.revsh_text), (4 bytes).
    Removing stm32f10x_rcc.o(.rrx_text), (6 bytes).
    Removing stm32f10x_usart.o(.rev16_text), (4 bytes).
    Removing stm32f10x_usart.o(.revsh_text), (4 bytes).
    Removing stm32f10x_usart.o(.rrx_text), (6 bytes).
    Removing startup_stm32f10x_md.o(HEAP), (512 bytes).
    Removing system_stm32f10x.o(.rev16_text), (4 bytes).
    Removing system_stm32f10x.o(.revsh_text), (4 bytes).
    Removing system_stm32f10x.o(.rrx_text), (6 bytes).

27 unused section(s) (total 640 bytes) removed from the image.

==============================================================================

Image Symbol Table

    Local Symbols

    Symbol Name                              Value     Ov Type        Size  Object(Section)

    ../clib/microlib/cpp/cpp_init.c          0x00000000   Number         0  cpp_init.o ABSOLUTE
    ../clib/microlib/cpp/cpp_init.c          0x00000000   Number         0  cpp_init.o ABSOLUTE
    ../clib/microlib/init/entry.s            0x00000000   Number         0  entry7a.o ABSOLUTE
    ../clib/microlib/init/entry.s            0x00000000   Number         0  entry5.o ABSOLUTE
    ../clib/microlib/init/entry.s            0x00000000   Number         0  entry2.o ABSOLUTE
    ../clib/microlib/init/entry.s            0x00000000   Number         0  entry.o ABSOLUTE
    ../clib/microlib/init/entry.s            0x00000000   Number         0  entry10b.o ABSOLUTE
    ../clib/microlib/init/entry.s            0x00000000   Number         0  entry11b.o ABSOLUTE
    ../clib/microlib/init/entry.s            0x00000000   Number         0  entry11a.o ABSOLUTE
    ../clib/microlib/init/entry.s            0x00000000   Number         0  entry10a.o ABSOLUTE
    ../clib/microlib/init/entry.s            0x00000000   Number         0  entry9b.o ABSOLUTE
    ../clib/microlib/init/entry.s            0x00000000   Number         0  entry9a.o ABSOLUTE
    ../clib/microlib/init/entry.s            0x00000000   Number         0  entry8b.o ABSOLUTE
    ../clib/microlib/init/entry.s            0x00000000   Number         0  entry8a.o ABSOLUTE
    ../clib/microlib/init/entry.s            0x00000000   Number         0  entry7b.o ABSOLUTE
    ..\\usr\\IAP.cpp                         0x00000000   Number         0  iap.o ABSOLUTE
    ..\\usr\\main.cpp                        0x00000000   Number         0  main.o ABSOLUTE
    ..\usr\IAP.cpp                           0x00000000   Number         0  iap.o ABSOLUTE
    ..\usr\main.cpp                          0x00000000   Number         0  main.o ABSOLUTE
    C:\\other\\keil5\\ARM\\PACK\\Keil\\STM32F1xx_DFP\\1.1.0\\Device\\StdPeriph_Driver\\src\\misc.c 0x00000000   Number         0  misc.o ABSOLUTE
    C:\\other\\keil5\\ARM\\PACK\\Keil\\STM32F1xx_DFP\\1.1.0\\Device\\StdPeriph_Driver\\src\\stm32f10x_flash.c 0x00000000   Number         0  stm32f10x_flash.o ABSOLUTE
    C:\\other\\keil5\\ARM\\PACK\\Keil\\STM32F1xx_DFP\\1.1.0\\Device\\StdPeriph_Driver\\src\\stm32f10x_gpio.c 0x00000000   Number         0  stm32f10x_gpio.o ABSOLUTE
    C:\\other\\keil5\\ARM\\PACK\\Keil\\STM32F1xx_DFP\\1.1.0\\Device\\StdPeriph_Driver\\src\\stm32f10x_rcc.c 0x00000000   Number         0  stm32f10x_rcc.o ABSOLUTE
    C:\\other\\keil5\\ARM\\PACK\\Keil\\STM32F1xx_DFP\\1.1.0\\Device\\StdPeriph_Driver\\src\\stm32f10x_usart.c 0x00000000   Number         0  stm32f10x_usart.o ABSOLUTE
    C:\other\keil5\ARM\PACK\Keil\STM32F1xx_DFP\1.1.0\Device\StdPeriph_Driver\src\misc.c 0x00000000   Number         0  misc.o ABSOLUTE
    C:\other\keil5\ARM\PACK\Keil\STM32F1xx_DFP\1.1.0\Device\StdPeriph_Driver\src\stm32f10x_flash.c 0x00000000   Number         0  stm32f10x_flash.o ABSOLUTE
    C:\other\keil5\ARM\PACK\Keil\STM32F1xx_DFP\1.1.0\Device\StdPeriph_Driver\src\stm32f10x_gpio.c 0x00000000   Number         0  stm32f10x_gpio.o ABSOLUTE
    C:\other\keil5\ARM\PACK\Keil\STM32F1xx_DFP\1.1.0\Device\StdPeriph_Driver\src\stm32f10x_rcc.c 0x00000000   Number         0  stm32f10x_rcc.o ABSOLUTE
    C:\other\keil5\ARM\PACK\Keil\STM32F1xx_DFP\1.1.0\Device\StdPeriph_Driver\src\stm32f10x_usart.c 0x00000000   Number         0  stm32f10x_usart.o ABSOLUTE
    RTE\Device\STM32F103C8\startup_stm32f10x_md.s 0x00000000   Number         0  startup_stm32f10x_md.o ABSOLUTE
    RTE\Device\STM32F103C8\system_stm32f10x.c 0x00000000   Number         0  system_stm32f10x.o ABSOLUTE
    RTE\\Device\\STM32F103C8\\system_stm32f10x.c 0x00000000   Number         0  system_stm32f10x.o ABSOLUTE
    dc.s                                     0x00000000   Number         0  dc.o ABSOLUTE
    handlers.s                               0x00000000   Number         0  handlers.o ABSOLUTE
    init.s                                   0x00000000   Number         0  init.o ABSOLUTE
    RESET                                    0x08000000   Section      236  startup_stm32f10x_md.o(RESET)
    .ARM.Collect$$$$00000000                 0x080000ec   Section        0  entry.o(.ARM.Collect$$$$00000000)
    .ARM.Collect$$$$00000001                 0x080000ec   Section        4  entry2.o(.ARM.Collect$$$$00000001)
    .ARM.Collect$$$$00000004                 0x080000f0   Section        4  entry5.o(.ARM.Collect$$$$00000004)
    .ARM.Collect$$$$00000008                 0x080000f4   Section        0  entry7b.o(.ARM.Collect$$$$00000008)
    .ARM.Collect$$$$00000009                 0x080000f4   Section        4  entry8a.o(.ARM.Collect$$$$00000009)
    .ARM.Collect$$$$0000000A                 0x080000f8   Section        0  entry8b.o(.ARM.Collect$$$$0000000A)
    .ARM.Collect$$$$0000000B                 0x080000f8   Section        8  entry9a.o(.ARM.Collect$$$$0000000B)
    .ARM.Collect$$$$0000000D                 0x08000100   Section        0  entry10a.o(.ARM.Collect$$$$0000000D)
    .ARM.Collect$$$$0000000F                 0x08000100   Section        0  entry11a.o(.ARM.Collect$$$$0000000F)
    .ARM.Collect$$$$00002712                 0x08000100   Section        4  entry2.o(.ARM.Collect$$$$00002712)
    __lit__00000000                          0x08000100   Data           4  entry2.o(.ARM.Collect$$$$00002712)
    .emb_text                                0x08000104   Section        6  iap.o(.emb_text)
    .text                                    0x0800010c   Section        0  main.o(.text)
    .text                                    0x080002a4   Section        0  iap.o(.text)
    __sti___7_IAP_cpp_e2cee152               0x08000511   Thumb Code    16  iap.o(.text)
    .text                                    0x08000540   Section        0  misc.o(.text)
    .text                                    0x0800061c   Section        0  stm32f10x_flash.o(.text)
    .text                                    0x08000bd8   Section        0  stm32f10x_gpio.o(.text)
    .text                                    0x08000f34   Section        0  stm32f10x_rcc.o(.text)
    .text                                    0x080012d8   Section        0  stm32f10x_usart.o(.text)
    .text                                    0x080016e0   Section       36  startup_stm32f10x_md.o(.text)
    .text                                    0x08001704   Section        0  system_stm32f10x.o(.text)
    SetSysClockTo72                          0x08001705   Thumb Code   214  system_stm32f10x.o(.text)
    SetSysClock                              0x080017db   Thumb Code     8  system_stm32f10x.o(.text)
    .text                                    0x080018e4   Section        0  cpp_init.o(.text)
    .text                                    0x08001904   Section       36  init.o(.text)
    i.__scatterload_copy                     0x08001928   Section       14  handlers.o(i.__scatterload_copy)
    i.__scatterload_null                     0x08001936   Section        2  handlers.o(i.__scatterload_null)
    i.__scatterload_zeroinit                 0x08001938   Section       14  handlers.o(i.__scatterload_zeroinit)
    .init_array                              0x08001968   Section        4  iap.o(.init_array)
    .init_array                              0x0800196c   Section        0  cpp_init.o(.init_array)
    .data                                    0x20000000   Section        1  main.o(.data)
    .data                                    0x20000004   Section        8  iap.o(.data)
    flag                                     0x20000004   Data           1  iap.o(.data)
    Last_data                                0x20000005   Data           1  iap.o(.data)
    addr                                     0x20000008   Data           4  iap.o(.data)
    .data                                    0x2000000c   Section       20  stm32f10x_rcc.o(.data)
    APBAHBPrescTable                         0x2000000c   Data          16  stm32f10x_rcc.o(.data)
    ADCPrescTable                            0x2000001c   Data           4  stm32f10x_rcc.o(.data)
    .data                                    0x20000020   Section       20  system_stm32f10x.o(.data)
    .bss                                     0x20000034   Section     1048  iap.o(.bss)
    STACK                                    0x20000450   Section     1024  startup_stm32f10x_md.o(STACK)

    Global Symbols

    Symbol Name                              Value     Ov Type        Size  Object(Section)

    BuildAttributes$$THM_ISAv4$P$D$K$B$S$PE$A:L22UL41UL21$X:L11$S22US41US21$IEEE1$IW$USESV6$~STKCKD$USESV7$~SHL$OSPACE$EBA8$MICROLIB$REQ8$PRES8$EABIv2 0x00000000   Number         0  anon$$obj.o ABSOLUTE
    __ARM_use_no_argv                        0x00000000   Number         0  main.o ABSOLUTE
    __cxa_finalize                            - Undefined Weak Reference
    __decompress                              - Undefined Weak Reference
    _clock_init                               - Undefined Weak Reference
    _microlib_exit                            - Undefined Weak Reference
    __Vectors_Size                           0x000000ec   Number         0  startup_stm32f10x_md.o ABSOLUTE
    __Vectors                                0x08000000   Data           4  startup_stm32f10x_md.o(RESET)
    __Vectors_End                            0x080000ec   Data           0  startup_stm32f10x_md.o(RESET)
    __main                                   0x080000ed   Thumb Code     0  entry.o(.ARM.Collect$$$$00000000)
    _main_stk                                0x080000ed   Thumb Code     0  entry2.o(.ARM.Collect$$$$00000001)
    _main_scatterload                        0x080000f1   Thumb Code     0  entry5.o(.ARM.Collect$$$$00000004)
    __main_after_scatterload                 0x080000f5   Thumb Code     0  entry5.o(.ARM.Collect$$$$00000004)
    _main_clock                              0x080000f5   Thumb Code     0  entry7b.o(.ARM.Collect$$$$00000008)
    _main_cpp_init$empty                     0x080000f5   Thumb Code     0  entry8a.o(.ARM.Collect$$$$00000009)
    _main_cpp_init                           0x080000f9   Thumb Code     0  entry8b.o(.ARM.Collect$$$$0000000A)
    _main_init                               0x080000f9   Thumb Code     0  entry9a.o(.ARM.Collect$$$$0000000B)
    __rt_final_cpp                           0x08000101   Thumb Code     0  entry10a.o(.ARM.Collect$$$$0000000D)
    __rt_final_exit                          0x08000101   Thumb Code     0  entry11a.o(.ARM.Collect$$$$0000000F)
    MSR_MSP                                  0x08000105   Thumb Code     6  iap.o(.emb_text)
    start_procedure()                        0x0800010d   Thumb Code    50  main.o(.text)
    receive_storage_Procedure()              0x0800013f   Thumb Code    68  main.o(.text)
    EraseFlash(unsigned, unsigned char)      0x08000183   Thumb Code   104  main.o(.text)
    main                                     0x080001eb   Thumb Code    74  main.o(.text)
    IAP::USART_IRQ()                         0x080002a5   Thumb Code   190  iap.o(.text)
    USART1_IRQHandler                        0x08000363   Thumb Code    10  iap.o(.text)
    IAP::USART_init(unsigned)                0x0800036d   Thumb Code   168  iap.o(.text)
    IAP::IAP(unsigned, bool)                 0x08000415   Thumb Code    42  iap.o(.text)
    IAP::IAP__sub_object(unsigned, bool)     0x08000415   Thumb Code     0  iap.o(.text)
    IAP::operator <<(const char*)            0x0800043f   Thumb Code    34  iap.o(.text)
    IAP::delay_ms(unsigned short)            0x08000461   Thumb Code    58  iap.o(.text)
    IAP::write_appbin()                      0x0800049b   Thumb Code     2  iap.o(.text)
    IAP::load_app()                          0x0800049d   Thumb Code    46  iap.o(.text)
    IAP::Read(unsigned short, unsigned short*, unsigned short) 0x080004cb   Thumb Code    70  iap.o(.text)
    NVIC_PriorityGroupConfig                 0x08000541   Thumb Code    10  misc.o(.text)
    NVIC_Init                                0x0800054b   Thumb Code   100  misc.o(.text)
    NVIC_SetVectorTable                      0x080005af   Thumb Code    14  misc.o(.text)
    NVIC_SystemLPConfig                      0x080005bd   Thumb Code    34  misc.o(.text)
    SysTick_CLKSourceConfig                  0x080005df   Thumb Code    40  misc.o(.text)
    FLASH_SetLatency                         0x0800061d   Thumb Code    18  stm32f10x_flash.o(.text)
    FLASH_HalfCycleAccessCmd                 0x0800062f   Thumb Code    22  stm32f10x_flash.o(.text)
    FLASH_PrefetchBufferCmd                  0x08000645   Thumb Code    22  stm32f10x_flash.o(.text)
    FLASH_Unlock                             0x0800065b   Thumb Code    12  stm32f10x_flash.o(.text)
    FLASH_UnlockBank1                        0x08000667   Thumb Code    12  stm32f10x_flash.o(.text)
    FLASH_Lock                               0x08000673   Thumb Code    14  stm32f10x_flash.o(.text)
    FLASH_LockBank1                          0x08000681   Thumb Code    14  stm32f10x_flash.o(.text)
    FLASH_GetBank1Status                     0x0800068f   Thumb Code    48  stm32f10x_flash.o(.text)
    FLASH_WaitForLastOperation               0x080006bf   Thumb Code    38  stm32f10x_flash.o(.text)
    FLASH_ErasePage                          0x080006e5   Thumb Code    72  stm32f10x_flash.o(.text)
    FLASH_EraseAllPages                      0x0800072d   Thumb Code    68  stm32f10x_flash.o(.text)
    FLASH_WaitForLastBank1Operation          0x08000771   Thumb Code    38  stm32f10x_flash.o(.text)
    FLASH_EraseAllBank1Pages                 0x08000797   Thumb Code    68  stm32f10x_flash.o(.text)
    FLASH_GetReadOutProtectionStatus         0x080007db   Thumb Code    20  stm32f10x_flash.o(.text)
    FLASH_EraseOptionBytes                   0x080007ef   Thumb Code   150  stm32f10x_flash.o(.text)
    FLASH_ProgramWord                        0x08000885   Thumb Code   102  stm32f10x_flash.o(.text)
    FLASH_ProgramHalfWord                    0x080008eb   Thumb Code    60  stm32f10x_flash.o(.text)
    FLASH_ProgramOptionByteData              0x08000927   Thumb Code    72  stm32f10x_flash.o(.text)
    FLASH_EnableWriteProtection              0x0800096f   Thumb Code   200  stm32f10x_flash.o(.text)
    FLASH_ReadOutProtection                  0x08000a37   Thumb Code   156  stm32f10x_flash.o(.text)
    FLASH_UserOptionByteConfig               0x08000ad3   Thumb Code    88  stm32f10x_flash.o(.text)
    FLASH_GetUserOptionByte                  0x08000b2b   Thumb Code     8  stm32f10x_flash.o(.text)
    FLASH_GetWriteProtectionOptionByte       0x08000b33   Thumb Code     6  stm32f10x_flash.o(.text)
    FLASH_GetPrefetchBufferStatus            0x08000b39   Thumb Code    20  stm32f10x_flash.o(.text)
    FLASH_ITConfig                           0x08000b4d   Thumb Code    26  stm32f10x_flash.o(.text)
    FLASH_GetFlagStatus                      0x08000b67   Thumb Code    42  stm32f10x_flash.o(.text)
    FLASH_ClearFlag                          0x08000b91   Thumb Code     6  stm32f10x_flash.o(.text)
    FLASH_GetStatus                          0x08000b97   Thumb Code    48  stm32f10x_flash.o(.text)
    GPIO_DeInit                              0x08000bd9   Thumb Code   172  stm32f10x_gpio.o(.text)
    GPIO_AFIODeInit                          0x08000c85   Thumb Code    20  stm32f10x_gpio.o(.text)
    GPIO_Init                                0x08000c99   Thumb Code   278  stm32f10x_gpio.o(.text)
    GPIO_StructInit                          0x08000daf   Thumb Code    16  stm32f10x_gpio.o(.text)
    GPIO_ReadInputDataBit                    0x08000dbf   Thumb Code    18  stm32f10x_gpio.o(.text)
    GPIO_ReadInputData                       0x08000dd1   Thumb Code     8  stm32f10x_gpio.o(.text)
    GPIO_ReadOutputDataBit                   0x08000dd9   Thumb Code    18  stm32f10x_gpio.o(.text)
    GPIO_ReadOutputData                      0x08000deb   Thumb Code     8  stm32f10x_gpio.o(.text)
    GPIO_SetBits                             0x08000df3   Thumb Code     4  stm32f10x_gpio.o(.text)
    GPIO_ResetBits                           0x08000df7   Thumb Code     4  stm32f10x_gpio.o(.text)
    GPIO_WriteBit                            0x08000dfb   Thumb Code    10  stm32f10x_gpio.o(.text)
    GPIO_Write                               0x08000e05   Thumb Code     4  stm32f10x_gpio.o(.text)
    GPIO_PinLockConfig                       0x08000e09   Thumb Code    18  stm32f10x_gpio.o(.text)
    GPIO_EventOutputConfig                   0x08000e1b   Thumb Code    26  stm32f10x_gpio.o(.text)
    GPIO_EventOutputCmd                      0x08000e35   Thumb Code     6  stm32f10x_gpio.o(.text)
    GPIO_PinRemapConfig                      0x08000e3b   Thumb Code   138  stm32f10x_gpio.o(.text)
    GPIO_EXTILineConfig                      0x08000ec5   Thumb Code    66  stm32f10x_gpio.o(.text)
    GPIO_ETH_MediaInterfaceConfig            0x08000f07   Thumb Code     8  stm32f10x_gpio.o(.text)
    RCC_DeInit                               0x08000f35   Thumb Code    64  stm32f10x_rcc.o(.text)
    RCC_HSEConfig                            0x08000f75   Thumb Code    70  stm32f10x_rcc.o(.text)
    RCC_GetFlagStatus                        0x08000fbb   Thumb Code    56  stm32f10x_rcc.o(.text)
    RCC_WaitForHSEStartUp                    0x08000ff3   Thumb Code    56  stm32f10x_rcc.o(.text)
    RCC_AdjustHSICalibrationValue            0x0800102b   Thumb Code    20  stm32f10x_rcc.o(.text)
    RCC_HSICmd                               0x0800103f   Thumb Code     6  stm32f10x_rcc.o(.text)
    RCC_PLLConfig                            0x08001045   Thumb Code    24  stm32f10x_rcc.o(.text)
    RCC_PLLCmd                               0x0800105d   Thumb Code     6  stm32f10x_rcc.o(.text)
    RCC_SYSCLKConfig                         0x08001063   Thumb Code    18  stm32f10x_rcc.o(.text)
    RCC_GetSYSCLKSource                      0x08001075   Thumb Code    10  stm32f10x_rcc.o(.text)
    RCC_HCLKConfig                           0x0800107f   Thumb Code    18  stm32f10x_rcc.o(.text)
    RCC_PCLK1Config                          0x08001091   Thumb Code    18  stm32f10x_rcc.o(.text)
    RCC_PCLK2Config                          0x080010a3   Thumb Code    20  stm32f10x_rcc.o(.text)
    RCC_ITConfig                             0x080010b7   Thumb Code    26  stm32f10x_rcc.o(.text)
    RCC_USBCLKConfig                         0x080010d1   Thumb Code     8  stm32f10x_rcc.o(.text)
    RCC_ADCCLKConfig                         0x080010d9   Thumb Code    18  stm32f10x_rcc.o(.text)
    RCC_LSEConfig                            0x080010eb   Thumb Code    50  stm32f10x_rcc.o(.text)
    RCC_LSICmd                               0x0800111d   Thumb Code     6  stm32f10x_rcc.o(.text)
    RCC_RTCCLKConfig                         0x08001123   Thumb Code    12  stm32f10x_rcc.o(.text)
    RCC_RTCCLKCmd                            0x0800112f   Thumb Code     8  stm32f10x_rcc.o(.text)
    RCC_GetClocksFreq                        0x08001137   Thumb Code   192  stm32f10x_rcc.o(.text)
    RCC_AHBPeriphClockCmd                    0x080011f7   Thumb Code    26  stm32f10x_rcc.o(.text)
    RCC_APB2PeriphClockCmd                   0x08001211   Thumb Code    26  stm32f10x_rcc.o(.text)
    RCC_APB1PeriphClockCmd                   0x0800122b   Thumb Code    26  stm32f10x_rcc.o(.text)
    RCC_APB2PeriphResetCmd                   0x08001245   Thumb Code    26  stm32f10x_rcc.o(.text)
    RCC_APB1PeriphResetCmd                   0x0800125f   Thumb Code    26  stm32f10x_rcc.o(.text)
    RCC_BackupResetCmd                       0x08001279   Thumb Code     8  stm32f10x_rcc.o(.text)
    RCC_ClockSecuritySystemCmd               0x08001281   Thumb Code     6  stm32f10x_rcc.o(.text)
    RCC_MCOConfig                            0x08001287   Thumb Code     6  stm32f10x_rcc.o(.text)
    RCC_ClearFlag                            0x0800128d   Thumb Code    14  stm32f10x_rcc.o(.text)
    RCC_GetITStatus                          0x0800129b   Thumb Code    20  stm32f10x_rcc.o(.text)
    RCC_ClearITPendingBit                    0x080012af   Thumb Code     6  stm32f10x_rcc.o(.text)
    USART_DeInit                             0x080012d9   Thumb Code   134  stm32f10x_usart.o(.text)
    USART_Init                               0x0800135f   Thumb Code   210  stm32f10x_usart.o(.text)
    USART_StructInit                         0x08001431   Thumb Code    24  stm32f10x_usart.o(.text)
    USART_ClockInit                          0x08001449   Thumb Code    34  stm32f10x_usart.o(.text)
    USART_ClockStructInit                    0x0800146b   Thumb Code    12  stm32f10x_usart.o(.text)
    USART_Cmd                                0x08001477   Thumb Code    24  stm32f10x_usart.o(.text)
    USART_ITConfig                           0x0800148f   Thumb Code    74  stm32f10x_usart.o(.text)
    USART_DMACmd                             0x080014d9   Thumb Code    18  stm32f10x_usart.o(.text)
    USART_SetAddress                         0x080014eb   Thumb Code    18  stm32f10x_usart.o(.text)
    USART_WakeUpConfig                       0x080014fd   Thumb Code    18  stm32f10x_usart.o(.text)
    USART_ReceiverWakeUpCmd                  0x0800150f   Thumb Code    24  stm32f10x_usart.o(.text)
    USART_LINBreakDetectLengthConfig         0x08001527   Thumb Code    18  stm32f10x_usart.o(.text)
    USART_LINCmd                             0x08001539   Thumb Code    24  stm32f10x_usart.o(.text)
    USART_SendData                           0x08001551   Thumb Code     8  stm32f10x_usart.o(.text)
    USART_ReceiveData                        0x08001559   Thumb Code    10  stm32f10x_usart.o(.text)
    USART_SendBreak                          0x08001563   Thumb Code    10  stm32f10x_usart.o(.text)
    USART_SetGuardTime                       0x0800156d   Thumb Code    16  stm32f10x_usart.o(.text)
    USART_SetPrescaler                       0x0800157d   Thumb Code    16  stm32f10x_usart.o(.text)
    USART_SmartCardCmd                       0x0800158d   Thumb Code    24  stm32f10x_usart.o(.text)
    USART_SmartCardNACKCmd                   0x080015a5   Thumb Code    24  stm32f10x_usart.o(.text)
    USART_HalfDuplexCmd                      0x080015bd   Thumb Code    24  stm32f10x_usart.o(.text)
    USART_OverSampling8Cmd                   0x080015d5   Thumb Code    22  stm32f10x_usart.o(.text)
    USART_OneBitMethodCmd                    0x080015eb   Thumb Code    24  stm32f10x_usart.o(.text)
    USART_IrDAConfig                         0x08001603   Thumb Code    18  stm32f10x_usart.o(.text)
    USART_IrDACmd                            0x08001615   Thumb Code    24  stm32f10x_usart.o(.text)
    USART_GetFlagStatus                      0x0800162d   Thumb Code    26  stm32f10x_usart.o(.text)
    USART_ClearFlag                          0x08001647   Thumb Code    18  stm32f10x_usart.o(.text)
    USART_GetITStatus                        0x08001659   Thumb Code    84  stm32f10x_usart.o(.text)
    USART_ClearITPendingBit                  0x080016ad   Thumb Code    52  stm32f10x_usart.o(.text)
    Reset_Handler                            0x080016e1   Thumb Code     8  startup_stm32f10x_md.o(.text)
    NMI_Handler                              0x080016e9   Thumb Code     2  startup_stm32f10x_md.o(.text)
    HardFault_Handler                        0x080016eb   Thumb Code     2  startup_stm32f10x_md.o(.text)
    MemManage_Handler                        0x080016ed   Thumb Code     2  startup_stm32f10x_md.o(.text)
    BusFault_Handler                         0x080016ef   Thumb Code     2  startup_stm32f10x_md.o(.text)
    UsageFault_Handler                       0x080016f1   Thumb Code     2  startup_stm32f10x_md.o(.text)
    SVC_Handler                              0x080016f3   Thumb Code     2  startup_stm32f10x_md.o(.text)
    DebugMon_Handler                         0x080016f5   Thumb Code     2  startup_stm32f10x_md.o(.text)
    PendSV_Handler                           0x080016f7   Thumb Code     2  startup_stm32f10x_md.o(.text)
    SysTick_Handler                          0x080016f9   Thumb Code     2  startup_stm32f10x_md.o(.text)
    ADC1_2_IRQHandler                        0x080016fb   Thumb Code     0  startup_stm32f10x_md.o(.text)
    CAN1_RX1_IRQHandler                      0x080016fb   Thumb Code     0  startup_stm32f10x_md.o(.text)
    CAN1_SCE_IRQHandler                      0x080016fb   Thumb Code     0  startup_stm32f10x_md.o(.text)
    DMA1_Channel1_IRQHandler                 0x080016fb   Thumb Code     0  startup_stm32f10x_md.o(.text)
    DMA1_Channel2_IRQHandler                 0x080016fb   Thumb Code     0  startup_stm32f10x_md.o(.text)
    DMA1_Channel3_IRQHandler                 0x080016fb   Thumb Code     0  startup_stm32f10x_md.o(.text)
    DMA1_Channel4_IRQHandler                 0x080016fb   Thumb Code     0  startup_stm32f10x_md.o(.text)
    DMA1_Channel5_IRQHandler                 0x080016fb   Thumb Code     0  startup_stm32f10x_md.o(.text)
    DMA1_Channel6_IRQHandler                 0x080016fb   Thumb Code     0  startup_stm32f10x_md.o(.text)
    DMA1_Channel7_IRQHandler                 0x080016fb   Thumb Code     0  startup_stm32f10x_md.o(.text)
    EXTI0_IRQHandler                         0x080016fb   Thumb Code     0  startup_stm32f10x_md.o(.text)
    EXTI15_10_IRQHandler                     0x080016fb   Thumb Code     0  startup_stm32f10x_md.o(.text)
    EXTI1_IRQHandler                         0x080016fb   Thumb Code     0  startup_stm32f10x_md.o(.text)
    EXTI2_IRQHandler                         0x080016fb   Thumb Code     0  startup_stm32f10x_md.o(.text)
    EXTI3_IRQHandler                         0x080016fb   Thumb Code     0  startup_stm32f10x_md.o(.text)
    EXTI4_IRQHandler                         0x080016fb   Thumb Code     0  startup_stm32f10x_md.o(.text)
    EXTI9_5_IRQHandler                       0x080016fb   Thumb Code     0  startup_stm32f10x_md.o(.text)
    FLASH_IRQHandler                         0x080016fb   Thumb Code     0  startup_stm32f10x_md.o(.text)
    I2C1_ER_IRQHandler                       0x080016fb   Thumb Code     0  startup_stm32f10x_md.o(.text)
    I2C1_EV_IRQHandler                       0x080016fb   Thumb Code     0  startup_stm32f10x_md.o(.text)
    I2C2_ER_IRQHandler                       0x080016fb   Thumb Code     0  startup_stm32f10x_md.o(.text)
    I2C2_EV_IRQHandler                       0x080016fb   Thumb Code     0  startup_stm32f10x_md.o(.text)
    PVD_IRQHandler                           0x080016fb   Thumb Code     0  startup_stm32f10x_md.o(.text)
    RCC_IRQHandler                           0x080016fb   Thumb Code     0  startup_stm32f10x_md.o(.text)
    RTCAlarm_IRQHandler                      0x080016fb   Thumb Code     0  startup_stm32f10x_md.o(.text)
    RTC_IRQHandler                           0x080016fb   Thumb Code     0  startup_stm32f10x_md.o(.text)
    SPI1_IRQHandler                          0x080016fb   Thumb Code     0  startup_stm32f10x_md.o(.text)
    SPI2_IRQHandler                          0x080016fb   Thumb Code     0  startup_stm32f10x_md.o(.text)
    TAMPER_IRQHandler                        0x080016fb   Thumb Code     0  startup_stm32f10x_md.o(.text)
    TIM1_BRK_IRQHandler                      0x080016fb   Thumb Code     0  startup_stm32f10x_md.o(.text)
    TIM1_CC_IRQHandler                       0x080016fb   Thumb Code     0  startup_stm32f10x_md.o(.text)
    TIM1_TRG_COM_IRQHandler                  0x080016fb   Thumb Code     0  startup_stm32f10x_md.o(.text)
    TIM1_UP_IRQHandler                       0x080016fb   Thumb Code     0  startup_stm32f10x_md.o(.text)
    TIM2_IRQHandler                          0x080016fb   Thumb Code     0  startup_stm32f10x_md.o(.text)
    TIM3_IRQHandler                          0x080016fb   Thumb Code     0  startup_stm32f10x_md.o(.text)
    TIM4_IRQHandler                          0x080016fb   Thumb Code     0  startup_stm32f10x_md.o(.text)
    USART2_IRQHandler                        0x080016fb   Thumb Code     0  startup_stm32f10x_md.o(.text)
    USART3_IRQHandler                        0x080016fb   Thumb Code     0  startup_stm32f10x_md.o(.text)
    USBWakeUp_IRQHandler                     0x080016fb   Thumb Code     0  startup_stm32f10x_md.o(.text)
    USB_HP_CAN1_TX_IRQHandler                0x080016fb   Thumb Code     0  startup_stm32f10x_md.o(.text)
    USB_LP_CAN1_RX0_IRQHandler               0x080016fb   Thumb Code     0  startup_stm32f10x_md.o(.text)
    WWDG_IRQHandler                          0x080016fb   Thumb Code     0  startup_stm32f10x_md.o(.text)
    SystemInit                               0x080017e3   Thumb Code    78  system_stm32f10x.o(.text)
    SystemCoreClockUpdate                    0x08001831   Thumb Code   142  system_stm32f10x.o(.text)
    __cpp_initialize__aeabi_                 0x080018e5   Thumb Code    22  cpp_init.o(.text)
    __scatterload                            0x08001905   Thumb Code    28  init.o(.text)
    __scatterload_rt2                        0x08001905   Thumb Code     0  init.o(.text)
    __scatterload_copy                       0x08001929   Thumb Code    14  handlers.o(i.__scatterload_copy)
    __scatterload_null                       0x08001937   Thumb Code     2  handlers.o(i.__scatterload_null)
    __scatterload_zeroinit                   0x08001939   Thumb Code    14  handlers.o(i.__scatterload_zeroinit)
    Region$$Table$$Base                      0x08001948   Number         0  anon$$obj.o(Region$$Table)
    Region$$Table$$Limit                     0x08001968   Number         0  anon$$obj.o(Region$$Table)
    SHT$$INIT_ARRAY$$Base                    0x08001968   Number         0  iap.o(.init_array)
    SHT$$INIT_ARRAY$$Limit                   0x0800196c   Number         0  cpp_init.o(.init_array)
    SWITCH                                   0x20000000   Data           1  main.o(.data)
    SystemCoreClock                          0x20000020   Data           4  system_stm32f10x.o(.data)
    AHBPrescTable                            0x20000024   Data          16  system_stm32f10x.o(.data)
    BootLoader                               0x20000034   Data        1048  iap.o(.bss)
    __initial_sp                             0x20000850   Data           0  startup_stm32f10x_md.o(STACK)



==============================================================================

Memory Map of the image

  Image Entry point : 0x080000ed

  Load Region LR_IROM1 (Base: 0x08000000, Size: 0x000019a0, Max: 0x00010000, ABSOLUTE)

    Execution Region ER_IROM1 (Base: 0x08000000, Size: 0x0000196c, Max: 0x00010000, ABSOLUTE)

    Base Addr    Size         Type   Attr      Idx    E Section Name        Object

    0x08000000   0x000000ec   Data   RO          283    RESET               startup_stm32f10x_md.o
    0x080000ec   0x00000000   Code   RO          318  * .ARM.Collect$$$$00000000  mc_w.l(entry.o)
    0x080000ec   0x00000004   Code   RO          326    .ARM.Collect$$$$00000001  mc_w.l(entry2.o)
    0x080000f0   0x00000004   Code   RO          329    .ARM.Collect$$$$00000004  mc_w.l(entry5.o)
    0x080000f4   0x00000000   Code   RO          331    .ARM.Collect$$$$00000008  mc_w.l(entry7b.o)
    0x080000f4   0x00000004   Code   RO          332    .ARM.Collect$$$$00000009  mc_w.l(entry8a.o)
    0x080000f8   0x00000000   Code   RO          333    .ARM.Collect$$$$0000000A  mc_w.l(entry8b.o)
    0x080000f8   0x00000008   Code   RO          334    .ARM.Collect$$$$0000000B  mc_w.l(entry9a.o)
    0x08000100   0x00000000   Code   RO          336    .ARM.Collect$$$$0000000D  mc_w.l(entry10a.o)
    0x08000100   0x00000000   Code   RO          338    .ARM.Collect$$$$0000000F  mc_w.l(entry11a.o)
    0x08000100   0x00000004   Code   RO          327    .ARM.Collect$$$$00002712  mc_w.l(entry2.o)
    0x08000104   0x00000006   Code   RO           83    .emb_text           iap.o
    0x0800010a   0x00000002   PAD
    0x0800010c   0x00000198   Code   RO            4    .text               main.o
    0x080002a4   0x0000029c   Code   RO           84    .text               iap.o
    0x08000540   0x000000dc   Code   RO          120    .text               misc.o
    0x0800061c   0x000005bc   Code   RO          186    .text               stm32f10x_flash.o
    0x08000bd8   0x0000035c   Code   RO          210    .text               stm32f10x_gpio.o
    0x08000f34   0x000003a4   Code   RO          234    .text               stm32f10x_rcc.o
    0x080012d8   0x00000408   Code   RO          260    .text               stm32f10x_usart.o
    0x080016e0   0x00000024   Code   RO          284    .text               startup_stm32f10x_md.o
    0x08001704   0x000001e0   Code   RO          291    .text               system_stm32f10x.o
    0x080018e4   0x00000020   Code   RO          324    .text               mc_w.l(cpp_init.o)
    0x08001904   0x00000024   Code   RO          340    .text               mc_w.l(init.o)
    0x08001928   0x0000000e   Code   RO          344    i.__scatterload_copy  mc_w.l(handlers.o)
    0x08001936   0x00000002   Code   RO          345    i.__scatterload_null  mc_w.l(handlers.o)
    0x08001938   0x0000000e   Code   RO          346    i.__scatterload_zeroinit  mc_w.l(handlers.o)
    0x08001946   0x00000002   PAD
    0x08001948   0x00000020   Data   RO          342    Region$$Table       anon$$obj.o
    0x08001968   0x00000004   Data   RO           88    .init_array         iap.o
    0x0800196c   0x00000000   Data   RO          322    .init_array         mc_w.l(cpp_init.o)


    Execution Region RW_IRAM1 (Base: 0x20000000, Size: 0x00000850, Max: 0x00005000, ABSOLUTE)

    Base Addr    Size         Type   Attr      Idx    E Section Name        Object

    0x20000000   0x00000001   Data   RW            6    .data               main.o
    0x20000001   0x00000003   PAD
    0x20000004   0x00000008   Data   RW           87    .data               iap.o
    0x2000000c   0x00000014   Data   RW          235    .data               stm32f10x_rcc.o
    0x20000020   0x00000014   Data   RW          292    .data               system_stm32f10x.o
    0x20000034   0x00000418   Zero   RW           86    .bss                iap.o
    0x2000044c   0x00000004   PAD
    0x20000450   0x00000400   Zero   RW          281    STACK               startup_stm32f10x_md.o


==============================================================================

Image component sizes


      Code (inc. data)   RO Data    RW Data    ZI Data      Debug   Object Name

       674         32          4          8       1048       4641   iap.o
       408        112          0          1          0     223937   main.o
       220         22          0          0          0     240025   misc.o
        36          8        236          0       1024        828   startup_stm32f10x_md.o
      1468         34          0          0          0       8178   stm32f10x_flash.o
       860         38          0          0          0       5793   stm32f10x_gpio.o
       932         36          0         20          0       8952   stm32f10x_rcc.o
      1032         22          0          0          0       8512   stm32f10x_usart.o
       480         38          0         20          0       1927   system_stm32f10x.o

    ----------------------------------------------------------------------
      6112        342        272         52       2076     502793   Object Totals
         0          0         32          0          0          0   (incl. Generated)
         2          0          0          3          4          0   (incl. Padding)

    ----------------------------------------------------------------------

      Code (inc. data)   RO Data    RW Data    ZI Data      Debug   Library Member Name

        32         10          0          0          0         80   cpp_init.o
         0          0          0          0          0          0   entry.o
         0          0          0          0          0          0   entry10a.o
         0          0          0          0          0          0   entry11a.o
         8          4          0          0          0          0   entry2.o
         4          0          0          0          0          0   entry5.o
         0          0          0          0          0          0   entry7b.o
         4          0          0          0          0          0   entry8a.o
         0          0          0          0          0          0   entry8b.o
         8          4          0          0          0          0   entry9a.o
        30          0          0          0          0          0   handlers.o
        36          8          0          0          0         68   init.o

    ----------------------------------------------------------------------
       124         26          0          0          0        148   Library Totals
         2          0          0          0          0          0   (incl. Padding)

    ----------------------------------------------------------------------

      Code (inc. data)   RO Data    RW Data    ZI Data      Debug   Library Name

       122         26          0          0          0        148   mc_w.l

    ----------------------------------------------------------------------
       124         26          0          0          0        148   Library Totals

    ----------------------------------------------------------------------

==============================================================================


      Code (inc. data)   RO Data    RW Data    ZI Data      Debug   

      6236        368        272         52       2076     502157   Grand Totals
      6236        368        272         52       2076     502157   ELF Image Totals
      6236        368        272         52          0          0   ROM Totals

==============================================================================

    Total RO  Size (Code + RO Data)                 6508 (   6.36kB)
    Total RW  Size (RW Data + ZI Data)              2128 (   2.08kB)
    Total ROM Size (Code + RO Data + RW Data)       6560 (   6.41kB)

==============================================================================

