Component: ARM Compiler 5.05 update 1 (build 106) Tool: armlink [4d0efa]

==============================================================================

Section Cross References

    main.o(i.__sti___8_main_cpp_com) refers to usart.o(i._ZN5USARTC1Ehjbhhhhhttt) for USART::USART(unsigned char, unsigned, bool, unsigned char, unsigned char, unsigned char, unsigned char, unsigned char, unsigned short, unsigned short, unsigned short)
    main.o(i.__sti___8_main_cpp_com) refers to aeabi_atexit.o(i.__aeabi_atexit) for __aeabi_atexit
    main.o(i.__sti___8_main_cpp_com) refers to main.o(.bss) for com
    main.o(i.__sti___8_main_cpp_com) refers to usart.o(i._ZN5USARTD1Ev) for USART::~USART()
    main.o(i.main) refers to system_stm32f10x.o(i.SystemInit) for SystemInit
    main.o(i.main) refers to stm32f10x_flash.o(i.FLASH_Unlock) for FLASH_Unlock
    main.o(i.main) refers to stm32f10x_flash.o(i.FLASH_ProgramHalfWord) for FLASH_ProgramHalfWord
    main.o(i.main) refers to stm32f10x_flash.o(i.FLASH_Lock) for FLASH_Lock
    main.o(i.main) refers to usart.o(i._ZN5USART17ReceiveBufferSizeEv) for USART::ReceiveBufferSize()
    main.o(i.main) refers to usart.o(i._ZN5USART15GetReceivedDataEPht) for USART::GetReceivedData(unsigned char*, unsigned short)
    main.o(i.main) refers to usart.o(i._ZN5USARTlsEPKc) for USART::operator <<(const char*)
    main.o(i.main) refers to stm32f10x_flash.o(i.FLASH_ClearFlag) for FLASH_ClearFlag
    main.o(i.main) refers to stm32f10x_flash.o(i.FLASH_ErasePage) for FLASH_ErasePage
    main.o(i.main) refers to taskmanager.o(i._ZN11TaskManager9ClockToolERdd) for TaskManager::ClockTool(double&, double)
    main.o(i.main) refers to main.o(.bss) for com
    main.o(i.main) refers to taskmanager.o(.data) for tskmgr
    main.o(.ARM.exidx) refers to main.o(i.main) for i.main
    main.o(.ARM.exidx) refers to main.o(i.__sti___8_main_cpp_com) for i.__sti___8_main_cpp_com
    main.o(.init_array) refers to main.o(i.__sti___8_main_cpp_com) for __sti___8_main_cpp_com
    main.o(.init_array) refers to init_aeabi.o(.text) for __cpp_initialize__aeabi_
    gpio.o(i._ZN4GPIO10ChangeModeE16GPIOMode_TypeDef) refers to stm32f10x_gpio.o(i.GPIO_Init) for GPIO_Init
    gpio.o(i._ZN4GPIO10ChangeModeE16GPIOMode_TypeDef) refers to gpio.o(.constdata) for GPIO::mPin
    gpio.o(i._ZN4GPIO17RCC_ConfigurationEv) refers to stm32f10x_rcc.o(i.RCC_APB2PeriphClockCmd) for RCC_APB2PeriphClockCmd
    gpio.o(i._ZN4GPIO6ToggleEv) refers to stm32f10x_gpio.o(i.GPIO_ReadInputDataBit) for GPIO_ReadInputDataBit
    gpio.o(i._ZN4GPIO6ToggleEv) refers to stm32f10x_gpio.o(i.GPIO_ResetBits) for GPIO_ResetBits
    gpio.o(i._ZN4GPIO6ToggleEv) refers to stm32f10x_gpio.o(i.GPIO_SetBits) for GPIO_SetBits
    gpio.o(i._ZN4GPIO6ToggleEv) refers to gpio.o(.constdata) for GPIO::mPin
    gpio.o(i._ZN4GPIO8GetLevelEv) refers to stm32f10x_gpio.o(i.GPIO_ReadInputDataBit) for GPIO_ReadInputDataBit
    gpio.o(i._ZN4GPIO8GetLevelEv) refers to gpio.o(.constdata) for GPIO::mPin
    gpio.o(i._ZN4GPIO8SetLevelEh) refers to stm32f10x_gpio.o(i.GPIO_SetBits) for GPIO_SetBits
    gpio.o(i._ZN4GPIO8SetLevelEh) refers to stm32f10x_gpio.o(i.GPIO_ResetBits) for GPIO_ResetBits
    gpio.o(i._ZN4GPIO8SetLevelEh) refers to gpio.o(.constdata) for GPIO::mPin
    gpio.o(i._ZN4GPIOC1EP12GPIO_TypeDeft16GPIOMode_TypeDef17GPIOSpeed_TypeDef) refers to gpio.o(i._ZN4GPIO17RCC_ConfigurationEv) for GPIO::RCC_Configuration()
    gpio.o(i._ZN4GPIOC1EP12GPIO_TypeDeft16GPIOMode_TypeDef17GPIOSpeed_TypeDef) refers to stm32f10x_gpio.o(i.GPIO_Init) for GPIO_Init
    gpio.o(i._ZN4GPIOC1EP12GPIO_TypeDeft16GPIOMode_TypeDef17GPIOSpeed_TypeDef) refers to gpio.o(.constdata) for GPIO::mPin
    gpio.o(.ARM.exidx) refers to gpio.o(i._ZN4GPIO17RCC_ConfigurationEv) for i._ZN4GPIO17RCC_ConfigurationEv
    gpio.o(.ARM.exidx) refers to gpio.o(i._ZN4GPIOC1EP12GPIO_TypeDeft16GPIOMode_TypeDef17GPIOSpeed_TypeDef) for i._ZN4GPIOC1EP12GPIO_TypeDeft16GPIOMode_TypeDef17GPIOSpeed_TypeDef
    gpio.o(.ARM.exidx) refers to gpio.o(i._ZN4GPIO8SetLevelEh) for i._ZN4GPIO8SetLevelEh
    gpio.o(.ARM.exidx) refers to gpio.o(i._ZN4GPIO8GetLevelEv) for i._ZN4GPIO8GetLevelEv
    gpio.o(.ARM.exidx) refers to gpio.o(i._ZN4GPIO6ToggleEv) for i._ZN4GPIO6ToggleEv
    gpio.o(.ARM.exidx) refers to gpio.o(i._ZN4GPIO10ChangeModeE16GPIOMode_TypeDef) for i._ZN4GPIO10ChangeModeE16GPIOMode_TypeDef
    interrupt.o(i.DMA1_Channel2_IRQHandler) refers to usart.o(i._ZN5USART6DmaIrqEv) for USART::DmaIrq()
    interrupt.o(i.DMA1_Channel2_IRQHandler) refers to interrupt.o(.data) for pUSART3
    interrupt.o(i.DMA1_Channel4_IRQHandler) refers to usart.o(i._ZN5USART6DmaIrqEv) for USART::DmaIrq()
    interrupt.o(i.DMA1_Channel4_IRQHandler) refers to interrupt.o(.data) for pUSART1
    interrupt.o(i.DMA1_Channel7_IRQHandler) refers to usart.o(i._ZN5USART6DmaIrqEv) for USART::DmaIrq()
    interrupt.o(i.DMA1_Channel7_IRQHandler) refers to interrupt.o(.data) for pUSART2
    interrupt.o(i.USART1_IRQHandler) refers to usart.o(i._ZN5USART3IrqEv) for USART::Irq()
[...]
    Removing stm32f10x_gpio.o(i.GPIO_PinLockConfig), (18 bytes).
    Removing stm32f10x_gpio.o(i.GPIO_ReadInputData), (8 bytes).
    Removing stm32f10x_gpio.o(i.GPIO_ReadInputDataBit), (18 bytes).
    Removing stm32f10x_gpio.o(i.GPIO_ReadOutputData), (8 bytes).
    Removing stm32f10x_gpio.o(i.GPIO_ReadOutputDataBit), (18 bytes).
    Removing stm32f10x_gpio.o(i.GPIO_ResetBits), (4 bytes).
    Removing stm32f10x_gpio.o(i.GPIO_SetBits), (4 bytes).
    Removing stm32f10x_gpio.o(i.GPIO_StructInit), (16 bytes).
    Removing stm32f10x_gpio.o(i.GPIO_Write), (4 bytes).
    Removing stm32f10x_gpio.o(i.GPIO_WriteBit), (10 bytes).
    Removing stm32f10x_rcc.o(.rev16_text), (4 bytes).
    Removing stm32f10x_rcc.o(.revsh_text), (4 bytes).
    Removing stm32f10x_rcc.o(.rrx_text), (6 bytes).
    Removing stm32f10x_rcc.o(i.RCC_ADCCLKConfig), (24 bytes).
    Removing stm32f10x_rcc.o(i.RCC_APB1PeriphResetCmd), (32 bytes).
    Removing stm32f10x_rcc.o(i.RCC_APB2PeriphResetCmd), (32 bytes).
    Removing stm32f10x_rcc.o(i.RCC_AdjustHSICalibrationValue), (24 bytes).
    Removing stm32f10x_rcc.o(i.RCC_BackupResetCmd), (12 bytes).
    Removing stm32f10x_rcc.o(i.RCC_ClearFlag), (20 bytes).
    Removing stm32f10x_rcc.o(i.RCC_ClearITPendingBit), (12 bytes).
    Removing stm32f10x_rcc.o(i.RCC_ClockSecuritySystemCmd), (12 bytes).
    Removing stm32f10x_rcc.o(i.RCC_DeInit), (76 bytes).
    Removing stm32f10x_rcc.o(i.RCC_GetFlagStatus), (60 bytes).
    Removing stm32f10x_rcc.o(i.RCC_GetITStatus), (24 bytes).
    Removing stm32f10x_rcc.o(i.RCC_GetSYSCLKSource), (16 bytes).
    Removing stm32f10x_rcc.o(i.RCC_HCLKConfig), (24 bytes).
    Removing stm32f10x_rcc.o(i.RCC_HSEConfig), (76 bytes).
    Removing stm32f10x_rcc.o(i.RCC_HSICmd), (12 bytes).
    Removing stm32f10x_rcc.o(i.RCC_ITConfig), (32 bytes).
    Removing stm32f10x_rcc.o(i.RCC_LSEConfig), (52 bytes).
    Removing stm32f10x_rcc.o(i.RCC_LSICmd), (12 bytes).
    Removing stm32f10x_rcc.o(i.RCC_MCOConfig), (12 bytes).
    Removing stm32f10x_rcc.o(i.RCC_PCLK1Config), (24 bytes).
    Removing stm32f10x_rcc.o(i.RCC_PCLK2Config), (24 bytes).
    Removing stm32f10x_rcc.o(i.RCC_PLLCmd), (12 bytes).
    Removing stm32f10x_rcc.o(i.RCC_PLLConfig), (28 bytes).
    Removing stm32f10x_rcc.o(i.RCC_RTCCLKCmd), (12 bytes).
    Removing stm32f10x_rcc.o(i.RCC_RTCCLKConfig), (16 bytes).
    Removing stm32f10x_rcc.o(i.RCC_SYSCLKConfig), (24 bytes).
    Removing stm32f10x_rcc.o(i.RCC_USBCLKConfig), (12 bytes).
    Removing stm32f10x_rcc.o(i.RCC_WaitForHSEStartUp), (56 bytes).
    Removing stm32f10x_tim.o(.rev16_text), (4 bytes).
    Removing stm32f10x_tim.o(.revsh_text), (4 bytes).
    Removing stm32f10x_tim.o(.rrx_text), (6 bytes).
    Removing stm32f10x_tim.o(i.TI1_Config), (128 bytes).
    Removing stm32f10x_tim.o(i.TI2_Config), (152 bytes).
    Removing stm32f10x_tim.o(i.TI3_Config), (144 bytes).
    Removing stm32f10x_tim.o(i.TI4_Config), (152 bytes).
    Removing stm32f10x_tim.o(i.TIM_ARRPreloadConfig), (24 bytes).
    Removing stm32f10x_tim.o(i.TIM_BDTRConfig), (32 bytes).
    Removing stm32f10x_tim.o(i.TIM_BDTRStructInit), (18 bytes).
    Removing stm32f10x_tim.o(i.TIM_CCPreloadControl), (24 bytes).
    Removing stm32f10x_tim.o(i.TIM_CCxCmd), (30 bytes).
    Removing stm32f10x_tim.o(i.TIM_CCxNCmd), (30 bytes).
    Removing stm32f10x_tim.o(i.TIM_ClearFlag), (6 bytes).
    Removing stm32f10x_tim.o(i.TIM_ClearITPendingBit), (6 bytes).
    Removing stm32f10x_tim.o(i.TIM_ClearOC1Ref), (18 bytes).
    Removing stm32f10x_tim.o(i.TIM_ClearOC2Ref), (24 bytes).
    Removing stm32f10x_tim.o(i.TIM_ClearOC3Ref), (18 bytes).
    Removing stm32f10x_tim.o(i.TIM_ClearOC4Ref), (24 bytes).
    Removing stm32f10x_tim.o(i.TIM_Cmd), (24 bytes).
    Removing stm32f10x_tim.o(i.TIM_CounterModeConfig), (18 bytes).
    Removing stm32f10x_tim.o(i.TIM_CtrlPWMOutputs), (30 bytes).
    Removing stm32f10x_tim.o(i.TIM_DMACmd), (18 bytes).
    Removing stm32f10x_tim.o(i.TIM_DMAConfig), (10 bytes).
    Removing stm32f10x_tim.o(i.TIM_DeInit), (488 bytes).
    Removing stm32f10x_tim.o(i.TIM_ETRClockMode1Config), (54 bytes).
    Removing stm32f10x_tim.o(i.TIM_ETRClockMode2Config), (32 bytes).
    Removing stm32f10x_tim.o(i.TIM_ETRConfig), (28 bytes).
    Removing stm32f10x_tim.o(i.TIM_EncoderInterfaceConfig), (66 bytes).
    Removing stm32f10x_tim.o(i.TIM_ForcedOC1Config), (18 bytes).
    Removing stm32f10x_tim.o(i.TIM_ForcedOC2Config), (26 bytes).
    Removing stm32f10x_tim.o(i.TIM_ForcedOC3Config), (18 bytes).
    Removing stm32f10x_tim.o(i.TIM_ForcedOC4Config), (26 bytes).
    Removing stm32f10x_tim.o(i.TIM_GenerateEvent), (4 bytes).
    Removing stm32f10x_tim.o(i.TIM_GetCapture1), (6 bytes).
    Removing stm32f10x_tim.o(i.TIM_GetCapture2), (6 bytes).
    Removing stm32f10x_tim.o(i.TIM_GetCapture3), (6 bytes).
    Removing stm32f10x_tim.o(i.TIM_GetCapture4), (8 bytes).
    Removing stm32f10x_tim.o(i.TIM_GetCounter), (6 bytes).
    Removing stm32f10x_tim.o(i.TIM_GetFlagStatus), (18 bytes).
    Removing stm32f10x_tim.o(i.TIM_GetITStatus), (34 bytes).
    Removing stm32f10x_tim.o(i.TIM_GetPrescaler), (6 bytes).
    Removing stm32f10x_tim.o(i.TIM_ICInit), (172 bytes).
    Removing stm32f10x_tim.o(i.TIM_ICStructInit), (18 bytes).
    Removing stm32f10x_tim.o(i.TIM_ITConfig), (18 bytes).
    Removing stm32f10x_tim.o(i.TIM_ITRxExternalClockConfig), (24 bytes).
    Removing stm32f10x_tim.o(i.TIM_InternalClockConfig), (12 bytes).
    Removing stm32f10x_tim.o(i.TIM_OC1FastConfig), (18 bytes).
    Removing stm32f10x_tim.o(i.TIM_OC1Init), (152 bytes).
    Removing stm32f10x_tim.o(i.TIM_OC1NPolarityConfig), (18 bytes).
    Removing stm32f10x_tim.o(i.TIM_OC1PolarityConfig), (18 bytes).
    Removing stm32f10x_tim.o(i.TIM_OC1PreloadConfig), (18 bytes).
    Removing stm32f10x_tim.o(i.TIM_OC2FastConfig), (26 bytes).
    Removing stm32f10x_tim.o(i.TIM_OC2Init), (164 bytes).
    Removing stm32f10x_tim.o(i.TIM_OC2NPolarityConfig), (26 bytes).
    Removing stm32f10x_tim.o(i.TIM_OC2PolarityConfig), (26 bytes).
    Removing stm32f10x_tim.o(i.TIM_OC2PreloadConfig), (26 bytes).
    Removing stm32f10x_tim.o(i.TIM_OC3FastConfig), (18 bytes).
    Removing stm32f10x_tim.o(i.TIM_OC3Init), (160 bytes).
    Removing stm32f10x_tim.o(i.TIM_OC3NPolarityConfig), (26 bytes).
    Removing stm32f10x_tim.o(i.TIM_OC3PolarityConfig), (26 bytes).
    Removing stm32f10x_tim.o(i.TIM_OC3PreloadConfig), (18 bytes).
    Removing stm32f10x_tim.o(i.TIM_OC4FastConfig), (26 bytes).
    Removing stm32f10x_tim.o(i.TIM_OC4Init), (124 bytes).
    Removing stm32f10x_tim.o(i.TIM_OC4PolarityConfig), (26 bytes).
    Removing stm32f10x_tim.o(i.TIM_OC4PreloadConfig), (26 bytes).
    Removing stm32f10x_tim.o(i.TIM_OCStructInit), (20 bytes).
    Removing stm32f10x_tim.o(i.TIM_PWMIConfig), (124 bytes).
    Removing stm32f10x_tim.o(i.TIM_PrescalerConfig), (6 bytes).
    Removing stm32f10x_tim.o(i.TIM_SelectCCDMA), (24 bytes).
    Removing stm32f10x_tim.o(i.TIM_SelectCOM), (24 bytes).
    Removing stm32f10x_tim.o(i.TIM_SelectHallSensor), (24 bytes).
    Removing stm32f10x_tim.o(i.TIM_SelectInputTrigger), (18 bytes).
    Removing stm32f10x_tim.o(i.TIM_SelectMasterSlaveMode), (18 bytes).
    Removing stm32f10x_tim.o(i.TIM_SelectOCxM), (82 bytes).
    Removing stm32f10x_tim.o(i.TIM_SelectOnePulseMode), (18 bytes).
    Removing stm32f10x_tim.o(i.TIM_SelectOutputTrigger), (18 bytes).
    Removing stm32f10x_tim.o(i.TIM_SelectSlaveMode), (18 bytes).
    Removing stm32f10x_tim.o(i.TIM_SetAutoreload), (4 bytes).
    Removing stm32f10x_tim.o(i.TIM_SetClockDivision), (18 bytes).
    Removing stm32f10x_tim.o(i.TIM_SetCompare1), (4 bytes).
    Removing stm32f10x_tim.o(i.TIM_SetCompare2), (4 bytes).
    Removing stm32f10x_tim.o(i.TIM_SetCompare3), (4 bytes).
    Removing stm32f10x_tim.o(i.TIM_SetCompare4), (6 bytes).
    Removing stm32f10x_tim.o(i.TIM_SetCounter), (4 bytes).
    Removing stm32f10x_tim.o(i.TIM_SetIC1Prescaler), (18 bytes).
    Removing stm32f10x_tim.o(i.TIM_SetIC2Prescaler), (26 bytes).
    Removing stm32f10x_tim.o(i.TIM_SetIC3Prescaler), (18 bytes).
    Removing stm32f10x_tim.o(i.TIM_SetIC4Prescaler), (26 bytes).
    Removing stm32f10x_tim.o(i.TIM_TIxExternalClockConfig), (62 bytes).
    Removing stm32f10x_tim.o(i.TIM_TimeBaseInit), (164 bytes).
    Removing stm32f10x_tim.o(i.TIM_TimeBaseStructInit), (18 bytes).
    Removing stm32f10x_tim.o(i.TIM_UpdateDisableConfig), (24 bytes).
    Removing stm32f10x_tim.o(i.TIM_UpdateRequestConfig), (24 bytes).
    Removing stm32f10x_usart.o(.rev16_text), (4 bytes).
    Removing stm32f10x_usart.o(.revsh_text), (4 bytes).
    Removing stm32f10x_usart.o(.rrx_text), (6 bytes).
    Removing stm32f10x_usart.o(i.USART_ClearFlag), (18 bytes).
    Removing stm32f10x_usart.o(i.USART_ClockInit), (34 bytes).
    Removing stm32f10x_usart.o(i.USART_ClockStructInit), (12 bytes).
    Removing stm32f10x_usart.o(i.USART_DeInit), (156 bytes).
    Removing stm32f10x_usart.o(i.USART_HalfDuplexCmd), (24 bytes).
    Removing stm32f10x_usart.o(i.USART_IrDACmd), (24 bytes).
    Removing stm32f10x_usart.o(i.USART_IrDAConfig), (18 bytes).
    Removing stm32f10x_usart.o(i.USART_LINBreakDetectLengthConfig), (18 bytes).
    Removing stm32f10x_usart.o(i.USART_LINCmd), (24 bytes).
    Removing stm32f10x_usart.o(i.USART_OneBitMethodCmd), (24 bytes).
    Removing stm32f10x_usart.o(i.USART_OverSampling8Cmd), (22 bytes).
    Removing stm32f10x_usart.o(i.USART_ReceiverWakeUpCmd), (24 bytes).
    Removing stm32f10x_usart.o(i.USART_SendBreak), (10 bytes).
    Removing stm32f10x_usart.o(i.USART_SetAddress), (18 bytes).
    Removing stm32f10x_usart.o(i.USART_SetGuardTime), (16 bytes).
    Removing stm32f10x_usart.o(i.USART_SetPrescaler), (16 bytes).
    Removing stm32f10x_usart.o(i.USART_SmartCardCmd), (24 bytes).
    Removing stm32f10x_usart.o(i.USART_SmartCardNACKCmd), (24 bytes).
    Removing stm32f10x_usart.o(i.USART_StructInit), (24 bytes).
    Removing stm32f10x_usart.o(i.USART_WakeUpConfig), (18 bytes).
    Removing system_stm32f10x.o(.rev16_text), (4 bytes).
    Removing system_stm32f10x.o(.revsh_text), (4 bytes).
    Removing system_stm32f10x.o(.rrx_text), (6 bytes).
    Removing system_stm32f10x.o(i.SystemCoreClockUpdate), (164 bytes).
    Removing system_stm32f10x.o(.data), (20 bytes).
    Removing usart.o(.ARM.exidx), (8 bytes).
    Removing usart.o(.ARM.exidx), (8 bytes).
    Removing usart.o(.ARM.exidx), (8 bytes).
    Removing usart.o(.ARM.exidx), (8 bytes).
    Removing usart.o(.ARM.exidx), (8 bytes).
    Removing usart.o(.ARM.exidx), (8 bytes).
    Removing usart.o(t._ZN10FIFOBufferIhLt256EE5ClearEv), (12 bytes).
    Removing usart.o(.ARM.exidx), (8 bytes).

299 unused section(s) (total 9170 bytes) removed from the image.

==============================================================================

Image Symbol Table

    Local Symbols

    Symbol Name                              Value     Ov Type        Size  Object(Section)

    ../../../edgfe/lib_src/dtor_list.c       0x00000000   Number         0  aeabi_atexit.o ABSOLUTE
    ../../../edgfe/lib_src/dtor_list.c       0x00000000   Number         0  cxa_finalize.o ABSOLUTE
    ../../../edgfe/lib_src/dtor_list.c       0x00000000   Number         0  cxa_atexit.o ABSOLUTE
    ../clib/angel/boardlib.s                 0x00000000   Number         0  boardinit3.o ABSOLUTE
    ../clib/angel/boardlib.s                 0x00000000   Number         0  boardinit2.o ABSOLUTE
    ../clib/angel/boardlib.s                 0x00000000   Number         0  boardshut.o ABSOLUTE
    ../clib/angel/boardlib.s                 0x00000000   Number         0  boardinit1.o ABSOLUTE
    ../clib/angel/handlers.s                 0x00000000   Number         0  __scatter_zi.o ABSOLUTE
    ../clib/angel/handlers.s                 0x00000000   Number         0  __scatter_copy.o ABSOLUTE
    ../clib/angel/kernel.s                   0x00000000   Number         0  rtexit2.o ABSOLUTE
    ../clib/angel/kernel.s                   0x00000000   Number         0  __rtentry2.o ABSOLUTE
    ../clib/angel/kernel.s                   0x00000000   Number         0  __rtentry4.o ABSOLUTE
    ../clib/angel/kernel.s                   0x00000000   Number         0  rtexit.o ABSOLUTE
    ../clib/angel/kernel.s                   0x00000000   Number         0  __rtentry.o ABSOLUTE
    ../clib/angel/rt.s                       0x00000000   Number         0  rt_ddtor_pointer_addr_intlibspace.o ABSOLUTE
    ../clib/angel/rt.s                       0x00000000   Number         0  rt_heap_descriptor_intlibspace.o ABSOLUTE
    ../clib/angel/rt.s                       0x00000000   Number         0  rt_heap_descriptor.o ABSOLUTE
    ../clib/angel/rt.s                       0x00000000   Number         0  rt_raise.o ABSOLUTE
    ../clib/angel/rt.s                       0x00000000   Number         0  rt_ddtor_pointer_addr.o ABSOLUTE
    ../clib/angel/scatter.s                  0x00000000   Number         0  __scatter.o ABSOLUTE
    ../clib/angel/startup.s                  0x00000000   Number         0  __main.o ABSOLUTE
    ../clib/angel/sys.s                      0x00000000   Number         0  libspace.o ABSOLUTE
    ../clib/angel/sys.s                      0x00000000   Number         0  mutex_dummy.o ABSOLUTE
    ../clib/angel/sys.s                      0x00000000   Number         0  sys_stackheap_outer.o ABSOLUTE
    ../clib/angel/sys.s                      0x00000000   Number         0  indicate_semi.o ABSOLUTE
    ../clib/angel/sys.s                      0x00000000   Number         0  use_no_semi.o ABSOLUTE
    ../clib/angel/sysapp.c                   0x00000000   Number         0  sys_command.o ABSOLUTE
    ../clib/angel/sysapp.c                   0x00000000   Number         0  sys_wrch.o ABSOLUTE
    ../clib/angel/sysapp.c                   0x00000000   Number         0  sys_exit.o ABSOLUTE
    ../clib/arm_runtime.c                    0x00000000   Number         0  init_aeabi.o ABSOLUTE
    ../clib/arm_runtime.c                    0x00000000   Number         0  init_aeabi.o ABSOLUTE
    ../clib/armsys.c                         0x00000000   Number         0  argv_veneer.o ABSOLUTE
    ../clib/armsys.c                         0x00000000   Number         0  argv_veneer.o ABSOLUTE
    ../clib/armsys.c                         0x00000000   Number         0  _get_argv.o ABSOLUTE
    ../clib/armsys.c                         0x00000000   Number         0  no_argv.o ABSOLUTE
    ../clib/armsys.c                         0x00000000   Number         0  _get_argv_nomalloc.o ABSOLUTE
    ../clib/heap1.c                          0x00000000   Number         0  h1_alloc.o ABSOLUTE
    ../clib/heap1.c                          0x00000000   Number         0  h1_extend.o ABSOLUTE
    ../clib/heap1.c                          0x00000000   Number         0  h1_alloc_mt.o ABSOLUTE
    ../clib/heap1.c                          0x00000000   Number         0  h1_final.o ABSOLUTE
    ../clib/heap1.c                          0x00000000   Number         0  h1_extend_mt.o ABSOLUTE
    ../clib/heap1.c                          0x00000000   Number         0  h1_free_mt.o ABSOLUTE
    ../clib/heap1.c                          0x00000000   Number         0  h1_init_mt.o ABSOLUTE
    ../clib/heap1.c                          0x00000000   Number         0  h1_free.o ABSOLUTE
    ../clib/heap1.c                          0x00000000   Number         0  h1_init.o ABSOLUTE
    ../clib/heap1.c                          0x00000000   Number         0  h1_final_mt.o ABSOLUTE
    ../clib/heap2.c                          0x00000000   Number         0  heap2.o ABSOLUTE
    ../clib/heap2.c                          0x00000000   Number         0  heap2mt.o ABSOLUTE
    ../clib/heap2.c                          0x00000000   Number         0  fdtree.o ABSOLUTE
    ../clib/heapalloc.c                      0x00000000   Number         0  free.o ABSOLUTE
    ../clib/heapalloc.c                      0x00000000   Number         0  malloc.o ABSOLUTE
    ../clib/heapalloc.c                      0x00000000   Number         0  term_alloc.o ABSOLUTE
    ../clib/heapalloc.c                      0x00000000   Number         0  maybetermalloc2.o ABSOLUTE
    ../clib/heapalloc.c                      0x00000000   Number         0  maybetermalloc2.o ABSOLUTE
    ../clib/heapalloc.c                      0x00000000   Number         0  maybetermalloc1.o ABSOLUTE
    ../clib/heapalloc.c                      0x00000000   Number         0  maybetermalloc1.o ABSOLUTE
    ../clib/heapalloc.c                      0x00000000   Number         0  init_alloc.o ABSOLUTE
    ../clib/heapalloc.c                      0x00000000   Number         0  hguard.o ABSOLUTE
    ../clib/heapalloc.c                      0x00000000   Number         0  hrguard.o ABSOLUTE
    ../clib/heapalloc.c                      0x00000000   Number         0  heapstubs.o ABSOLUTE
    ../clib/heapaux.c                        0x00000000   Number         0  heapauxa.o ABSOLUTE
    ../clib/heapaux.c                        0x00000000   Number         0  heapauxi.o ABSOLUTE
    ../clib/libinit.s                        0x00000000   Number         0  libinit.o ABSOLUTE
    ../clib/libinit.s                        0x00000000   Number         0  libshutdown.o ABSOLUTE
    ../clib/libinit.s                        0x00000000   Number         0  libinit2.o ABSOLUTE
    ../clib/libinit.s                        0x00000000   Number         0  libshutdown2.o ABSOLUTE
    ../clib/memcpset.s                       0x00000000   Number         0  rt_memcpy_w.o ABSOLUTE
    ../clib/signal.c                         0x00000000   Number         0  defsig_other.o ABSOLUTE
    ../clib/signal.c                         0x00000000   Number         0  defsig_segv_inner.o ABSOLUTE
    ../clib/signal.c                         0x00000000   Number         0  defsig_cppl_inner.o ABSOLUTE
    ../clib/signal.c                         0x00000000   Number         0  defsig_pvfn_inner.o ABSOLUTE
    ../clib/signal.c                         0x00000000   Number         0  defsig_stak_inner.o ABSOLUTE
    ../clib/signal.c                         0x00000000   Number         0  defsig_rtred_inner.o ABSOLUTE
    ../clib/signal.c                         0x00000000   Number         0  defsig_fpe_inner.o ABSOLUTE
    ../clib/signal.c                         0x00000000   Number         0  defsig_abrt_inner.o ABSOLUTE
    ../clib/signal.c                         0x00000000   Number         0  __raise.o ABSOLUTE
    ../clib/signal.c                         0x00000000   Number         0  defsig_rtmem_inner.o ABSOLUTE
    ../clib/signal.c                         0x00000000   Number         0  defsig_exit.o ABSOLUTE
    ../clib/signal.c                         0x00000000   Number         0  defsig_general.o ABSOLUTE
    ../clib/signal.c                         0x00000000   Number         0  defsig_rtmem_formal.o ABSOLUTE
    ../clib/signal.c                         0x00000000   Number         0  defsig_rtmem_outer.o ABSOLUTE
    ../clib/signal.s                         0x00000000   Number         0  defsig.o ABSOLUTE
    ../clib/stdlib.c                         0x00000000   Number         0  exit.o ABSOLUTE
    ../clib/stdlib.c                         0x00000000   Number         0  atexit_cpp.o ABSOLUTE
    ../fplib/daddsub.s                       0x00000000   Number         0  daddsub_clz.o ABSOLUTE
    ../fplib/dcmpi.s                         0x00000000   Number         0  dcmpi.o ABSOLUTE
    ../fplib/ddiv.s                          0x00000000   Number         0  ddiv.o ABSOLUTE
    ../fplib/dfixu.s                         0x00000000   Number         0  dfixu.o ABSOLUTE
    ../fplib/dflt.s                          0x00000000   Number         0  dflt_clz.o ABSOLUTE
    ../fplib/dleqf.s                         0x00000000   Number         0  dleqf.o ABSOLUTE
    ../fplib/dmul.s                          0x00000000   Number         0  dmul.o ABSOLUTE
    ../fplib/dnaninf.s                       0x00000000   Number         0  dnaninf.o ABSOLUTE
    ../fplib/dretinf.s                       0x00000000   Number         0  dretinf.o ABSOLUTE
    ../fplib/drleqf.s                        0x00000000   Number         0  drleqf.o ABSOLUTE
    ../fplib/fpinit.s                        0x00000000   Number         0  fpinit.o ABSOLUTE
    ../fplib/usenofp.s                       0x00000000   Number         0  usenofp.o ABSOLUTE
    C:\Other\Keil5\ARM\PACK\Keil\STM32F1xx_DFP\2.0.0\Device\StdPeriph_Driver\src\misc.c 0x00000000   Number         0  misc.o ABSOLUTE
    C:\Other\Keil5\ARM\PACK\Keil\STM32F1xx_DFP\2.0.0\Device\StdPeriph_Driver\src\stm32f10x_dma.c 0x00000000   Number         0  stm32f10x_dma.o ABSOLUTE
    C:\Other\Keil5\ARM\PACK\Keil\STM32F1xx_DFP\2.0.0\Device\StdPeriph_Driver\src\stm32f10x_flash.c 0x00000000   Number         0  stm32f10x_flash.o ABSOLUTE
    C:\Other\Keil5\ARM\PACK\Keil\STM32F1xx_DFP\2.0.0\Device\StdPeriph_Driver\src\stm32f10x_gpio.c 0x00000000   Number         0  stm32f10x_gpio.o ABSOLUTE
    C:\Other\Keil5\ARM\PACK\Keil\STM32F1xx_DFP\2.0.0\Device\StdPeriph_Driver\src\stm32f10x_rcc.c 0x00000000   Number         0  stm32f10x_rcc.o ABSOLUTE
    C:\Other\Keil5\ARM\PACK\Keil\STM32F1xx_DFP\2.0.0\Device\StdPeriph_Driver\src\stm32f10x_tim.c 0x00000000   Number         0  stm32f10x_tim.o ABSOLUTE
    C:\Other\Keil5\ARM\PACK\Keil\STM32F1xx_DFP\2.0.0\Device\StdPeriph_Driver\src\stm32f10x_usart.c 0x00000000   Number         0  stm32f10x_usart.o ABSOLUTE
    C:\\Other\\Keil5\\ARM\\PACK\\Keil\\STM32F1xx_DFP\\2.0.0\\Device\\StdPeriph_Driver\\src\\misc.c 0x00000000   Number         0  misc.o ABSOLUTE
    C:\\Other\\Keil5\\ARM\\PACK\\Keil\\STM32F1xx_DFP\\2.0.0\\Device\\StdPeriph_Driver\\src\\stm32f10x_dma.c 0x00000000   Number         0  stm32f10x_dma.o ABSOLUTE
    C:\\Other\\Keil5\\ARM\\PACK\\Keil\\STM32F1xx_DFP\\2.0.0\\Device\\StdPeriph_Driver\\src\\stm32f10x_flash.c 0x00000000   Number         0  stm32f10x_flash.o ABSOLUTE
    C:\\Other\\Keil5\\ARM\\PACK\\Keil\\STM32F1xx_DFP\\2.0.0\\Device\\StdPeriph_Driver\\src\\stm32f10x_gpio.c 0x00000000   Number         0  stm32f10x_gpio.o ABSOLUTE
    C:\\Other\\Keil5\\ARM\\PACK\\Keil\\STM32F1xx_DFP\\2.0.0\\Device\\StdPeriph_Driver\\src\\stm32f10x_rcc.c 0x00000000   Number         0  stm32f10x_rcc.o ABSOLUTE
    C:\\Other\\Keil5\\ARM\\PACK\\Keil\\STM32F1xx_DFP\\2.0.0\\Device\\StdPeriph_Driver\\src\\stm32f10x_tim.c 0x00000000   Number         0  stm32f10x_tim.o ABSOLUTE
    C:\\Other\\Keil5\\ARM\\PACK\\Keil\\STM32F1xx_DFP\\2.0.0\\Device\\StdPeriph_Driver\\src\\stm32f10x_usart.c 0x00000000   Number         0  stm32f10x_usart.o ABSOLUTE
    Lib\GPIO.cpp                             0x00000000   Number         0  gpio.o ABSOLUTE
    Lib\Interrupt.cpp                        0x00000000   Number         0  interrupt.o ABSOLUTE
    Lib\TaskManager.cpp                      0x00000000   Number         0  taskmanager.o ABSOLUTE
    Lib\USART.cpp                            0x00000000   Number         0  usart.o ABSOLUTE
    Lib\\GPIO.cpp                            0x00000000   Number         0  gpio.o ABSOLUTE
    Lib\\Interrupt.cpp                       0x00000000   Number         0  interrupt.o ABSOLUTE
    Lib\\TaskManager.cpp                     0x00000000   Number         0  taskmanager.o ABSOLUTE
    Lib\\USART.cpp                           0x00000000   Number         0  usart.o ABSOLUTE
    RTE\Device\STM32F103C8\startup_stm32f10x_md.s 0x00000000   Number         0  startup_stm32f10x_md.o ABSOLUTE
    RTE\Device\STM32F103C8\system_stm32f10x.c 0x00000000   Number         0  system_stm32f10x.o ABSOLUTE
    RTE\\Device\\STM32F103C8\\system_stm32f10x.c 0x00000000   Number         0  system_stm32f10x.o ABSOLUTE
    dc.s                                     0x00000000   Number         0  dc.o ABSOLUTE
    main.cpp                                 0x00000000   Number         0  main.o ABSOLUTE
    main.cpp                                 0x00000000   Number         0  main.o ABSOLUTE
    RESET                                    0x08002800   Section      236  startup_stm32f10x_md.o(RESET)
    !!!main                                  0x080028ec   Section        8  __main.o(!!!main)
    !!!scatter                               0x080028f4   Section       52  __scatter.o(!!!scatter)
    !!handler_copy                           0x08002928   Section       26  __scatter_copy.o(!!handler_copy)
    !!handler_zi                             0x08002944   Section       28  __scatter_zi.o(!!handler_zi)
    .ARM.Collect$$libinit$$00000000          0x08002960   Section        2  libinit.o(.ARM.Collect$$libinit$$00000000)
    .ARM.Collect$$libinit$$00000002          0x08002962   Section        0  libinit2.o(.ARM.Collect$$libinit$$00000002)
    .ARM.Collect$$libinit$$00000004          0x08002962   Section        0  libinit2.o(.ARM.Collect$$libinit$$00000004)
    .ARM.Collect$$libinit$$00000005          0x08002962   Section        8  libinit2.o(.ARM.Collect$$libinit$$00000005)
    .ARM.Collect$$libinit$$0000000A          0x0800296a   Section        0  libinit2.o(.ARM.Collect$$libinit$$0000000A)
    .ARM.Collect$$libinit$$0000000C          0x0800296a   Section        0  libinit2.o(.ARM.Collect$$libinit$$0000000C)
    .ARM.Collect$$libinit$$0000000E          0x0800296a   Section        0  libinit2.o(.ARM.Collect$$libinit$$0000000E)
    .ARM.Collect$$libinit$$00000011          0x0800296a   Section        0  libinit2.o(.ARM.Collect$$libinit$$00000011)
    .ARM.Collect$$libinit$$00000013          0x0800296a   Section        0  libinit2.o(.ARM.Collect$$libinit$$00000013)
    .ARM.Collect$$libinit$$00000015          0x0800296a   Section        0  libinit2.o(.ARM.Collect$$libinit$$00000015)
    .ARM.Collect$$libinit$$00000017          0x0800296a   Section        0  libinit2.o(.ARM.Collect$$libinit$$00000017)
    .ARM.Collect$$libinit$$00000019          0x0800296a   Section        0  libinit2.o(.ARM.Collect$$libinit$$00000019)
    .ARM.Collect$$libinit$$0000001B          0x0800296a   Section        0  libinit2.o(.ARM.Collect$$libinit$$0000001B)
    .ARM.Collect$$libinit$$0000001D          0x0800296a   Section        0  libinit2.o(.ARM.Collect$$libinit$$0000001D)
    .ARM.Collect$$libinit$$0000001F          0x0800296a   Section        0  libinit2.o(.ARM.Collect$$libinit$$0000001F)
    .ARM.Collect$$libinit$$00000021          0x0800296a   Section        0  libinit2.o(.ARM.Collect$$libinit$$00000021)
    .ARM.Collect$$libinit$$00000023          0x0800296a   Section        0  libinit2.o(.ARM.Collect$$libinit$$00000023)
    .ARM.Collect$$libinit$$00000025          0x0800296a   Section        0  libinit2.o(.ARM.Collect$$libinit$$00000025)
    .ARM.Collect$$libinit$$0000002C          0x0800296a   Section        0  libinit2.o(.ARM.Collect$$libinit$$0000002C)
    .ARM.Collect$$libinit$$0000002E          0x0800296a   Section        0  libinit2.o(.ARM.Collect$$libinit$$0000002E)
    .ARM.Collect$$libinit$$00000030          0x0800296a   Section        0  libinit2.o(.ARM.Collect$$libinit$$00000030)
    .ARM.Collect$$libinit$$00000031          0x0800296a   Section        4  libinit2.o(.ARM.Collect$$libinit$$00000031)
    .ARM.Collect$$libinit$$00000032          0x0800296e   Section        0  libinit2.o(.ARM.Collect$$libinit$$00000032)
    .ARM.Collect$$libinit$$00000033          0x0800296e   Section        2  libinit2.o(.ARM.Collect$$libinit$$00000033)
    .ARM.Collect$$libshutdown$$00000000      0x08002970   Section        2  libshutdown.o(.ARM.Collect$$libshutdown$$00000000)
    .ARM.Collect$$libshutdown$$00000001      0x08002972   Section        6  libshutdown2.o(.ARM.Collect$$libshutdown$$00000001)
    .ARM.Collect$$libshutdown$$00000003      0x08002978   Section        0  libshutdown2.o(.ARM.Collect$$libshutdown$$00000003)
    .ARM.Collect$$libshutdown$$00000006      0x08002978   Section        0  libshutdown2.o(.ARM.Collect$$libshutdown$$00000006)
    .ARM.Collect$$libshutdown$$00000009      0x08002978   Section        0  libshutdown2.o(.ARM.Collect$$libshutdown$$00000009)
    .ARM.Collect$$libshutdown$$0000000B      0x08002978   Section        0  libshutdown2.o(.ARM.Collect$$libshutdown$$0000000B)
    .ARM.Collect$$libshutdown$$0000000E      0x08002978   Section        0  libshutdown2.o(.ARM.Collect$$libshutdown$$0000000E)
    .ARM.Collect$$libshutdown$$0000000F      0x08002978   Section        2  libshutdown2.o(.ARM.Collect$$libshutdown$$0000000F)
    .ARM.Collect$$rtentry$$00000000          0x0800297a   Section        0  __rtentry.o(.ARM.Collect$$rtentry$$00000000)
    .ARM.Collect$$rtentry$$00000002          0x0800297a   Section        0  __rtentry2.o(.ARM.Collect$$rtentry$$00000002)
    .ARM.Collect$$rtentry$$00000004          0x0800297a   Section        6  __rtentry4.o(.ARM.Collect$$rtentry$$00000004)
    .ARM.Collect$$rtentry$$00000009          0x08002980   Section        0  __rtentry2.o(.ARM.Collect$$rtentry$$00000009)
    .ARM.Collect$$rtentry$$0000000A          0x08002980   Section        4  __rtentry2.o(.ARM.Collect$$rtentry$$0000000A)
    .ARM.Collect$$rtentry$$0000000C          0x08002984   Section        0  __rtentry2.o(.ARM.Collect$$rtentry$$0000000C)
    .ARM.Collect$$rtentry$$0000000D          0x08002984   Section        8  __rtentry2.o(.ARM.Collect$$rtentry$$0000000D)
    .ARM.Collect$$rtexit$$00000000           0x0800298c   Section        2  rtexit.o(.ARM.Collect$$rtexit$$00000000)
    .ARM.Collect$$rtexit$$00000002           0x0800298e   Section        0  rtexit2.o(.ARM.Collect$$rtexit$$00000002)
    .ARM.Collect$$rtexit$$00000003           0x0800298e   Section        4  rtexit2.o(.ARM.Collect$$rtexit$$00000003)
    .ARM.Collect$$rtexit$$00000004           0x08002992   Section        6  rtexit2.o(.ARM.Collect$$rtexit$$00000004)
    .emb_text                                0x08002998   Section        0  maybetermalloc1.o(.emb_text)
    .text                                    0x08002998   Section       64  startup_stm32f10x_md.o(.text)
    .text                                    0x080029d8   Section      100  rt_memcpy_w.o(.text)
    .text                                    0x08002a3c   Section        0  heapauxi.o(.text)
    .text                                    0x08002a44   Section        0  init_aeabi.o(.text)
    .text                                    0x08002a68   Section        8  rt_ddtor_pointer_addr_intlibspace.o(.text)
    .text                                    0x08002a70   Section        0  h1_alloc.o(.text)
    .text                                    0x08002ad0   Section        8  libspace.o(.text)
    .text                                    0x08002ad8   Section        8  rt_heap_descriptor_intlibspace.o(.text)
    .text                                    0x08002ae0   Section        0  hguard.o(.text)
    .text                                    0x08002ae4   Section        0  init_alloc.o(.text)
    .text                                    0x08002b6e   Section        0  h1_init.o(.text)
    .text                                    0x08002b7c   Section        0  h1_free.o(.text)
    .text                                    0x08002bca   Section       74  sys_stackheap_outer.o(.text)
    .text                                    0x08002c14   Section        0  h1_extend.o(.text)
    .text                                    0x08002c48   Section        0  exit.o(.text)
    .text                                    0x08002c54   Section        0  defsig_rtmem_outer.o(.text)
    .text                                    0x08002c62   Section        2  use_no_semi.o(.text)
    .text                                    0x08002c64   Section        0  defsig_exit.o(.text)
    .text                                    0x08002c64   Section        0  indicate_semi.o(.text)
    .text                                    0x08002c70   Section        0  defsig_rtmem_inner.o(.text)
    .text                                    0x08002cc0   Section        0  sys_exit.o(.text)
    .text                                    0x08002ccc   Section        0  defsig_general.o(.text)
    .text                                    0x08002cfe   Section        0  sys_wrch.o(.text)
    i.DMA1_Channel2_IRQHandler               0x08002d0c   Section        0  interrupt.o(i.DMA1_Channel2_IRQHandler)
    i.DMA1_Channel4_IRQHandler               0x08002d24   Section        0  interrupt.o(i.DMA1_Channel4_IRQHandler)
    i.DMA1_Channel7_IRQHandler               0x08002d3c   Section        0  interrupt.o(i.DMA1_Channel7_IRQHandler)
    i.DMA_ClearFlag                          0x08002d54   Section        0  stm32f10x_dma.o(i.DMA_ClearFlag)
    i.DMA_ClearITPendingBit                  0x08002d70   Section        0  stm32f10x_dma.o(i.DMA_ClearITPendingBit)
    i.DMA_Cmd                                0x08002d8c   Section        0  stm32f10x_dma.o(i.DMA_Cmd)
    i.DMA_GetFlagStatus                      0x08002da4   Section        0  stm32f10x_dma.o(i.DMA_GetFlagStatus)
    i.DMA_Init                               0x08002dd0   Section        0  stm32f10x_dma.o(i.DMA_Init)
    i.FLASH_ClearFlag                        0x08002e0c   Section        0  stm32f10x_flash.o(i.FLASH_ClearFlag)
    i.FLASH_ErasePage                        0x08002e18   Section        0  stm32f10x_flash.o(i.FLASH_ErasePage)
    i.FLASH_GetBank1Status                   0x08002e64   Section        0  stm32f10x_flash.o(i.FLASH_GetBank1Status)
    i.FLASH_Lock                             0x08002e98   Section        0  stm32f10x_flash.o(i.FLASH_Lock)
    i.FLASH_ProgramHalfWord                  0x08002eac   Section        0  stm32f10x_flash.o(i.FLASH_ProgramHalfWord)
    i.FLASH_Unlock                           0x08002eec   Section        0  stm32f10x_flash.o(i.FLASH_Unlock)
    i.FLASH_WaitForLastOperation             0x08002f04   Section        0  stm32f10x_flash.o(i.FLASH_WaitForLastOperation)
    i.GPIO_Init                              0x08002f2a   Section        0  stm32f10x_gpio.o(i.GPIO_Init)
    i.GPIO_PinRemapConfig                    0x08003040   Section        0  stm32f10x_gpio.o(i.GPIO_PinRemapConfig)
    i.NVIC_Init                              0x080030d0   Section        0  misc.o(i.NVIC_Init)
    i.NVIC_PriorityGroupConfig               0x08003140   Section        0  misc.o(i.NVIC_PriorityGroupConfig)
    i.RCC_AHBPeriphClockCmd                  0x08003154   Section        0  stm32f10x_rcc.o(i.RCC_AHBPeriphClockCmd)
    i.RCC_APB1PeriphClockCmd                 0x08003174   Section        0  stm32f10x_rcc.o(i.RCC_APB1PeriphClockCmd)
    i.RCC_APB2PeriphClockCmd                 0x08003194   Section        0  stm32f10x_rcc.o(i.RCC_APB2PeriphClockCmd)
    i.RCC_GetClocksFreq                      0x080031b4   Section        0  stm32f10x_rcc.o(i.RCC_GetClocksFreq)
    i.SetSysClock                            0x08003288   Section        0  system_stm32f10x.o(i.SetSysClock)
    SetSysClock                              0x08003289   Thumb Code     8  system_stm32f10x.o(i.SetSysClock)
    i.SetSysClockTo72                        0x08003290   Section        0  system_stm32f10x.o(i.SetSysClockTo72)
    SetSysClockTo72                          0x08003291   Thumb Code   214  system_stm32f10x.o(i.SetSysClockTo72)
    i.SysTick_Handler                        0x08003370   Section        0  taskmanager.o(i.SysTick_Handler)
    i.SystemInit                             0x08003390   Section        0  system_stm32f10x.o(i.SystemInit)
    i.USART1_IRQHandler                      0x080033f0   Section        0  interrupt.o(i.USART1_IRQHandler)
    i.USART2_IRQHandler                      0x08003408   Section        0  interrupt.o(i.USART2_IRQHandler)
    i.USART3_IRQHandler                      0x08003420   Section        0  interrupt.o(i.USART3_IRQHandler)
    i.USART_ClearITPendingBit                0x08003438   Section        0  stm32f10x_usart.o(i.USART_ClearITPendingBit)
    i.USART_Cmd                              0x08003456   Section        0  stm32f10x_usart.o(i.USART_Cmd)
    i.USART_DMACmd                           0x0800346e   Section        0  stm32f10x_usart.o(i.USART_DMACmd)
    i.USART_GetFlagStatus                    0x08003480   Section        0  stm32f10x_usart.o(i.USART_GetFlagStatus)
    i.USART_GetITStatus                      0x0800349a   Section        0  stm32f10x_usart.o(i.USART_GetITStatus)
    i.USART_ITConfig                         0x080034ee   Section        0  stm32f10x_usart.o(i.USART_ITConfig)
    i.USART_Init                             0x08003538   Section        0  stm32f10x_usart.o(i.USART_Init)
    i.USART_ReceiveData                      0x08003610   Section        0  stm32f10x_usart.o(i.USART_ReceiveData)
    i.USART_SendData                         0x0800361a   Section        0  stm32f10x_usart.o(i.USART_SendData)
    i._ZN11TaskManager4TimeEv                0x08003624   Section        0  taskmanager.o(i._ZN11TaskManager4TimeEv)
    i._ZN11TaskManager9ClockToolERdd         0x080036b4   Section        0  taskmanager.o(i._ZN11TaskManager9ClockToolERdd)
    i._ZN11TaskManagerC1Ev                   0x080036f4   Section        0  taskmanager.o(i._ZN11TaskManagerC1Ev)
    i._ZN4GPIO17RCC_ConfigurationEv          0x08003718   Section        0  gpio.o(i._ZN4GPIO17RCC_ConfigurationEv)
    i._ZN4GPIOC1EP12GPIO_TypeDeft16GPIOMode_TypeDef17GPIOSpeed_TypeDef 0x080037b8   Section        0  gpio.o(i._ZN4GPIOC1EP12GPIO_TypeDeft16GPIOMode_TypeDef17GPIOSpeed_TypeDef)
    i._ZN5USART15GetReceivedDataEPht         0x080037fc   Section        0  usart.o(i._ZN5USART15GetReceivedDataEPht)
    i._ZN5USART17ReceiveBufferSizeEv         0x08003824   Section        0  usart.o(i._ZN5USART17ReceiveBufferSizeEv)
    i._ZN5USART3IrqEv                        0x08003834   Section        0  usart.o(i._ZN5USART3IrqEv)
    i._ZN5USART6DmaIrqEv                     0x0800390c   Section        0  usart.o(i._ZN5USART6DmaIrqEv)
    i._ZN5USART8SendDataEPhj                 0x08003994   Section        0  usart.o(i._ZN5USART8SendDataEPhj)
    i._ZN5USARTC1Ehjbhhhhhttt                0x08003a6c   Section        0  usart.o(i._ZN5USARTC1Ehjbhhhhhttt)
    i._ZN5USARTD1Ev                          0x08003e10   Section        0  usart.o(i._ZN5USARTD1Ev)
    i._ZN5USARTlsEPKc                        0x08003e60   Section        0  usart.o(i._ZN5USARTlsEPKc)
    i.__aeabi_atexit                         0x08003e84   Section        0  aeabi_atexit.o(i.__aeabi_atexit)
    i.__cxa_finalize                         0x08003eb6   Section        0  cxa_finalize.o(i.__cxa_finalize)
    i.__sti___15_TaskManager_cpp_tskmgr      0x08003ef8   Section        0  taskmanager.o(i.__sti___15_TaskManager_cpp_tskmgr)
    __sti___15_TaskManager_cpp_tskmgr        0x08003ef9   Thumb Code    10  taskmanager.o(i.__sti___15_TaskManager_cpp_tskmgr)
    i.__sti___8_main_cpp_com                 0x08003f08   Section        0  main.o(i.__sti___8_main_cpp_com)
    __sti___8_main_cpp_com                   0x08003f09   Thumb Code    60  main.o(i.__sti___8_main_cpp_com)
    i.main                                   0x08003f50   Section        0  main.o(i.main)
    t._ZN10FIFOBufferIhLt256EE3GetERh        0x0800403c   Section        0  usart.o(t._ZN10FIFOBufferIhLt256EE3GetERh)
    t._ZN10FIFOBufferIhLt256EE3PutERKh       0x08004070   Section        0  usart.o(t._ZN10FIFOBufferIhLt256EE3PutERKh)
    t._ZN10FIFOBufferIhLt256EE4GetsEPht      0x080040b4   Section        0  usart.o(t._ZN10FIFOBufferIhLt256EE4GetsEPht)
    t._ZN10FIFOBufferIhLt256EE4PutsEPht      0x080040f8   Section        0  usart.o(t._ZN10FIFOBufferIhLt256EE4PutsEPht)
    t._ZN10FIFOBufferIhLt256EE4SizeEv        0x0800414a   Section        0  usart.o(t._ZN10FIFOBufferIhLt256EE4SizeEv)
    t._ZN10FIFOBufferIhLt256EEC1Ev           0x08004166   Section        0  usart.o(t._ZN10FIFOBufferIhLt256EEC1Ev)
    x$fpl$dadd                               0x08004174   Section      336  daddsub_clz.o(x$fpl$dadd)
    _dadd1                                   0x08004185   Thumb Code     0  daddsub_clz.o(x$fpl$dadd)
    x$fpl$dcmpinf                            0x080042c4   Section       24  dcmpi.o(x$fpl$dcmpinf)
    x$fpl$ddiv                               0x080042dc   Section      688  ddiv.o(x$fpl$ddiv)
    ddiv_entry                               0x080042e3   Thumb Code     0  ddiv.o(x$fpl$ddiv)
    x$fpl$dfltu                              0x0800458c   Section       38  dflt_clz.o(x$fpl$dfltu)
    x$fpl$dleqf                              0x080045b4   Section      120  dleqf.o(x$fpl$dleqf)
    x$fpl$dnaninf                            0x0800462c   Section      156  dnaninf.o(x$fpl$dnaninf)
    x$fpl$dretinf                            0x080046c8   Section       12  dretinf.o(x$fpl$dretinf)
    x$fpl$drleqf                             0x080046d4   Section      108  drleqf.o(x$fpl$drleqf)
    x$fpl$dsub                               0x08004740   Section      468  daddsub_clz.o(x$fpl$dsub)
    _dsub1                                   0x08004751   Thumb Code     0  daddsub_clz.o(x$fpl$dsub)
    .constdata                               0x08004914   Section       32  gpio.o(.constdata)
    x$fpl$usenofp                            0x08004914   Section        0  usenofp.o(x$fpl$usenofp)
    .init_array                              0x08004954   Section        4  main.o(.init_array)
    .init_array                              0x08004958   Section        4  taskmanager.o(.init_array)
    .init_array                              0x0800495c   Section        0  init_aeabi.o(.init_array)
    .data                                    0x20000000   Section       12  interrupt.o(.data)
    .data                                    0x20000010   Section       32  taskmanager.o(.data)
    .data                                    0x20000030   Section        3  usart.o(.data)
    dataToSend                               0x20000030   Data           1  usart.o(.data)
    dataToSend                               0x20000031   Data           1  usart.o(.data)
    dataToSend                               0x20000032   Data           1  usart.o(.data)
    .data                                    0x20000033   Section       20  stm32f10x_rcc.o(.data)
    APBAHBPrescTable                         0x20000033   Data          16  stm32f10x_rcc.o(.data)
    ADCPrescTable                            0x20000043   Data           4  stm32f10x_rcc.o(.data)
    .bss                                     0x20000048   Section      588  main.o(.bss)
    .bss                                     0x20000294   Section       96  libspace.o(.bss)
    HEAP                                     0x200002f8   Section      512  startup_stm32f10x_md.o(HEAP)
    Heap_Mem                                 0x200002f8   Data         512  startup_stm32f10x_md.o(HEAP)
    STACK                                    0x200004f8   Section     1024  startup_stm32f10x_md.o(STACK)
    Stack_Mem                                0x200004f8   Data        1024  startup_stm32f10x_md.o(STACK)
    __initial_sp                             0x200008f8   Data           0  startup_stm32f10x_md.o(STACK)

    Global Symbols

    Symbol Name                              Value     Ov Type        Size  Object(Section)

    BuildAttributes$$THM_ISAv4$P$D$K$B$S$PE$A:L22UL41UL21$X:L11$S22US41US21$IEEE1$IW$USESV6$~STKCKD$USESV7$~SHL$OTIME$ROPI$EBA8$UX$STANDARDLIB$REQ8$PRES8$EABIv2 0x00000000   Number         0  anon$$obj.o ABSOLUTE
    __ARM_use_no_argv                        0x00000000   Number         0  main.o ABSOLUTE
    __ARM_exceptions_init                     - Undefined Weak Reference
    __alloca_initialize                       - Undefined Weak Reference
    __arm_preinit_                            - Undefined Weak Reference
    __rt_locale                               - Undefined Weak Reference
    __sigvec_lookup                           - Undefined Weak Reference
    __user_heap_extent                        - Undefined Weak Reference
    _atexit_init                              - Undefined Weak Reference
    _call_atexit_fns                          - Undefined Weak Reference
    _clock_init                               - Undefined Weak Reference
    _fp_trap_init                             - Undefined Weak Reference
    _fp_trap_shutdown                         - Undefined Weak Reference
    _get_lc_collate                           - Undefined Weak Reference
    _get_lc_ctype                             - Undefined Weak Reference
    _get_lc_monetary                          - Undefined Weak Reference
    _get_lc_numeric                           - Undefined Weak Reference
    _get_lc_time                              - Undefined Weak Reference
    _getenv_init                              - Undefined Weak Reference
    _handle_redirection                       - Undefined Weak Reference
    _initio                                   - Undefined Weak Reference
    _mutex_acquire                            - Undefined Weak Reference
    _mutex_free                               - Undefined Weak Reference
    _mutex_release                            - Undefined Weak Reference
    _rand_init                                - Undefined Weak Reference
    _signal_finish                            - Undefined Weak Reference
    _signal_init                              - Undefined Weak Reference
    _terminateio                              - Undefined Weak Reference
    __Vectors_Size                           0x000000ec   Number         0  startup_stm32f10x_md.o ABSOLUTE
    __Vectors                                0x08002800   Data           4  startup_stm32f10x_md.o(RESET)
    __dso_handle                             0x08002800   Number         0  startup_stm32f10x_md.o(RESET)
    __Vectors_End                            0x080028ec   Data           0  startup_stm32f10x_md.o(RESET)
    __main                                   0x080028ed   Thumb Code     8  __main.o(!!!main)
    __scatterload                            0x080028f5   Thumb Code     0  __scatter.o(!!!scatter)
    __scatterload_rt2                        0x080028f5   Thumb Code    44  __scatter.o(!!!scatter)
    __scatterload_rt2_thumb_only             0x080028f5   Thumb Code     0  __scatter.o(!!!scatter)
    __scatterload_null                       0x08002903   Thumb Code     0  __scatter.o(!!!scatter)
    __scatterload_copy                       0x08002929   Thumb Code    26  __scatter_copy.o(!!handler_copy)
    __scatterload_zeroinit                   0x08002945   Thumb Code    28  __scatter_zi.o(!!handler_zi)
    __rt_lib_init                            0x08002961   Thumb Code     0  libinit.o(.ARM.Collect$$libinit$$00000000)
    __rt_lib_init_fp_1                       0x08002963   Thumb Code     0  libinit2.o(.ARM.Collect$$libinit$$00000002)
    __rt_lib_init_heap_2                     0x08002963   Thumb Code     0  libinit2.o(.ARM.Collect$$libinit$$00000005)
    __rt_lib_init_preinit_1                  0x08002963   Thumb Code     0  libinit2.o(.ARM.Collect$$libinit$$00000004)
    __rt_lib_init_alloca_1                   0x0800296b   Thumb Code     0  libinit2.o(.ARM.Collect$$libinit$$0000002E)
    __rt_lib_init_argv_1                     0x0800296b   Thumb Code     0  libinit2.o(.ARM.Collect$$libinit$$0000002C)
    __rt_lib_init_atexit_1                   0x0800296b   Thumb Code     0  libinit2.o(.ARM.Collect$$libinit$$0000001B)
    __rt_lib_init_clock_1                    0x0800296b   Thumb Code     0  libinit2.o(.ARM.Collect$$libinit$$00000021)
    __rt_lib_init_cpp_2                      0x0800296b   Thumb Code     0  libinit2.o(.ARM.Collect$$libinit$$00000031)
    __rt_lib_init_exceptions_1               0x0800296b   Thumb Code     0  libinit2.o(.ARM.Collect$$libinit$$00000030)
    __rt_lib_init_fp_trap_1                  0x0800296b   Thumb Code     0  libinit2.o(.ARM.Collect$$libinit$$0000001F)
    __rt_lib_init_getenv_1                   0x0800296b   Thumb Code     0  libinit2.o(.ARM.Collect$$libinit$$00000023)
    __rt_lib_init_heap_1                     0x0800296b   Thumb Code     0  libinit2.o(.ARM.Collect$$libinit$$0000000A)
    __rt_lib_init_lc_collate_1               0x0800296b   Thumb Code     0  libinit2.o(.ARM.Collect$$libinit$$00000011)
    __rt_lib_init_lc_ctype_1                 0x0800296b   Thumb Code     0  libinit2.o(.ARM.Collect$$libinit$$00000013)
    __rt_lib_init_lc_monetary_1              0x0800296b   Thumb Code     0  libinit2.o(.ARM.Collect$$libinit$$00000015)
    __rt_lib_init_lc_numeric_1               0x0800296b   Thumb Code     0  libinit2.o(.ARM.Collect$$libinit$$00000017)
    __rt_lib_init_lc_time_1                  0x0800296b   Thumb Code     0  libinit2.o(.ARM.Collect$$libinit$$00000019)
    __rt_lib_init_rand_1                     0x0800296b   Thumb Code     0  libinit2.o(.ARM.Collect$$libinit$$0000000E)
    __rt_lib_init_signal_1                   0x0800296b   Thumb Code     0  libinit2.o(.ARM.Collect$$libinit$$0000001D)
    __rt_lib_init_stdio_1                    0x0800296b   Thumb Code     0  libinit2.o(.ARM.Collect$$libinit$$00000025)
    __rt_lib_init_user_alloc_1               0x0800296b   Thumb Code     0  libinit2.o(.ARM.Collect$$libinit$$0000000C)
    __rt_lib_init_cpp_1                      0x0800296f   Thumb Code     0  libinit2.o(.ARM.Collect$$libinit$$00000032)
    __rt_lib_init_return                     0x0800296f   Thumb Code     0  libinit2.o(.ARM.Collect$$libinit$$00000033)
    __rt_lib_shutdown                        0x08002971   Thumb Code     0  libshutdown.o(.ARM.Collect$$libshutdown$$00000000)
    __rt_lib_shutdown_cpp_1                  0x08002973   Thumb Code     0  libshutdown2.o(.ARM.Collect$$libshutdown$$00000001)
    __rt_lib_shutdown_fp_trap_1              0x08002979   Thumb Code     0  libshutdown2.o(.ARM.Collect$$libshutdown$$00000006)
    __rt_lib_shutdown_heap_1                 0x08002979   Thumb Code     0  libshutdown2.o(.ARM.Collect$$libshutdown$$0000000E)
    __rt_lib_shutdown_return                 0x08002979   Thumb Code     0  libshutdown2.o(.ARM.Collect$$libshutdown$$0000000F)
    __rt_lib_shutdown_signal_1               0x08002979   Thumb Code     0  libshutdown2.o(.ARM.Collect$$libshutdown$$00000009)
    __rt_lib_shutdown_stdio_1                0x08002979   Thumb Code     0  libshutdown2.o(.ARM.Collect$$libshutdown$$00000003)
    __rt_lib_shutdown_user_alloc_1           0x08002979   Thumb Code     0  libshutdown2.o(.ARM.Collect$$libshutdown$$0000000B)
    __rt_entry                               0x0800297b   Thumb Code     0  __rtentry.o(.ARM.Collect$$rtentry$$00000000)
    __rt_entry_presh_1                       0x0800297b   Thumb Code     0  __rtentry2.o(.ARM.Collect$$rtentry$$00000002)
    __rt_entry_sh                            0x0800297b   Thumb Code     0  __rtentry4.o(.ARM.Collect$$rtentry$$00000004)
    __rt_entry_li                            0x08002981   Thumb Code     0  __rtentry2.o(.ARM.Collect$$rtentry$$0000000A)
    __rt_entry_postsh_1                      0x08002981   Thumb Code     0  __rtentry2.o(.ARM.Collect$$rtentry$$00000009)
    __rt_entry_main                          0x08002985   Thumb Code     0  __rtentry2.o(.ARM.Collect$$rtentry$$0000000D)
    __rt_entry_postli_1                      0x08002985   Thumb Code     0  __rtentry2.o(.ARM.Collect$$rtentry$$0000000C)
    __rt_exit                                0x0800298d   Thumb Code     0  rtexit.o(.ARM.Collect$$rtexit$$00000000)
    __rt_exit_ls                             0x0800298f   Thumb Code     0  rtexit2.o(.ARM.Collect$$rtexit$$00000003)
    __rt_exit_prels_1                        0x0800298f   Thumb Code     0  rtexit2.o(.ARM.Collect$$rtexit$$00000002)
    __rt_exit_exit                           0x08002993   Thumb Code     0  rtexit2.o(.ARM.Collect$$rtexit$$00000004)
    Reset_Handler                            0x08002999   Thumb Code     8  startup_stm32f10x_md.o(.text)
    _maybe_terminate_alloc                   0x08002999   Thumb Code     0  maybetermalloc1.o(.emb_text)
    NMI_Handler                              0x080029a1   Thumb Code     2  startup_stm32f10x_md.o(.text)
    HardFault_Handler                        0x080029a3   Thumb Code     2  startup_stm32f10x_md.o(.text)
    MemManage_Handler                        0x080029a5   Thumb Code     2  startup_stm32f10x_md.o(.text)
    BusFault_Handler                         0x080029a7   Thumb Code     2  startup_stm32f10x_md.o(.text)
    UsageFault_Handler                       0x080029a9   Thumb Code     2  startup_stm32f10x_md.o(.text)
    SVC_Handler                              0x080029ab   Thumb Code     2  startup_stm32f10x_md.o(.text)
    DebugMon_Handler                         0x080029ad   Thumb Code     2  startup_stm32f10x_md.o(.text)
    PendSV_Handler                           0x080029af   Thumb Code     2  startup_stm32f10x_md.o(.text)
    ADC1_2_IRQHandler                        0x080029b3   Thumb Code     0  startup_stm32f10x_md.o(.text)
    CAN1_RX1_IRQHandler                      0x080029b3   Thumb Code     0  startup_stm32f10x_md.o(.text)
    CAN1_SCE_IRQHandler                      0x080029b3   Thumb Code     0  startup_stm32f10x_md.o(.text)
    DMA1_Channel1_IRQHandler                 0x080029b3   Thumb Code     0  startup_stm32f10x_md.o(.text)
    DMA1_Channel3_IRQHandler                 0x080029b3   Thumb Code     0  startup_stm32f10x_md.o(.text)
    DMA1_Channel5_IRQHandler                 0x080029b3   Thumb Code     0  startup_stm32f10x_md.o(.text)
    DMA1_Channel6_IRQHandler                 0x080029b3   Thumb Code     0  startup_stm32f10x_md.o(.text)
    EXTI0_IRQHandler                         0x080029b3   Thumb Code     0  startup_stm32f10x_md.o(.text)
    EXTI15_10_IRQHandler                     0x080029b3   Thumb Code     0  startup_stm32f10x_md.o(.text)
    EXTI1_IRQHandler                         0x080029b3   Thumb Code     0  startup_stm32f10x_md.o(.text)
    EXTI2_IRQHandler                         0x080029b3   Thumb Code     0  startup_stm32f10x_md.o(.text)
    EXTI3_IRQHandler                         0x080029b3   Thumb Code     0  startup_stm32f10x_md.o(.text)
    EXTI4_IRQHandler                         0x080029b3   Thumb Code     0  startup_stm32f10x_md.o(.text)
    EXTI9_5_IRQHandler                       0x080029b3   Thumb Code     0  startup_stm32f10x_md.o(.text)
    FLASH_IRQHandler                         0x080029b3   Thumb Code     0  startup_stm32f10x_md.o(.text)
    I2C1_ER_IRQHandler                       0x080029b3   Thumb Code     0  startup_stm32f10x_md.o(.text)
    I2C1_EV_IRQHandler                       0x080029b3   Thumb Code     0  startup_stm32f10x_md.o(.text)
    I2C2_ER_IRQHandler                       0x080029b3   Thumb Code     0  startup_stm32f10x_md.o(.text)
    I2C2_EV_IRQHandler                       0x080029b3   Thumb Code     0  startup_stm32f10x_md.o(.text)
    PVD_IRQHandler                           0x080029b3   Thumb Code     0  startup_stm32f10x_md.o(.text)
    RCC_IRQHandler                           0x080029b3   Thumb Code     0  startup_stm32f10x_md.o(.text)
    RTCAlarm_IRQHandler                      0x080029b3   Thumb Code     0  startup_stm32f10x_md.o(.text)
    RTC_IRQHandler                           0x080029b3   Thumb Code     0  startup_stm32f10x_md.o(.text)
    SPI1_IRQHandler                          0x080029b3   Thumb Code     0  startup_stm32f10x_md.o(.text)
    SPI2_IRQHandler                          0x080029b3   Thumb Code     0  startup_stm32f10x_md.o(.text)
    TAMPER_IRQHandler                        0x080029b3   Thumb Code     0  startup_stm32f10x_md.o(.text)
    TIM1_BRK_IRQHandler                      0x080029b3   Thumb Code     0  startup_stm32f10x_md.o(.text)
    TIM1_CC_IRQHandler                       0x080029b3   Thumb Code     0  startup_stm32f10x_md.o(.text)
    TIM1_TRG_COM_IRQHandler                  0x080029b3   Thumb Code     0  startup_stm32f10x_md.o(.text)
    TIM1_UP_IRQHandler                       0x080029b3   Thumb Code     0  startup_stm32f10x_md.o(.text)
    TIM2_IRQHandler                          0x080029b3   Thumb Code     0  startup_stm32f10x_md.o(.text)
    TIM3_IRQHandler                          0x080029b3   Thumb Code     0  startup_stm32f10x_md.o(.text)
    TIM4_IRQHandler                          0x080029b3   Thumb Code     0  startup_stm32f10x_md.o(.text)
    USBWakeUp_IRQHandler                     0x080029b3   Thumb Code     0  startup_stm32f10x_md.o(.text)
    USB_HP_CAN1_TX_IRQHandler                0x080029b3   Thumb Code     0  startup_stm32f10x_md.o(.text)
    USB_LP_CAN1_RX0_IRQHandler               0x080029b3   Thumb Code     0  startup_stm32f10x_md.o(.text)
    WWDG_IRQHandler                          0x080029b3   Thumb Code     0  startup_stm32f10x_md.o(.text)
    __user_initial_stackheap                 0x080029b5   Thumb Code     0  startup_stm32f10x_md.o(.text)
    __aeabi_memcpy4                          0x080029d9   Thumb Code     0  rt_memcpy_w.o(.text)
    __aeabi_memcpy8                          0x080029d9   Thumb Code     0  rt_memcpy_w.o(.text)
    __rt_memcpy_w                            0x080029d9   Thumb Code   100  rt_memcpy_w.o(.text)
    _memcpy_lastbytes_aligned                0x08002a21   Thumb Code     0  rt_memcpy_w.o(.text)
    __use_two_region_memory                  0x08002a3d   Thumb Code     2  heapauxi.o(.text)
    __rt_heap_escrow                         0x08002a3f   Thumb Code     2  heapauxi.o(.text)
    __rt_heap_expand                         0x08002a41   Thumb Code     2  heapauxi.o(.text)
    __cpp_initialize__aeabi_                 0x08002a45   Thumb Code    26  init_aeabi.o(.text)
    __rt_ddtor_pointer_addr                  0x08002a69   Thumb Code     8  rt_ddtor_pointer_addr_intlibspace.o(.text)
    malloc                                   0x08002a71   Thumb Code    94  h1_alloc.o(.text)
    __user_libspace                          0x08002ad1   Thumb Code     8  libspace.o(.text)
    __user_perproc_libspace                  0x08002ad1   Thumb Code     0  libspace.o(.text)
    __user_perthread_libspace                0x08002ad1   Thumb Code     0  libspace.o(.text)
    __rt_heap_descriptor                     0x08002ad9   Thumb Code     8  rt_heap_descriptor_intlibspace.o(.text)
    __use_no_heap                            0x08002ae1   Thumb Code     2  hguard.o(.text)
    __heap$guard                             0x08002ae3   Thumb Code     2  hguard.o(.text)
    _terminate_user_alloc                    0x08002ae5   Thumb Code     2  init_alloc.o(.text)
    _init_user_alloc                         0x08002ae7   Thumb Code     2  init_alloc.o(.text)
    __Heap_Full                              0x08002ae9   Thumb Code    34  init_alloc.o(.text)
    __Heap_Broken                            0x08002b0b   Thumb Code     6  init_alloc.o(.text)
    _init_alloc                              0x08002b11   Thumb Code    94  init_alloc.o(.text)
    __Heap_Initialize                        0x08002b6f   Thumb Code    10  h1_init.o(.text)
    __Heap_DescSize                          0x08002b79   Thumb Code     4  h1_init.o(.text)
    free                                     0x08002b7d   Thumb Code    78  h1_free.o(.text)
    __user_setup_stackheap                   0x08002bcb   Thumb Code    74  sys_stackheap_outer.o(.text)
    __Heap_ProvideMemory                     0x08002c15   Thumb Code    52  h1_extend.o(.text)
    exit                                     0x08002c49   Thumb Code    12  exit.o(.text)
    __rt_SIGRTMEM                            0x08002c55   Thumb Code    14  defsig_rtmem_outer.o(.text)
    __I$use$semihosting                      0x08002c63   Thumb Code     0  use_no_semi.o(.text)
    __use_no_semihosting_swi                 0x08002c63   Thumb Code     2  use_no_semi.o(.text)
    __semihosting_library_function           0x08002c65   Thumb Code     0  indicate_semi.o(.text)
    __sig_exit                               0x08002c65   Thumb Code    10  defsig_exit.o(.text)
    __rt_SIGRTMEM_inner                      0x08002c71   Thumb Code    22  defsig_rtmem_inner.o(.text)
    _sys_exit                                0x08002cc1   Thumb Code     8  sys_exit.o(.text)
    __default_signal_display                 0x08002ccd   Thumb Code    50  defsig_general.o(.text)
    _ttywrch                                 0x08002cff   Thumb Code    14  sys_wrch.o(.text)
    DMA1_Channel2_IRQHandler                 0x08002d0d   Thumb Code    18  interrupt.o(i.DMA1_Channel2_IRQHandler)
    DMA1_Channel4_IRQHandler                 0x08002d25   Thumb Code    18  interrupt.o(i.DMA1_Channel4_IRQHandler)
    DMA1_Channel7_IRQHandler                 0x08002d3d   Thumb Code    18  interrupt.o(i.DMA1_Channel7_IRQHandler)
    DMA_ClearFlag                            0x08002d55   Thumb Code    18  stm32f10x_dma.o(i.DMA_ClearFlag)
    DMA_ClearITPendingBit                    0x08002d71   Thumb Code    18  stm32f10x_dma.o(i.DMA_ClearITPendingBit)
    DMA_Cmd                                  0x08002d8d   Thumb Code    24  stm32f10x_dma.o(i.DMA_Cmd)
    DMA_GetFlagStatus                        0x08002da5   Thumb Code    36  stm32f10x_dma.o(i.DMA_GetFlagStatus)
    DMA_Init                                 0x08002dd1   Thumb Code    60  stm32f10x_dma.o(i.DMA_Init)
    FLASH_ClearFlag                          0x08002e0d   Thumb Code     6  stm32f10x_flash.o(i.FLASH_ClearFlag)
    FLASH_ErasePage                          0x08002e19   Thumb Code    72  stm32f10x_flash.o(i.FLASH_ErasePage)
    FLASH_GetBank1Status                     0x08002e65   Thumb Code    48  stm32f10x_flash.o(i.FLASH_GetBank1Status)
    FLASH_Lock                               0x08002e99   Thumb Code    14  stm32f10x_flash.o(i.FLASH_Lock)
    FLASH_ProgramHalfWord                    0x08002ead   Thumb Code    60  stm32f10x_flash.o(i.FLASH_ProgramHalfWord)
    FLASH_Unlock                             0x08002eed   Thumb Code    12  stm32f10x_flash.o(i.FLASH_Unlock)
    FLASH_WaitForLastOperation               0x08002f05   Thumb Code    38  stm32f10x_flash.o(i.FLASH_WaitForLastOperation)
    GPIO_Init                                0x08002f2b   Thumb Code   278  stm32f10x_gpio.o(i.GPIO_Init)
    GPIO_PinRemapConfig                      0x08003041   Thumb Code   138  stm32f10x_gpio.o(i.GPIO_PinRemapConfig)
    NVIC_Init                                0x080030d1   Thumb Code   100  misc.o(i.NVIC_Init)
    NVIC_PriorityGroupConfig                 0x08003141   Thumb Code    10  misc.o(i.NVIC_PriorityGroupConfig)
    RCC_AHBPeriphClockCmd                    0x08003155   Thumb Code    26  stm32f10x_rcc.o(i.RCC_AHBPeriphClockCmd)
    RCC_APB1PeriphClockCmd                   0x08003175   Thumb Code    26  stm32f10x_rcc.o(i.RCC_APB1PeriphClockCmd)
    RCC_APB2PeriphClockCmd                   0x08003195   Thumb Code    26  stm32f10x_rcc.o(i.RCC_APB2PeriphClockCmd)
    RCC_GetClocksFreq                        0x080031b5   Thumb Code   192  stm32f10x_rcc.o(i.RCC_GetClocksFreq)
    SysTick_Handler                          0x08003371   Thumb Code    20  taskmanager.o(i.SysTick_Handler)
    SystemInit                               0x08003391   Thumb Code    78  system_stm32f10x.o(i.SystemInit)
    USART1_IRQHandler                        0x080033f1   Thumb Code    18  interrupt.o(i.USART1_IRQHandler)
    USART2_IRQHandler                        0x08003409   Thumb Code    18  interrupt.o(i.USART2_IRQHandler)
    USART3_IRQHandler                        0x08003421   Thumb Code    18  interrupt.o(i.USART3_IRQHandler)
    USART_ClearITPendingBit                  0x08003439   Thumb Code    30  stm32f10x_usart.o(i.USART_ClearITPendingBit)
    USART_Cmd                                0x08003457   Thumb Code    24  stm32f10x_usart.o(i.USART_Cmd)
    USART_DMACmd                             0x0800346f   Thumb Code    18  stm32f10x_usart.o(i.USART_DMACmd)
    USART_GetFlagStatus                      0x08003481   Thumb Code    26  stm32f10x_usart.o(i.USART_GetFlagStatus)
    USART_GetITStatus                        0x0800349b   Thumb Code    84  stm32f10x_usart.o(i.USART_GetITStatus)
    USART_ITConfig                           0x080034ef   Thumb Code    74  stm32f10x_usart.o(i.USART_ITConfig)
    USART_Init                               0x08003539   Thumb Code   210  stm32f10x_usart.o(i.USART_Init)
    USART_ReceiveData                        0x08003611   Thumb Code    10  stm32f10x_usart.o(i.USART_ReceiveData)
    USART_SendData                           0x0800361b   Thumb Code     8  stm32f10x_usart.o(i.USART_SendData)
    TaskManager::Time()                      0x08003625   Thumb Code   110  taskmanager.o(i._ZN11TaskManager4TimeEv)
    TaskManager::ClockTool(double&, double)  0x080036b5   Thumb Code    62  taskmanager.o(i._ZN11TaskManager9ClockToolERdd)
    TaskManager::TaskManager()               0x080036f5   Thumb Code    32  taskmanager.o(i._ZN11TaskManagerC1Ev)
    TaskManager::TaskManager__sub_object()   0x080036f5   Thumb Code     0  taskmanager.o(i._ZN11TaskManagerC1Ev)
    GPIO::RCC_Configuration()                0x08003719   Thumb Code   130  gpio.o(i._ZN4GPIO17RCC_ConfigurationEv)
    GPIO::GPIO(GPIO_TypeDef*, unsigned short, GPIOMode_TypeDef, GPIOSpeed_TypeDef) 0x080037b9   Thumb Code    64  gpio.o(i._ZN4GPIOC1EP12GPIO_TypeDeft16GPIOMode_TypeDef17GPIOSpeed_TypeDef)
    GPIO::GPIO__sub_object(GPIO_TypeDef*, unsigned short, GPIOMode_TypeDef, GPIOSpeed_TypeDef) 0x080037b9   Thumb Code     0  gpio.o(i._ZN4GPIOC1EP12GPIO_TypeDeft16GPIOMode_TypeDef17GPIOSpeed_TypeDef)
    USART::GetReceivedData(unsigned char*, unsigned short) 0x080037fd   Thumb Code    40  usart.o(i._ZN5USART15GetReceivedDataEPht)
    USART::ReceiveBufferSize()               0x08003825   Thumb Code    14  usart.o(i._ZN5USART17ReceiveBufferSizeEv)
    USART::Irq()                             0x08003835   Thumb Code   208  usart.o(i._ZN5USART3IrqEv)
    USART::DmaIrq()                          0x0800390d   Thumb Code   136  usart.o(i._ZN5USART6DmaIrqEv)
    USART::SendData(unsigned char*, unsigned) 0x08003995   Thumb Code   212  usart.o(i._ZN5USART8SendDataEPhj)
    USART::USART(unsigned char, unsigned, bool, unsigned char, unsigned char, unsigned char, unsigned char, unsigned char, unsigned short, unsigned short, unsigned short) 0x08003a6d   Thumb Code   884  usart.o(i._ZN5USARTC1Ehjbhhhhhttt)
    USART::USART__sub_object(unsigned char, unsigned, bool, unsigned char, unsigned char, unsigned char, unsigned char, unsigned char, unsigned short, unsigned short, unsigned short) 0x08003a6d   Thumb Code     0  usart.o(i._ZN5USARTC1Ehjbhhhhhttt)
    USART::~USART()                          0x08003e11   Thumb Code    54  usart.o(i._ZN5USARTD1Ev)
    USART::~USART__sub_object()              0x08003e11   Thumb Code     0  usart.o(i._ZN5USARTD1Ev)
    USART::operator <<(const char*)          0x08003e61   Thumb Code    36  usart.o(i._ZN5USARTlsEPKc)
    __aeabi_atexit                           0x08003e85   Thumb Code    50  aeabi_atexit.o(i.__aeabi_atexit)
    __cxa_finalize                           0x08003eb7   Thumb Code    66  cxa_finalize.o(i.__cxa_finalize)
    main                                     0x08003f51   Thumb Code   150  main.o(i.main)
    FIFOBuffer<unsigned char, (unsigned short)256>::Get(unsigned char&) 0x0800403d   Thumb Code    52  usart.o(t._ZN10FIFOBufferIhLt256EE3GetERh)
    FIFOBuffer<unsigned char, (unsigned short)256>::Put(const unsigned char&) 0x08004071   Thumb Code    68  usart.o(t._ZN10FIFOBufferIhLt256EE3PutERKh)
    FIFOBuffer<unsigned char, (unsigned short)256>::Gets(unsigned char*, unsigned short) 0x080040b5   Thumb Code    68  usart.o(t._ZN10FIFOBufferIhLt256EE4GetsEPht)
    FIFOBuffer<unsigned char, (unsigned short)256>::Puts(unsigned char*, unsigned short) 0x080040f9   Thumb Code    82  usart.o(t._ZN10FIFOBufferIhLt256EE4PutsEPht)
    FIFOBuffer<unsigned char, (unsigned short)256>::Size() 0x0800414b   Thumb Code    28  usart.o(t._ZN10FIFOBufferIhLt256EE4SizeEv)
    FIFOBuffer<unsigned char, (unsigned short)256>::FIFOBuffer() 0x08004167   Thumb Code    12  usart.o(t._ZN10FIFOBufferIhLt256EEC1Ev)
    FIFOBuffer<unsigned char, (unsigned short)256>::FIFOBuffer__sub_object() 0x08004167   Thumb Code     0  usart.o(t._ZN10FIFOBufferIhLt256EEC1Ev)
    __aeabi_dadd                             0x08004175   Thumb Code     0  daddsub_clz.o(x$fpl$dadd)
    _dadd                                    0x08004175   Thumb Code   332  daddsub_clz.o(x$fpl$dadd)
    __fpl_dcmp_Inf                           0x080042c5   Thumb Code    24  dcmpi.o(x$fpl$dcmpinf)
    __aeabi_ddiv                             0x080042dd   Thumb Code     0  ddiv.o(x$fpl$ddiv)
    _ddiv                                    0x080042dd   Thumb Code   552  ddiv.o(x$fpl$ddiv)
    __aeabi_ui2d                             0x0800458d   Thumb Code     0  dflt_clz.o(x$fpl$dfltu)
    _dfltu                                   0x0800458d   Thumb Code    38  dflt_clz.o(x$fpl$dfltu)
    __aeabi_cdcmple                          0x080045b5   Thumb Code     0  dleqf.o(x$fpl$dleqf)
    _dcmple                                  0x080045b5   Thumb Code   120  dleqf.o(x$fpl$dleqf)
    __fpl_dcmple_InfNaN                      0x08004617   Thumb Code     0  dleqf.o(x$fpl$dleqf)
    __fpl_dnaninf                            0x0800462d   Thumb Code   156  dnaninf.o(x$fpl$dnaninf)
    __fpl_dretinf                            0x080046c9   Thumb Code    12  dretinf.o(x$fpl$dretinf)
    __aeabi_cdrcmple                         0x080046d5   Thumb Code     0  drleqf.o(x$fpl$drleqf)
    _drcmple                                 0x080046d5   Thumb Code   108  drleqf.o(x$fpl$drleqf)
    __aeabi_dsub                             0x08004741   Thumb Code     0  daddsub_clz.o(x$fpl$dsub)
    _dsub                                    0x08004741   Thumb Code   464  daddsub_clz.o(x$fpl$dsub)
    GPIO::mPin                               0x08004914   Data          32  gpio.o(.constdata)
    __I$use$fp                               0x08004914   Number         0  usenofp.o(x$fpl$usenofp)
    Region$$Table$$Base                      0x08004934   Number         0  anon$$obj.o(Region$$Table)
    Region$$Table$$Limit                     0x08004954   Number         0  anon$$obj.o(Region$$Table)
    SHT$$INIT_ARRAY$$Base                    0x08004954   Number         0  main.o(.init_array)
    SHT$$INIT_ARRAY$$Limit                   0x0800495c   Number         0  init_aeabi.o(.init_array)
    pUSART1                                  0x20000000   Data           4  interrupt.o(.data)
    pUSART2                                  0x20000004   Data           4  interrupt.o(.data)
    pUSART3                                  0x20000008   Data           4  interrupt.o(.data)
    tskmgr                                   0x20000010   Data           1  taskmanager.o(.data)
    TaskManager::_new_time                   0x20000018   Data           8  taskmanager.o(.data)
    TaskManager::_old_time                   0x20000020   Data           8  taskmanager.o(.data)
    TaskManager::_it_time                    0x20000028   Data           8  taskmanager.o(.data)
    com                                      0x20000048   Data         588  main.o(.bss)
    __libspace_start                         0x20000294   Data          96  libspace.o(.bss)
    __temporary_stack_top$libspace           0x200002f4   Data           0  libspace.o(.bss)



==============================================================================

Memory Map of the image

  Image Entry point : 0x080028ed

  Load Region LR_IROM1 (Base: 0x08002800, Size: 0x000021a4, Max: 0x0001d800, ABSOLUTE)

    Execution Region ER_IROM1 (Base: 0x08002800, Size: 0x0000215c, Max: 0x0001d800, ABSOLUTE)

    Base Addr    Size         Type   Attr      Idx    E Section Name        Object

    0x08002800   0x000000ec   Data   RO         1963    RESET               startup_stm32f10x_md.o
    0x080028ec   0x00000008   Code   RO         2023  * !!!main             c_w.l(__main.o)
    0x080028f4   0x00000034   Code   RO         2338    !!!scatter          c_w.l(__scatter.o)
    0x08002928   0x0000001a   Code   RO         2340    !!handler_copy      c_w.l(__scatter_copy.o)
    0x08002942   0x00000002   PAD
    0x08002944   0x0000001c   Code   RO         2342    !!handler_zi        c_w.l(__scatter_zi.o)
    0x08002960   0x00000002   Code   RO         2282    .ARM.Collect$$libinit$$00000000  c_w.l(libinit.o)
    0x08002962   0x00000000   Code   RO         2123    .ARM.Collect$$libinit$$00000002  c_w.l(libinit2.o)
    0x08002962   0x00000000   Code   RO         2125    .ARM.Collect$$libinit$$00000004  c_w.l(libinit2.o)
    0x08002962   0x00000008   Code   RO         2126    .ARM.Collect$$libinit$$00000005  c_w.l(libinit2.o)
    0x0800296a   0x00000000   Code   RO         2128    .ARM.Collect$$libinit$$0000000A  c_w.l(libinit2.o)
    0x0800296a   0x00000000   Code   RO         2130    .ARM.Collect$$libinit$$0000000C  c_w.l(libinit2.o)
    0x0800296a   0x00000000   Code   RO         2132    .ARM.Collect$$libinit$$0000000E  c_w.l(libinit2.o)
    0x0800296a   0x00000000   Code   RO         2135    .ARM.Collect$$libinit$$00000011  c_w.l(libinit2.o)
    0x0800296a   0x00000000   Code   RO         2137    .ARM.Collect$$libinit$$00000013  c_w.l(libinit2.o)
    0x0800296a   0x00000000   Code   RO         2139    .ARM.Collect$$libinit$$00000015  c_w.l(libinit2.o)
    0x0800296a   0x00000000   Code   RO         2141    .ARM.Collect$$libinit$$00000017  c_w.l(libinit2.o)
    0x0800296a   0x00000000   Code   RO         2143    .ARM.Collect$$libinit$$00000019  c_w.l(libinit2.o)
    0x0800296a   0x00000000   Code   RO         2145    .ARM.Collect$$libinit$$0000001B  c_w.l(libinit2.o)
    0x0800296a   0x00000000   Code   RO         2147    .ARM.Collect$$libinit$$0000001D  c_w.l(libinit2.o)
    0x0800296a   0x00000000   Code   RO         2149    .ARM.Collect$$libinit$$0000001F  c_w.l(libinit2.o)
    0x0800296a   0x00000000   Code   RO         2151    .ARM.Collect$$libinit$$00000021  c_w.l(libinit2.o)
    0x0800296a   0x00000000   Code   RO         2153    .ARM.Collect$$libinit$$00000023  c_w.l(libinit2.o)
    0x0800296a   0x00000000   Code   RO         2155    .ARM.Collect$$libinit$$00000025  c_w.l(libinit2.o)
    0x0800296a   0x00000000   Code   RO         2159    .ARM.Collect$$libinit$$0000002C  c_w.l(libinit2.o)
    0x0800296a   0x00000000   Code   RO         2161    .ARM.Collect$$libinit$$0000002E  c_w.l(libinit2.o)
    0x0800296a   0x00000000   Code   RO         2163    .ARM.Collect$$libinit$$00000030  c_w.l(libinit2.o)
    0x0800296a   0x00000004   Code   RO         2164    .ARM.Collect$$libinit$$00000031  c_w.l(libinit2.o)
    0x0800296e   0x00000000   Code   RO         2165    .ARM.Collect$$libinit$$00000032  c_w.l(libinit2.o)
    0x0800296e   0x00000002   Code   RO         2166    .ARM.Collect$$libinit$$00000033  c_w.l(libinit2.o)
    0x08002970   0x00000002   Code   RO         2319    .ARM.Collect$$libshutdown$$00000000  c_w.l(libshutdown.o)
    0x08002972   0x00000006   Code   RO         2167    .ARM.Collect$$libshutdown$$00000001  c_w.l(libshutdown2.o)
    0x08002978   0x00000000   Code   RO         2169    .ARM.Collect$$libshutdown$$00000003  c_w.l(libshutdown2.o)
    0x08002978   0x00000000   Code   RO         2172    .ARM.Collect$$libshutdown$$00000006  c_w.l(libshutdown2.o)
    0x08002978   0x00000000   Code   RO         2175    .ARM.Collect$$libshutdown$$00000009  c_w.l(libshutdown2.o)
    0x08002978   0x00000000   Code   RO         2177    .ARM.Collect$$libshutdown$$0000000B  c_w.l(libshutdown2.o)
    0x08002978   0x00000000   Code   RO         2180    .ARM.Collect$$libshutdown$$0000000E  c_w.l(libshutdown2.o)
    0x08002978   0x00000002   Code   RO         2181    .ARM.Collect$$libshutdown$$0000000F  c_w.l(libshutdown2.o)
    0x0800297a   0x00000000   Code   RO         2060    .ARM.Collect$$rtentry$$00000000  c_w.l(__rtentry.o)
    0x0800297a   0x00000000   Code   RO         2201    .ARM.Collect$$rtentry$$00000002  c_w.l(__rtentry2.o)
    0x0800297a   0x00000006   Code   RO         2213    .ARM.Collect$$rtentry$$00000004  c_w.l(__rtentry4.o)
    0x08002980   0x00000000   Code   RO         2203    .ARM.Collect$$rtentry$$00000009  c_w.l(__rtentry2.o)
    0x08002980   0x00000004   Code   RO         2204    .ARM.Collect$$rtentry$$0000000A  c_w.l(__rtentry2.o)
    0x08002984   0x00000000   Code   RO         2206    .ARM.Collect$$rtentry$$0000000C  c_w.l(__rtentry2.o)
    0x08002984   0x00000008   Code   RO         2207    .ARM.Collect$$rtentry$$0000000D  c_w.l(__rtentry2.o)
    0x0800298c   0x00000002   Code   RO         2286    .ARM.Collect$$rtexit$$00000000  c_w.l(rtexit.o)
    0x0800298e   0x00000000   Code   RO         2299    .ARM.Collect$$rtexit$$00000002  c_w.l(rtexit2.o)
    0x0800298e   0x00000004   Code   RO         2300    .ARM.Collect$$rtexit$$00000003  c_w.l(rtexit2.o)
    0x08002992   0x00000006   Code   RO         2301    .ARM.Collect$$rtexit$$00000004  c_w.l(rtexit2.o)
    0x08002998   0x00000000   Code   RO         2258    .emb_text           c_w.l(maybetermalloc1.o)
    0x08002998   0x00000040   Code   RO         1964    .text               startup_stm32f10x_md.o
    0x080029d8   0x00000064   Code   RO         2019    .text               c_w.l(rt_memcpy_w.o)
    0x08002a3c   0x00000006   Code   RO         2021    .text               c_w.l(heapauxi.o)
    0x08002a42   0x00000002   PAD
    0x08002a44   0x00000024   Code   RO         2028    .text               c_w.l(init_aeabi.o)
    0x08002a68   0x00000008   Code   RO         2064    .text               c_w.l(rt_ddtor_pointer_addr_intlibspace.o)
    0x08002a70   0x0000005e   Code   RO         2068    .text               c_w.l(h1_alloc.o)
    0x08002ace   0x00000002   PAD
    0x08002ad0   0x00000008   Code   RO         2195    .text               c_w.l(libspace.o)
    0x08002ad8   0x00000008   Code   RO         2218    .text               c_w.l(rt_heap_descriptor_intlibspace.o)
    0x08002ae0   0x00000004   Code   RO         2220    .text               c_w.l(hguard.o)
    0x08002ae4   0x0000008a   Code   RO         2222    .text               c_w.l(init_alloc.o)
    0x08002b6e   0x0000000e   Code   RO         2228    .text               c_w.l(h1_init.o)
    0x08002b7c   0x0000004e   Code   RO         2230    .text               c_w.l(h1_free.o)
    0x08002bca   0x0000004a   Code   RO         2254    .text               c_w.l(sys_stackheap_outer.o)
    0x08002c14   0x00000034   Code   RO         2260    .text               c_w.l(h1_extend.o)
    0x08002c48   0x0000000c   Code   RO         2264    .text               c_w.l(exit.o)
    0x08002c54   0x0000000e   Code   RO         2266    .text               c_w.l(defsig_rtmem_outer.o)
    0x08002c62   0x00000002   Code   RO         2283    .text               c_w.l(use_no_semi.o)
    0x08002c64   0x00000000   Code   RO         2285    .text               c_w.l(indicate_semi.o)
    0x08002c64   0x0000000a   Code   RO         2292    .text               c_w.l(defsig_exit.o)
    0x08002c6e   0x00000002   PAD
    0x08002c70   0x00000050   Code   RO         2294    .text               c_w.l(defsig_rtmem_inner.o)
    0x08002cc0   0x0000000c   Code   RO         2296    .text               c_w.l(sys_exit.o)
    0x08002ccc   0x00000032   Code   RO         2311    .text               c_w.l(defsig_general.o)
    0x08002cfe   0x0000000e   Code   RO         2313    .text               c_w.l(sys_wrch.o)
    0x08002d0c   0x00000018   Code   RO          163    i.DMA1_Channel2_IRQHandler  interrupt.o
    0x08002d24   0x00000018   Code   RO          164    i.DMA1_Channel4_IRQHandler  interrupt.o
    0x08002d3c   0x00000018   Code   RO          165    i.DMA1_Channel7_IRQHandler  interrupt.o
    0x08002d54   0x0000001c   Code   RO          604    i.DMA_ClearFlag     stm32f10x_dma.o
    0x08002d70   0x0000001c   Code   RO          605    i.DMA_ClearITPendingBit  stm32f10x_dma.o
    0x08002d8c   0x00000018   Code   RO          606    i.DMA_Cmd           stm32f10x_dma.o
    0x08002da4   0x0000002c   Code   RO          609    i.DMA_GetFlagStatus  stm32f10x_dma.o
    0x08002dd0   0x0000003c   Code   RO          612    i.DMA_Init          stm32f10x_dma.o
    0x08002e0c   0x0000000c   Code   RO          688    i.FLASH_ClearFlag   stm32f10x_flash.o
    0x08002e18   0x0000004c   Code   RO          693    i.FLASH_ErasePage   stm32f10x_flash.o
    0x08002e64   0x00000034   Code   RO          694    i.FLASH_GetBank1Status  stm32f10x_flash.o
    0x08002e98   0x00000014   Code   RO          703    i.FLASH_Lock        stm32f10x_flash.o
    0x08002eac   0x00000040   Code   RO          706    i.FLASH_ProgramHalfWord  stm32f10x_flash.o
    0x08002eec   0x00000018   Code   RO          711    i.FLASH_Unlock      stm32f10x_flash.o
    0x08002f04   0x00000026   Code   RO          715    i.FLASH_WaitForLastOperation  stm32f10x_flash.o
    0x08002f2a   0x00000116   Code   RO          880    i.GPIO_Init         stm32f10x_gpio.o
    0x08003040   0x00000090   Code   RO          882    i.GPIO_PinRemapConfig  stm32f10x_gpio.o
    0x080030d0   0x00000070   Code   RO          508    i.NVIC_Init         misc.o
    0x08003140   0x00000014   Code   RO          509    i.NVIC_PriorityGroupConfig  misc.o
    0x08003154   0x00000020   Code   RO         1001    i.RCC_AHBPeriphClockCmd  stm32f10x_rcc.o
    0x08003174   0x00000020   Code   RO         1002    i.RCC_APB1PeriphClockCmd  stm32f10x_rcc.o
    0x08003194   0x00000020   Code   RO         1004    i.RCC_APB2PeriphClockCmd  stm32f10x_rcc.o
    0x080031b4   0x000000d4   Code   RO         1012    i.RCC_GetClocksFreq  stm32f10x_rcc.o
    0x08003288   0x00000008   Code   RO         1971    i.SetSysClock       system_stm32f10x.o
    0x08003290   0x000000e0   Code   RO         1972    i.SetSysClockTo72   system_stm32f10x.o
    0x08003370   0x00000020   Code   RO          236    i.SysTick_Handler   taskmanager.o
    0x08003390   0x00000060   Code   RO         1974    i.SystemInit        system_stm32f10x.o
    0x080033f0   0x00000018   Code   RO          166    i.USART1_IRQHandler  interrupt.o
    0x08003408   0x00000018   Code   RO          167    i.USART2_IRQHandler  interrupt.o
    0x08003420   0x00000018   Code   RO          168    i.USART3_IRQHandler  interrupt.o
    0x08003438   0x0000001e   Code   RO         1773    i.USART_ClearITPendingBit  stm32f10x_usart.o
    0x08003456   0x00000018   Code   RO         1776    i.USART_Cmd         stm32f10x_usart.o
    0x0800346e   0x00000012   Code   RO         1777    i.USART_DMACmd      stm32f10x_usart.o
    0x08003480   0x0000001a   Code   RO         1779    i.USART_GetFlagStatus  stm32f10x_usart.o
    0x0800349a   0x00000054   Code   RO         1780    i.USART_GetITStatus  stm32f10x_usart.o
    0x080034ee   0x0000004a   Code   RO         1782    i.USART_ITConfig    stm32f10x_usart.o
    0x08003538   0x000000d8   Code   RO         1783    i.USART_Init        stm32f10x_usart.o
    0x08003610   0x0000000a   Code   RO         1790    i.USART_ReceiveData  stm32f10x_usart.o
    0x0800361a   0x00000008   Code   RO         1793    i.USART_SendData    stm32f10x_usart.o
    0x08003622   0x00000002   PAD
    0x08003624   0x00000090   Code   RO          237    i._ZN11TaskManager4TimeEv  taskmanager.o
    0x080036b4   0x0000003e   Code   RO          241    i._ZN11TaskManager9ClockToolERdd  taskmanager.o
    0x080036f2   0x00000002   PAD
    0x080036f4   0x00000024   Code   RO          242    i._ZN11TaskManagerC1Ev  taskmanager.o
    0x08003718   0x000000a0   Code   RO          105    i._ZN4GPIO17RCC_ConfigurationEv  gpio.o
    0x080037b8   0x00000044   Code   RO          109    i._ZN4GPIOC1EP12GPIO_TypeDeft16GPIOMode_TypeDef17GPIOSpeed_TypeDef  gpio.o
    0x080037fc   0x00000028   Code   RO          313    i._ZN5USART15GetReceivedDataEPht  usart.o
    0x08003824   0x0000000e   Code   RO          314    i._ZN5USART17ReceiveBufferSizeEv  usart.o
    0x08003832   0x00000002   PAD
    0x08003834   0x000000d8   Code   RO          316    i._ZN5USART3IrqEv   usart.o
    0x0800390c   0x00000088   Code   RO          317    i._ZN5USART6DmaIrqEv  usart.o
    0x08003994   0x000000d8   Code   RO          322    i._ZN5USART8SendDataEPhj  usart.o
    0x08003a6c   0x000003a4   Code   RO          323    i._ZN5USARTC1Ehjbhhhhhttt  usart.o
    0x08003e10   0x00000050   Code   RO          324    i._ZN5USARTD1Ev     usart.o
    0x08003e60   0x00000024   Code   RO          325    i._ZN5USARTlsEPKc   usart.o
    0x08003e84   0x00000032   Code   RO         2031    i.__aeabi_atexit    cpprt_w.l(aeabi_atexit.o)
    0x08003eb6   0x00000042   Code   RO         2185    i.__cxa_finalize    cpprt_w.l(cxa_finalize.o)
    0x08003ef8   0x00000010   Code   RO          243    i.__sti___15_TaskManager_cpp_tskmgr  taskmanager.o
    0x08003f08   0x00000048   Code   RO            4    i.__sti___8_main_cpp_com  main.o
    0x08003f50   0x000000ec   Code   RO            5    i.main              main.o
    0x0800403c   0x00000034   Code   RO          465    t._ZN10FIFOBufferIhLt256EE3GetERh  usart.o
    0x08004070   0x00000044   Code   RO          459    t._ZN10FIFOBufferIhLt256EE3PutERKh  usart.o
    0x080040b4   0x00000044   Code   RO          483    t._ZN10FIFOBufferIhLt256EE4GetsEPht  usart.o
    0x080040f8   0x00000052   Code   RO          471    t._ZN10FIFOBufferIhLt256EE4PutsEPht  usart.o
    0x0800414a   0x0000001c   Code   RO          477    t._ZN10FIFOBufferIhLt256EE4SizeEv  usart.o
    0x08004166   0x0000000c   Code   RO          453    t._ZN10FIFOBufferIhLt256EEC1Ev  usart.o
    0x08004172   0x00000002   PAD
    0x08004174   0x00000150   Code   RO         2034    x$fpl$dadd          fz_ws.l(daddsub_clz.o)
    0x080042c4   0x00000018   Code   RO         2188    x$fpl$dcmpinf       fz_ws.l(dcmpi.o)
    0x080042dc   0x000002b0   Code   RO         2041    x$fpl$ddiv          fz_ws.l(ddiv.o)
    0x0800458c   0x00000026   Code   RO         2048    x$fpl$dfltu         fz_ws.l(dflt_clz.o)
    0x080045b2   0x00000002   PAD
    0x080045b4   0x00000078   Code   RO         2054    x$fpl$dleqf         fz_ws.l(dleqf.o)
    0x0800462c   0x0000009c   Code   RO         2190    x$fpl$dnaninf       fz_ws.l(dnaninf.o)
    0x080046c8   0x0000000c   Code   RO         2192    x$fpl$dretinf       fz_ws.l(dretinf.o)
    0x080046d4   0x0000006c   Code   RO         2058    x$fpl$drleqf        fz_ws.l(drleqf.o)
    0x08004740   0x000001d4   Code   RO         2036    x$fpl$dsub          fz_ws.l(daddsub_clz.o)
    0x08004914   0x00000000   Code   RO         2194    x$fpl$usenofp       fz_ws.l(usenofp.o)
    0x08004914   0x00000020   Data   RO          116    .constdata          gpio.o
    0x08004934   0x00000020   Data   RO         2336    Region$$Table       anon$$obj.o
    0x08004954   0x00000004   Data   RO            9    .init_array         main.o
    0x08004958   0x00000004   Data   RO          253    .init_array         taskmanager.o
    0x0800495c   0x00000000   Data   RO         2026    .init_array         c_w.l(init_aeabi.o)


    Execution Region RW_IRAM1 (Base: 0x20000000, Size: 0x000008f8, Max: 0x00005000, ABSOLUTE)

    Base Addr    Size         Type   Attr      Idx    E Section Name        Object

    0x20000000   0x0000000c   Data   RW          175    .data               interrupt.o
    0x2000000c   0x00000004   PAD
    0x20000010   0x00000020   Data   RW          252    .data               taskmanager.o
    0x20000030   0x00000003   Data   RW          351    .data               usart.o
    0x20000033   0x00000014   Data   RW         1032    .data               stm32f10x_rcc.o
    0x20000047   0x00000001   PAD
    0x20000048   0x0000024c   Zero   RW            8    .bss                main.o
    0x20000294   0x00000060   Zero   RW         2196    .bss                c_w.l(libspace.o)
    0x200002f4   0x00000004   PAD
    0x200002f8   0x00000200   Zero   RW         1962    HEAP                startup_stm32f10x_md.o
    0x200004f8   0x00000400   Zero   RW         1961    STACK               startup_stm32f10x_md.o


==============================================================================

Image component sizes


      Code (inc. data)   RO Data    RW Data    ZI Data      Debug   Object Name

       228         34         32          0          0       2412   gpio.o
       144         36          0         12          0       5579   interrupt.o
       308         98          4          0        588     236709   main.o
       132         22          0          0          0     249831   misc.o
        64         26        236          0       1536        816   startup_stm32f10x_md.o
       184         28          0          0          0       4713   stm32f10x_dma.o
       286         36          0          0          0       4188   stm32f10x_flash.o
       422          6          0          0          0       2954   stm32f10x_gpio.o
       308         38          0         20          0       5258   stm32f10x_rcc.o
       490          6          0          0          0       7806   stm32f10x_usart.o
       328         28          0          0          0       1985   system_stm32f10x.o
       290         56          4         32          0       2955   taskmanager.o
      1980         86          0          3          0       9372   usart.o

    ----------------------------------------------------------------------
      5172        500        308         72       2124     534578   Object Totals
         0          0         32          0          0          0   (incl. Generated)
         8          0          0          5          0          0   (incl. Padding)

    ----------------------------------------------------------------------

      Code (inc. data)   RO Data    RW Data    ZI Data      Debug   Library Member Name

         8          0          0          0          0         68   __main.o
         0          0          0          0          0          0   __rtentry.o
        12          0          0          0          0          0   __rtentry2.o
         6          0          0          0          0          0   __rtentry4.o
        52          8          0          0          0          0   __scatter.o
        26          0          0          0          0          0   __scatter_copy.o
        28          0          0          0          0          0   __scatter_zi.o
        10          0          0          0          0         68   defsig_exit.o
        50          0          0          0          0         88   defsig_general.o
        80         58          0          0          0         76   defsig_rtmem_inner.o
        14          0          0          0          0         80   defsig_rtmem_outer.o
        12          0          0          0          0         72   exit.o
        94          0          0          0          0         80   h1_alloc.o
        52          0          0          0          0         68   h1_extend.o
        78          0          0          0          0         80   h1_free.o
        14          0          0          0          0         84   h1_init.o
         6          0          0          0          0        152   heapauxi.o
         4          0          0          0          0        136   hguard.o
         0          0          0          0          0          0   indicate_semi.o
        36         10          0          0          0         80   init_aeabi.o
       138          0          0          0          0        168   init_alloc.o
         2          0          0          0          0          0   libinit.o
        14          0          0          0          0          0   libinit2.o
         2          0          0          0          0          0   libshutdown.o
         8          0          0          0          0          0   libshutdown2.o
         8          4          0          0         96         68   libspace.o
         0          0          0          0          0          0   maybetermalloc1.o
         8          4          0          0          0         68   rt_ddtor_pointer_addr_intlibspace.o
         8          4          0          0          0         68   rt_heap_descriptor_intlibspace.o
       100          0          0          0          0         80   rt_memcpy_w.o
         2          0          0          0          0          0   rtexit.o
        10          0          0          0          0          0   rtexit2.o
        12          4          0          0          0         68   sys_exit.o
        74          0          0          0          0         80   sys_stackheap_outer.o
        14          0          0          0          0         76   sys_wrch.o
         2          0          0          0          0         68   use_no_semi.o
        50          0          0          0          0         84   aeabi_atexit.o
        66          0          0          0          0         84   cxa_finalize.o
       804         16          0          0          0        272   daddsub_clz.o
        24          0          0          0          0         68   dcmpi.o
       688        140          0          0          0        208   ddiv.o
        38          0          0          0          0         68   dflt_clz.o
       120          4          0          0          0         92   dleqf.o
       156          4          0          0          0         92   dnaninf.o
        12          0          0          0          0         68   dretinf.o
       108          0          0          0          0         80   drleqf.o
         0          0          0          0          0          0   usenofp.o

    ----------------------------------------------------------------------
      3060        256          0          0        100       2992   Library Totals
        10          0          0          0          4          0   (incl. Padding)

    ----------------------------------------------------------------------

      Code (inc. data)   RO Data    RW Data    ZI Data      Debug   Library Name

       984         92          0          0         96       1876   c_w.l
       116          0          0          0          0        168   cpprt_w.l
      1950        164          0          0          0        948   fz_ws.l

    ----------------------------------------------------------------------
      3060        256          0          0        100       2992   Library Totals

    ----------------------------------------------------------------------

==============================================================================


      Code (inc. data)   RO Data    RW Data    ZI Data      Debug   

      8232        756        308         72       2224     532990   Grand Totals
      8232        756        308         72       2224     532990   ELF Image Totals
      8232        756        308         72          0          0   ROM Totals

==============================================================================

    Total RO  Size (Code + RO Data)                 8540 (   8.34kB)
    Total RW  Size (RW Data + ZI Data)              2296 (   2.24kB)
    Total ROM Size (Code + RO Data + RW Data)       8612 (   8.41kB)

==============================================================================

