<!doctype html public "-//w3c//dtd html 4.0 transitional//en">
<html><head>
<title>Static Call Graph - [..\out\test.axf]</title></head>
<body><HR>
<H1>Static Call Graph for image ..\out\test.axf</H1><HR>
<BR><P>#&#060CALLGRAPH&#062# ARM Linker, 5050106: Last Updated: Wed May 18 19:13:46 2016
<BR><P>
<H3>Maximum Stack Usage =       1116 bytes + Unknown(Cycles, Untraceable Function Pointers)</H3><H3>
Call chain for Maximum Stack Depth:</H3>
main &rArr; IAP::Unpacking_data() &rArr; IAP::SendDataReply(unsigned char, unsigned char) &rArr; USART::SendData(unsigned char*, unsigned) &rArr; USART_ITConfig
<P>
<H3>
Mutually Recursive functions
</H3> <LI><a href="#[1]">NMI_Handler</a>&nbsp;&nbsp;&nbsp;&rArr;&nbsp;&nbsp;&nbsp;<a href="#[1]">NMI_Handler</a><BR>
 <LI><a href="#[2]">HardFault_Handler</a>&nbsp;&nbsp;&nbsp;&rArr;&nbsp;&nbsp;&nbsp;<a href="#[2]">HardFault_Handler</a><BR>
 <LI><a href="#[3]">MemManage_Handler</a>&nbsp;&nbsp;&nbsp;&rArr;&nbsp;&nbsp;&nbsp;<a href="#[3]">MemManage_Handler</a><BR>
 <LI><a href="#[4]">BusFault_Handler</a>&nbsp;&nbsp;&nbsp;&rArr;&nbsp;&nbsp;&nbsp;<a href="#[4]">BusFault_Handler</a><BR>
 <LI><a href="#[5]">UsageFault_Handler</a>&nbsp;&nbsp;&nbsp;&rArr;&nbsp;&nbsp;&nbsp;<a href="#[5]">UsageFault_Handler</a><BR>
 <LI><a href="#[6]">SVC_Handler</a>&nbsp;&nbsp;&nbsp;&rArr;&nbsp;&nbsp;&nbsp;<a href="#[6]">SVC_Handler</a><BR>
 <LI><a href="#[7]">DebugMon_Handler</a>&nbsp;&nbsp;&nbsp;&rArr;&nbsp;&nbsp;&nbsp;<a href="#[7]">DebugMon_Handler</a><BR>
 <LI><a href="#[8]">PendSV_Handler</a>&nbsp;&nbsp;&nbsp;&rArr;&nbsp;&nbsp;&nbsp;<a href="#[8]">PendSV_Handler</a><BR>
 <LI><a href="#[1c]">ADC1_2_IRQHandler</a>&nbsp;&nbsp;&nbsp;&rArr;&nbsp;&nbsp;&nbsp;<a href="#[1c]">ADC1_2_IRQHandler</a><BR>
</UL>
<P>
<H3>
Function Pointers
</H3><UL>
 <LI><a href="#[1c]">ADC1_2_IRQHandler</a> from startup_stm32f10x_md.o(.text) referenced from startup_stm32f10x_md.o(RESET)
 <LI><a href="#[4]">BusFault_Handler</a> from startup_stm32f10x_md.o(.text) referenced from startup_stm32f10x_md.o(RESET)
 <LI><a href="#[1f]">CAN1_RX1_IRQHandler</a> from startup_stm32f10x_md.o(.text) referenced from startup_stm32f10x_md.o(RESET)
 <LI><a href="#[20]">CAN1_SCE_IRQHandler</a> from startup_stm32f10x_md.o(.text) referenced from startup_stm32f10x_md.o(RESET)
 <LI><a href="#[15]">DMA1_Channel1_IRQHandler</a> from startup_stm32f10x_md.o(.text) referenced from startup_stm32f10x_md.o(RESET)
 <LI><a href="#[16]">DMA1_Channel2_IRQHandler</a> from interrupt.o(.text) referenced from startup_stm32f10x_md.o(RESET)
 <LI><a href="#[17]">DMA1_Channel3_IRQHandler</a> from startup_stm32f10x_md.o(.text) referenced from startup_stm32f10x_md.o(RESET)
 <LI><a href="#[18]">DMA1_Channel4_IRQHandler</a> from interrupt.o(.text) referenced from startup_stm32f10x_md.o(RESET)
 <LI><a href="#[19]">DMA1_Channel5_IRQHandler</a> from startup_stm32f10x_md.o(.text) referenced from startup_stm32f10x_md.o(RESET)
 <LI><a href="#[1a]">DMA1_Channel6_IRQHandler</a> from startup_stm32f10x_md.o(.text) referenced from startup_stm32f10x_md.o(RESET)
 <LI><a href="#[1b]">DMA1_Channel7_IRQHandler</a> from interrupt.o(.text) referenced from startup_stm32f10x_md.o(RESET)
 <LI><a href="#[7]">DebugMon_Handler</a> from startup_stm32f10x_md.o(.text) referenced from startup_stm32f10x_md.o(RESET)
 <LI><a href="#[10]">EXTI0_IRQHandler</a> from startup_stm32f10x_md.o(.text) referenced from startup_stm32f10x_md.o(RESET)
 <LI><a href="#[32]">EXTI15_10_IRQHandler</a> from startup_stm32f10x_md.o(.text) referenced from startup_stm32f10x_md.o(RESET)
 <LI><a href="#[11]">EXTI1_IRQHandler</a> from startup_stm32f10x_md.o(.text) referenced from startup_stm32f10x_md.o(RESET)
 <LI><a href="#[12]">EXTI2_IRQHandler</a> from startup_stm32f10x_md.o(.text) referenced from startup_stm32f10x_md.o(RESET)
 <LI><a href="#[13]">EXTI3_IRQHandler</a> from startup_stm32f10x_md.o(.text) referenced from startup_stm32f10x_md.o(RESET)
 <LI><a href="#[14]">EXTI4_IRQHandler</a> from startup_stm32f10x_md.o(.text) referenced from startup_stm32f10x_md.o(RESET)
 <LI><a href="#[21]">EXTI9_5_IRQHandler</a> from startup_stm32f10x_md.o(.text) referenced from startup_stm32f10x_md.o(RESET)
 <LI><a href="#[e]">FLASH_IRQHandler</a> from startup_stm32f10x_md.o(.text) referenced from startup_stm32f10x_md.o(RESET)
 <LI><a href="#[2]">HardFault_Handler</a> from startup_stm32f10x_md.o(.text) referenced from startup_stm32f10x_md.o(RESET)
 <LI><a href="#[2a]">I2C1_ER_IRQHandler</a> from startup_stm32f10x_md.o(.text) referenced from startup_stm32f10x_md.o(RESET)
 <LI><a href="#[29]">I2C1_EV_IRQHandler</a> from startup_stm32f10x_md.o(.text) referenced from startup_stm32f10x_md.o(RESET)
 <LI><a href="#[2c]">I2C2_ER_IRQHandler</a> from startup_stm32f10x_md.o(.text) referenced from startup_stm32f10x_md.o(RESET)
 <LI><a href="#[2b]">I2C2_EV_IRQHandler</a> from startup_stm32f10x_md.o(.text) referenced from startup_stm32f10x_md.o(RESET)
 <LI><a href="#[3]">MemManage_Handler</a> from startup_stm32f10x_md.o(.text) referenced from startup_stm32f10x_md.o(RESET)
 <LI><a href="#[1]">NMI_Handler</a> from startup_stm32f10x_md.o(.text) referenced from startup_stm32f10x_md.o(RESET)
 <LI><a href="#[b]">PVD_IRQHandler</a> from startup_stm32f10x_md.o(.text) referenced from startup_stm32f10x_md.o(RESET)
 <LI><a href="#[8]">PendSV_Handler</a> from startup_stm32f10x_md.o(.text) referenced from startup_stm32f10x_md.o(RESET)
 <LI><a href="#[f]">RCC_IRQHandler</a> from startup_stm32f10x_md.o(.text) referenced from startup_stm32f10x_md.o(RESET)
 <LI><a href="#[33]">RTCAlarm_IRQHandler</a> from startup_stm32f10x_md.o(.text) referenced from startup_stm32f10x_md.o(RESET)
 <LI><a href="#[d]">RTC_IRQHandler</a> from startup_stm32f10x_md.o(.text) referenced from startup_stm32f10x_md.o(RESET)
 <LI><a href="#[0]">Reset_Handler</a> from startup_stm32f10x_md.o(.text) referenced from startup_stm32f10x_md.o(RESET)
 <LI><a href="#[2d]">SPI1_IRQHandler</a> from startup_stm32f10x_md.o(.text) referenced from startup_stm32f10x_md.o(RESET)
 <LI><a href="#[2e]">SPI2_IRQHandler</a> from startup_stm32f10x_md.o(.text) referenced from startup_stm32f10x_md.o(RESET)
 <LI><a href="#[6]">SVC_Handler</a> from startup_stm32f10x_md.o(.text) referenced from startup_stm32f10x_md.o(RESET)
 <LI><a href="#[9]">SysTick_Handler</a> from taskmanager.o(.text) referenced from startup_stm32f10x_md.o(RESET)
 <LI><a href="#[37]">SystemInit</a> from system_stm32f10x.o(.text) referenced from startup_stm32f10x_md.o(.text)
 <LI><a href="#[c]">TAMPER_IRQHandler</a> from startup_stm32f10x_md.o(.text) referenced from startup_stm32f10x_md.o(RESET)
 <LI><a href="#[22]">TIM1_BRK_IRQHandler</a> from startup_stm32f10x_md.o(.text) referenced from startup_stm32f10x_md.o(RESET)
 <LI><a href="#[25]">TIM1_CC_IRQHandler</a> from startup_stm32f10x_md.o(.text) referenced from startup_stm32f10x_md.o(RESET)
 <LI><a href="#[24]">TIM1_TRG_COM_IRQHandler</a> from startup_stm32f10x_md.o(.text) referenced from startup_stm32f10x_md.o(RESET)
 <LI><a href="#[23]">TIM1_UP_IRQHandler</a> from startup_stm32f10x_md.o(.text) referenced from startup_stm32f10x_md.o(RESET)
 <LI><a href="#[26]">TIM2_IRQHandler</a> from startup_stm32f10x_md.o(.text) referenced from startup_stm32f10x_md.o(RESET)
 <LI><a href="#[27]">TIM3_IRQHandler</a> from startup_stm32f10x_md.o(.text) referenced from startup_stm32f10x_md.o(RESET)
 <LI><a href="#[28]">TIM4_IRQHandler</a> from startup_stm32f10x_md.o(.text) referenced from startup_stm32f10x_md.o(RESET)
 <LI><a href="#[2f]">USART1_IRQHandler</a> from interrupt.o(.text) referenced from startup_stm32f10x_md.o(RESET)
 <LI><a href="#[30]">USART2_IRQHandler</a> from interrupt.o(.text) referenced from startup_stm32f10x_md.o(RESET)
 <LI><a href="#[31]">USART3_IRQHandler</a> from interrupt.o(.text) referenced from startup_stm32f10x_md.o(RESET)
 <LI><a href="#[34]">USBWakeUp_IRQHandler</a> from startup_stm32f10x_md.o(.text) referenced from startup_stm32f10x_md.o(RESET)
 <LI><a href="#[1d]">USB_HP_CAN1_TX_IRQHandler</a> from startup_stm32f10x_md.o(.text) referenced from startup_stm32f10x_md.o(RESET)
 <LI><a href="#[1e]">USB_LP_CAN1_RX0_IRQHandler</a> from startup_stm32f10x_md.o(.text) referenced from startup_stm32f10x_md.o(RESET)
 <LI><a href="#[5]">UsageFault_Handler</a> from startup_stm32f10x_md.o(.text) referenced from startup_stm32f10x_md.o(RESET)
 <LI><a href="#[a]">WWDG_IRQHandler</a> from startup_stm32f10x_md.o(.text) referenced from startup_stm32f10x_md.o(RESET)
 <LI><a href="#[36]">USART::~USART()</a> from usart.o(.text) referenced from main.o(.text)
 <LI><a href="#[38]">__main</a> from entry.o(.ARM.Collect$$$$00000000) referenced from startup_stm32f10x_md.o(.text)
 <LI><a href="#[3a]">__sti___15_TaskManager_cpp_tskmgr</a> from taskmanager.o(.text) referenced from taskmanager.o(.init_array)
 <LI><a href="#[39]">__sti___8_main_cpp_9c3cbc1f</a> from main.o(.text) referenced from main.o(.init_array)
 <LI><a href="#[35]">main</a> from main.o(.text) referenced from entry9a.o(.ARM.Collect$$$$0000000B)
</UL>
<P>
<H3>
Global Symbols
</H3>
<P><STRONG><a name="[38]"></a>__main</STRONG> (Thumb, 0 bytes, Stack size unknown bytes, entry.o(.ARM.Collect$$$$00000000))
<BR>[Address Reference Count : 1]<UL><LI> startup_stm32f10x_md.o(.text)
</UL>
<P><STRONG><a name="[b1]"></a>_main_stk</STRONG> (Thumb, 0 bytes, Stack size unknown bytes, entry2.o(.ARM.Collect$$$$00000001))

<P><STRONG><a name="[3c]"></a>_main_scatterload</STRONG> (Thumb, 0 bytes, Stack size unknown bytes, entry5.o(.ARM.Collect$$$$00000004))
<BR><BR>[Calls]<UL><LI><a href="#[3d]">&gt;&gt;</a>&nbsp;&nbsp;&nbsp;__scatterload
</UL>

<P><STRONG><a name="[ac]"></a>__main_after_scatterload</STRONG> (Thumb, 0 bytes, Stack size unknown bytes, entry5.o(.ARM.Collect$$$$00000004))
<BR><BR>[Called By]<UL><LI><a href="#[3d]">&gt;&gt;</a>&nbsp;&nbsp;&nbsp;__scatterload
</UL>

<P><STRONG><a name="[b2]"></a>_main_clock</STRONG> (Thumb, 0 bytes, Stack size unknown bytes, entry7b.o(.ARM.Collect$$$$00000008))

<P><STRONG><a name="[3e]"></a>_main_cpp_init$empty</STRONG> (Thumb, 0 bytes, Stack size unknown bytes, entry8a.o(.ARM.Collect$$$$00000009))
<BR><BR>[Stack]<UL><LI>Max Depth = 16 + Unknown Stack Size
<LI>Call Chain = _main_cpp_init$empty &rArr; __cpp_initialize__aeabi_
</UL>
<BR>[Calls]<UL><LI><a href="#[3b]">&gt;&gt;</a>&nbsp;&nbsp;&nbsp;__cpp_initialize__aeabi_
</UL>

<P><STRONG><a name="[b3]"></a>_main_cpp_init</STRONG> (Thumb, 0 bytes, Stack size unknown bytes, entry8b.o(.ARM.Collect$$$$0000000A))

<P><STRONG><a name="[b4]"></a>_main_init</STRONG> (Thumb, 0 bytes, Stack size unknown bytes, entry9a.o(.ARM.Collect$$$$0000000B))

<P><STRONG><a name="[b5]"></a>__rt_final_cpp</STRONG> (Thumb, 0 bytes, Stack size unknown bytes, entry10a.o(.ARM.Collect$$$$0000000D))

<P><STRONG><a name="[b6]"></a>__rt_final_exit</STRONG> (Thumb, 0 bytes, Stack size unknown bytes, entry11a.o(.ARM.Collect$$$$0000000F))

<P><STRONG><a name="[53]"></a>MSR_MSP</STRONG> (Thumb, 6 bytes, Stack size 0 bytes, iap.o(.emb_text))
<BR><BR>[Called By]<UL><LI><a href="#[40]">&gt;&gt;</a>&nbsp;&nbsp;&nbsp;IAP::StartNewProcedure()
</UL>

<P><STRONG><a name="[35]"></a>main</STRONG> (Thumb, 140 bytes, Stack size 0 bytes, main.o(.text))
<BR><BR>[Stack]<UL><LI>Max Depth = 1116<LI>Call Chain = main &rArr; IAP::Unpacking_data() &rArr; IAP::SendDataReply(unsigned char, unsigned char) &rArr; USART::SendData(unsigned char*, unsigned) &rArr; USART_ITConfig
</UL>
<BR>[Calls]<UL><LI><a href="#[40]">&gt;&gt;</a>&nbsp;&nbsp;&nbsp;IAP::StartNewProcedure()
<LI><a href="#[3f]">&gt;&gt;</a>&nbsp;&nbsp;&nbsp;IAP::GetUpdataUesOrNo()
<LI><a href="#[44]">&gt;&gt;</a>&nbsp;&nbsp;&nbsp;IAP::UpdataProcedure()
<LI><a href="#[43]">&gt;&gt;</a>&nbsp;&nbsp;&nbsp;IAP::Unpacking_data()
<LI><a href="#[41]">&gt;&gt;</a>&nbsp;&nbsp;&nbsp;IAP::Unpacking_msg()
<LI><a href="#[45]">&gt;&gt;</a>&nbsp;&nbsp;&nbsp;IAP::cheakBagSum()
<LI><a href="#[42]">&gt;&gt;</a>&nbsp;&nbsp;&nbsp;IAP::EraseFlash()
</UL>
<BR>[Address Reference Count : 1]<UL><LI> entry9a.o(.ARM.Collect$$$$0000000B)
</UL>
<P><STRONG><a name="[50]"></a>IAP::cheakSum(unsigned char*, int)</STRONG> (Thumb, 40 bytes, Stack size 12 bytes, iap.o(.text))
<BR><BR>[Stack]<UL><LI>Max Depth = 12<LI>Call Chain = IAP::cheakSum(unsigned char*, int)
</UL>
<BR>[Called By]<UL><LI><a href="#[43]">&gt;&gt;</a>&nbsp;&nbsp;&nbsp;IAP::Unpacking_data()
<LI><a href="#[41]">&gt;&gt;</a>&nbsp;&nbsp;&nbsp;IAP::Unpacking_msg()
</UL>

<P><STRONG><a name="[4a]"></a>IAP::SendMsgReply(unsigned char)</STRONG> (Thumb, 82 bytes, Stack size 24 bytes, iap.o(.text))
<BR><BR>[Stack]<UL><LI>Max Depth = 68<LI>Call Chain = IAP::SendMsgReply(unsigned char) &rArr; USART::SendData(unsigned char*, unsigned) &rArr; USART_ITConfig
</UL>
<BR>[Calls]<UL><LI><a href="#[4b]">&gt;&gt;</a>&nbsp;&nbsp;&nbsp;USART::SendData(unsigned char*, unsigned)
</UL>
<BR>[Called By]<UL><LI><a href="#[41]">&gt;&gt;</a>&nbsp;&nbsp;&nbsp;IAP::Unpacking_msg()
</UL>

<P><STRONG><a name="[4c]"></a>IAP::SendDataReply(unsigned char, unsigned char)</STRONG> (Thumb, 82 bytes, Stack size 24 bytes, iap.o(.text))
<BR><BR>[Stack]<UL><LI>Max Depth = 68<LI>Call Chain = IAP::SendDataReply(unsigned char, unsigned char) &rArr; USART::SendData(unsigned char*, unsigned) &rArr; USART_ITConfig
</UL>
<BR>[Calls]<UL><LI><a href="#[4b]">&gt;&gt;</a>&nbsp;&nbsp;&nbsp;USART::SendData(unsigned char*, unsigned)
</UL>
<BR>[Called By]<UL><LI><a href="#[43]">&gt;&gt;</a>&nbsp;&nbsp;&nbsp;IAP::Unpacking_data()
</UL>

<P><STRONG><a name="[49]"></a>IAP::IAP(USART&, Memory&, Memory&)</STRONG> (Thumb, 26 bytes, Stack size 8 bytes, iap.o(.text))
<BR><BR>[Stack]<UL><LI>Max Depth = 8<LI>Call Chain = IAP::IAP(USART&, Memory&, Memory&)
</UL>
<BR>[Called By]<UL><LI><a href="#[39]">&gt;&gt;</a>&nbsp;&nbsp;&nbsp;__sti___8_main_cpp_9c3cbc1f
</UL>

<P><STRONG><a name="[b7]"></a>IAP::IAP__sub_object(USART&, Memory&, Memory&)</STRONG> (Thumb, 0 bytes, Stack size 8 bytes, iap.o(.text), UNUSED)

<P><STRONG><a name="[42]"></a>IAP::EraseFlash()</STRONG> (Thumb, 36 bytes, Stack size 16 bytes, iap.o(.text))
<BR><BR>[Stack]<UL><LI>Max Depth = 48<LI>Call Chain = IAP::EraseFlash() &rArr; Memory::Clear(unsigned short) &rArr; FLASH_ErasePage &rArr; FLASH_WaitForLastOperation
</UL>
<BR>[Calls]<UL><LI><a href="#[4d]">&gt;&gt;</a>&nbsp;&nbsp;&nbsp;Memory::Clear(unsigned short)
</UL>
<BR>[Called By]<UL><LI><a href="#[35]">&gt;&gt;</a>&nbsp;&nbsp;&nbsp;main
</UL>

<P><STRONG><a name="[41]"></a>IAP::Unpacking_msg()</STRONG> (Thumb, 156 bytes, Stack size 24 bytes, iap.o(.text))
<BR><BR>[Stack]<UL><LI>Max Depth = 92<LI>Call Chain = IAP::Unpacking_msg() &rArr; IAP::SendMsgReply(unsigned char) &rArr; USART::SendData(unsigned char*, unsigned) &rArr; USART_ITConfig
</UL>
<BR>[Calls]<UL><LI><a href="#[51]">&gt;&gt;</a>&nbsp;&nbsp;&nbsp;USART::ClearReceiveBuffer()
<LI><a href="#[4e]">&gt;&gt;</a>&nbsp;&nbsp;&nbsp;USART::ReceiveBufferSize()
<LI><a href="#[4f]">&gt;&gt;</a>&nbsp;&nbsp;&nbsp;USART::GetReceivedData(unsigned char*, unsigned short)
<LI><a href="#[4a]">&gt;&gt;</a>&nbsp;&nbsp;&nbsp;IAP::SendMsgReply(unsigned char)
<LI><a href="#[50]">&gt;&gt;</a>&nbsp;&nbsp;&nbsp;IAP::cheakSum(unsigned char*, int)
</UL>
<BR>[Called By]<UL><LI><a href="#[35]">&gt;&gt;</a>&nbsp;&nbsp;&nbsp;main
</UL>

<P><STRONG><a name="[43]"></a>IAP::Unpacking_data()</STRONG> (Thumb, 228 bytes, Stack size 1048 bytes, iap.o(.text))
<BR><BR>[Stack]<UL><LI>Max Depth = 1116<LI>Call Chain = IAP::Unpacking_data() &rArr; IAP::SendDataReply(unsigned char, unsigned char) &rArr; USART::SendData(unsigned char*, unsigned) &rArr; USART_ITConfig
</UL>
<BR>[Calls]<UL><LI><a href="#[4e]">&gt;&gt;</a>&nbsp;&nbsp;&nbsp;USART::ReceiveBufferSize()
<LI><a href="#[4f]">&gt;&gt;</a>&nbsp;&nbsp;&nbsp;USART::GetReceivedData(unsigned char*, unsigned short)
<LI><a href="#[4c]">&gt;&gt;</a>&nbsp;&nbsp;&nbsp;IAP::SendDataReply(unsigned char, unsigned char)
<LI><a href="#[50]">&gt;&gt;</a>&nbsp;&nbsp;&nbsp;IAP::cheakSum(unsigned char*, int)
</UL>
<BR>[Called By]<UL><LI><a href="#[35]">&gt;&gt;</a>&nbsp;&nbsp;&nbsp;main
</UL>

<P><STRONG><a name="[44]"></a>IAP::UpdataProcedure()</STRONG> (Thumb, 30 bytes, Stack size 8 bytes, iap.o(.text))
<BR><BR>[Stack]<UL><LI>Max Depth = 56<LI>Call Chain = IAP::UpdataProcedure() &rArr; Memory::Write(unsigned short, unsigned char*, unsigned short) &rArr; FLASH_ProgramWord &rArr; FLASH_WaitForLastOperation
</UL>
<BR>[Calls]<UL><LI><a href="#[52]">&gt;&gt;</a>&nbsp;&nbsp;&nbsp;Memory::Write(unsigned short, unsigned char*, unsigned short)
</UL>
<BR>[Called By]<UL><LI><a href="#[35]">&gt;&gt;</a>&nbsp;&nbsp;&nbsp;main
</UL>

<P><STRONG><a name="[40]"></a>IAP::StartNewProcedure()</STRONG> (Thumb, 46 bytes, Stack size 8 bytes, iap.o(.text))
<BR><BR>[Stack]<UL><LI>Max Depth = 8<LI>Call Chain = IAP::StartNewProcedure()
</UL>
<BR>[Calls]<UL><LI><a href="#[53]">&gt;&gt;</a>&nbsp;&nbsp;&nbsp;MSR_MSP
</UL>
<BR>[Called By]<UL><LI><a href="#[35]">&gt;&gt;</a>&nbsp;&nbsp;&nbsp;main
</UL>

<P><STRONG><a name="[54]"></a>IAP::SetUpdataYesOrNo(bool)</STRONG> (Thumb, 64 bytes, Stack size 24 bytes, iap.o(.text), UNUSED)
<BR><BR>[Calls]<UL><LI><a href="#[55]">&gt;&gt;</a>&nbsp;&nbsp;&nbsp;Memory::Write(unsigned short, unsigned short, unsigned short*, unsigned short)
</UL>

<P><STRONG><a name="[3f]"></a>IAP::GetUpdataUesOrNo()</STRONG> (Thumb, 42 bytes, Stack size 16 bytes, iap.o(.text))
<BR><BR>[Stack]<UL><LI>Max Depth = 36<LI>Call Chain = IAP::GetUpdataUesOrNo() &rArr; Memory::Read(unsigned short, unsigned short, unsigned short*, unsigned short)
</UL>
<BR>[Calls]<UL><LI><a href="#[56]">&gt;&gt;</a>&nbsp;&nbsp;&nbsp;Memory::Read(unsigned short, unsigned short, unsigned short*, unsigned short)
</UL>
<BR>[Called By]<UL><LI><a href="#[35]">&gt;&gt;</a>&nbsp;&nbsp;&nbsp;main
</UL>

<P><STRONG><a name="[45]"></a>IAP::cheakBagSum()</STRONG> (Thumb, 18 bytes, Stack size 0 bytes, iap.o(.text))
<BR><BR>[Called By]<UL><LI><a href="#[35]">&gt;&gt;</a>&nbsp;&nbsp;&nbsp;main
</UL>

<P><STRONG><a name="[2f]"></a>USART1_IRQHandler</STRONG> (Thumb, 18 bytes, Stack size 8 bytes, interrupt.o(.text))
<BR><BR>[Stack]<UL><LI>Max Depth = 44<LI>Call Chain = USART1_IRQHandler &rArr; USART::Irq() &rArr; USART_ITConfig
</UL>
<BR>[Calls]<UL><LI><a href="#[57]">&gt;&gt;</a>&nbsp;&nbsp;&nbsp;USART::Irq()
</UL>
<BR>[Address Reference Count : 1]<UL><LI> startup_stm32f10x_md.o(RESET)
</UL>
<P><STRONG><a name="[30]"></a>USART2_IRQHandler</STRONG> (Thumb, 18 bytes, Stack size 8 bytes, interrupt.o(.text))
<BR><BR>[Stack]<UL><LI>Max Depth = 44<LI>Call Chain = USART2_IRQHandler &rArr; USART::Irq() &rArr; USART_ITConfig
</UL>
<BR>[Calls]<UL><LI><a href="#[57]">&gt;&gt;</a>&nbsp;&nbsp;&nbsp;USART::Irq()
</UL>
<BR>[Address Reference Count : 1]<UL><LI> startup_stm32f10x_md.o(RESET)
</UL>
<P><STRONG><a name="[31]"></a>USART3_IRQHandler</STRONG> (Thumb, 18 bytes, Stack size 8 bytes, interrupt.o(.text))
<BR><BR>[Stack]<UL><LI>Max Depth = 44<LI>Call Chain = USART3_IRQHandler &rArr; USART::Irq() &rArr; USART_ITConfig
</UL>
<BR>[Calls]<UL><LI><a href="#[57]">&gt;&gt;</a>&nbsp;&nbsp;&nbsp;USART::Irq()
</UL>
<BR>[Address Reference Count : 1]<UL><LI> startup_stm32f10x_md.o(RESET)
</UL>
<P><STRONG><a name="[18]"></a>DMA1_Channel4_IRQHandler</STRONG> (Thumb, 18 bytes, Stack size 8 bytes, interrupt.o(.text))
<BR><BR>[Stack]<UL><LI>Max Depth = 36<LI>Call Chain = DMA1_Channel4_IRQHandler &rArr; USART::DmaIrq() &rArr; FIFOBuffer&lang;unsigned char, (unsigned short)50&rang;::Gets(unsigned char*, unsigned short)
</UL>
<BR>[Calls]<UL><LI><a href="#[58]">&gt;&gt;</a>&nbsp;&nbsp;&nbsp;USART::DmaIrq()
</UL>
<BR>[Address Reference Count : 1]<UL><LI> startup_stm32f10x_md.o(RESET)
</UL>
<P><STRONG><a name="[1b]"></a>DMA1_Channel7_IRQHandler</STRONG> (Thumb, 18 bytes, Stack size 8 bytes, interrupt.o(.text))
<BR><BR>[Stack]<UL><LI>Max Depth = 36<LI>Call Chain = DMA1_Channel7_IRQHandler &rArr; USART::DmaIrq() &rArr; FIFOBuffer&lang;unsigned char, (unsigned short)50&rang;::Gets(unsigned char*, unsigned short)
</UL>
<BR>[Calls]<UL><LI><a href="#[58]">&gt;&gt;</a>&nbsp;&nbsp;&nbsp;USART::DmaIrq()
</UL>
<BR>[Address Reference Count : 1]<UL><LI> startup_stm32f10x_md.o(RESET)
</UL>
<P><STRONG><a name="[16]"></a>DMA1_Channel2_IRQHandler</STRONG> (Thumb, 18 bytes, Stack size 8 bytes, interrupt.o(.text))
<BR><BR>[Stack]<UL><LI>Max Depth = 36<LI>Call Chain = DMA1_Channel2_IRQHandler &rArr; USART::DmaIrq() &rArr; FIFOBuffer&lang;unsigned char, (unsigned short)50&rang;::Gets(unsigned char*, unsigned short)
</UL>
<BR>[Calls]<UL><LI><a href="#[58]">&gt;&gt;</a>&nbsp;&nbsp;&nbsp;USART::DmaIrq()
</UL>
<BR>[Address Reference Count : 1]<UL><LI> startup_stm32f10x_md.o(RESET)
</UL>
<P><STRONG><a name="[46]"></a>Memory::Memory(unsigned, bool)</STRONG> (Thumb, 22 bytes, Stack size 0 bytes, memory.o(.text))
<BR><BR>[Called By]<UL><LI><a href="#[39]">&gt;&gt;</a>&nbsp;&nbsp;&nbsp;__sti___8_main_cpp_9c3cbc1f
</UL>

<P><STRONG><a name="[b8]"></a>Memory::Memory__sub_object(unsigned, bool)</STRONG> (Thumb, 0 bytes, Stack size 0 bytes, memory.o(.text), UNUSED)

<P><STRONG><a name="[56]"></a>Memory::Read(unsigned short, unsigned short, unsigned short*, unsigned short)</STRONG> (Thumb, 76 bytes, Stack size 20 bytes, memory.o(.text))
<BR><BR>[Stack]<UL><LI>Max Depth = 20<LI>Call Chain = Memory::Read(unsigned short, unsigned short, unsigned short*, unsigned short)
</UL>
<BR>[Called By]<UL><LI><a href="#[3f]">&gt;&gt;</a>&nbsp;&nbsp;&nbsp;IAP::GetUpdataUesOrNo()
</UL>

<P><STRONG><a name="[b9]"></a>Memory::Read(unsigned short, unsigned*, unsigned short)</STRONG> (Thumb, 70 bytes, Stack size 16 bytes, memory.o(.text), UNUSED)

<P><STRONG><a name="[52]"></a>Memory::Write(unsigned short, unsigned char*, unsigned short)</STRONG> (Thumb, 136 bytes, Stack size 24 bytes, memory.o(.text))
<BR><BR>[Stack]<UL><LI>Max Depth = 48<LI>Call Chain = Memory::Write(unsigned short, unsigned char*, unsigned short) &rArr; FLASH_ProgramWord &rArr; FLASH_WaitForLastOperation
</UL>
<BR>[Calls]<UL><LI><a href="#[59]">&gt;&gt;</a>&nbsp;&nbsp;&nbsp;FLASH_Unlock
<LI><a href="#[5d]">&gt;&gt;</a>&nbsp;&nbsp;&nbsp;FLASH_ProgramWord
<LI><a href="#[5c]">&gt;&gt;</a>&nbsp;&nbsp;&nbsp;FLASH_ProgramHalfWord
<LI><a href="#[5e]">&gt;&gt;</a>&nbsp;&nbsp;&nbsp;FLASH_Lock
<LI><a href="#[5b]">&gt;&gt;</a>&nbsp;&nbsp;&nbsp;FLASH_ErasePage
<LI><a href="#[5a]">&gt;&gt;</a>&nbsp;&nbsp;&nbsp;FLASH_ClearFlag
</UL>
<BR>[Called By]<UL><LI><a href="#[44]">&gt;&gt;</a>&nbsp;&nbsp;&nbsp;IAP::UpdataProcedure()
</UL>

<P><STRONG><a name="[55]"></a>Memory::Write(unsigned short, unsigned short, unsigned short*, unsigned short)</STRONG> (Thumb, 168 bytes, Stack size 32 bytes, memory.o(.text), UNUSED)
<BR><BR>[Calls]<UL><LI><a href="#[59]">&gt;&gt;</a>&nbsp;&nbsp;&nbsp;FLASH_Unlock
<LI><a href="#[5d]">&gt;&gt;</a>&nbsp;&nbsp;&nbsp;FLASH_ProgramWord
<LI><a href="#[5c]">&gt;&gt;</a>&nbsp;&nbsp;&nbsp;FLASH_ProgramHalfWord
<LI><a href="#[5e]">&gt;&gt;</a>&nbsp;&nbsp;&nbsp;FLASH_Lock
<LI><a href="#[5b]">&gt;&gt;</a>&nbsp;&nbsp;&nbsp;FLASH_ErasePage
<LI><a href="#[5a]">&gt;&gt;</a>&nbsp;&nbsp;&nbsp;FLASH_ClearFlag
</UL>
<BR>[Called By]<UL><LI><a href="#[54]">&gt;&gt;</a>&nbsp;&nbsp;&nbsp;IAP::SetUpdataYesOrNo(bool)
</UL>

<P><STRONG><a name="[5f]"></a>Memory::Write(unsigned short, unsigned*, unsigned short)</STRONG> (Thumb, 138 bytes, Stack size 24 bytes, memory.o(.text), UNUSED)
<BR><BR>[Calls]<UL><LI><a href="#[59]">&gt;&gt;</a>&nbsp;&nbsp;&nbsp;FLASH_Unlock
<LI><a href="#[5d]">&gt;&gt;</a>&nbsp;&nbsp;&nbsp;FLASH_ProgramWord
<LI><a href="#[5c]">&gt;&gt;</a>&nbsp;&nbsp;&nbsp;FLASH_ProgramHalfWord
<LI><a href="#[5e]">&gt;&gt;</a>&nbsp;&nbsp;&nbsp;FLASH_Lock
<LI><a href="#[5b]">&gt;&gt;</a>&nbsp;&nbsp;&nbsp;FLASH_ErasePage
<LI><a href="#[5a]">&gt;&gt;</a>&nbsp;&nbsp;&nbsp;FLASH_ClearFlag
</UL>

<P><STRONG><a name="[60]"></a>Memory::Write(unsigned short, unsigned short, char*)</STRONG> (Thumb, 190 bytes, Stack size 32 bytes, memory.o(.text), UNUSED)
<BR><BR>[Calls]<UL><LI><a href="#[59]">&gt;&gt;</a>&nbsp;&nbsp;&nbsp;FLASH_Unlock
<LI><a href="#[5c]">&gt;&gt;</a>&nbsp;&nbsp;&nbsp;FLASH_ProgramHalfWord
<LI><a href="#[5e]">&gt;&gt;</a>&nbsp;&nbsp;&nbsp;FLASH_Lock
<LI><a href="#[5b]">&gt;&gt;</a>&nbsp;&nbsp;&nbsp;FLASH_ErasePage
<LI><a href="#[5a]">&gt;&gt;</a>&nbsp;&nbsp;&nbsp;FLASH_ClearFlag
</UL>

<P><STRONG><a name="[ba]"></a>Memory::Read(unsigned short, unsigned short, char*)</STRONG> (Thumb, 100 bytes, Stack size 20 bytes, memory.o(.text), UNUSED)

<P><STRONG><a name="[4d]"></a>Memory::Clear(unsigned short)</STRONG> (Thumb, 40 bytes, Stack size 16 bytes, memory.o(.text))
<BR><BR>[Stack]<UL><LI>Max Depth = 32<LI>Call Chain = Memory::Clear(unsigned short) &rArr; FLASH_ErasePage &rArr; FLASH_WaitForLastOperation
</UL>
<BR>[Calls]<UL><LI><a href="#[59]">&gt;&gt;</a>&nbsp;&nbsp;&nbsp;FLASH_Unlock
<LI><a href="#[5e]">&gt;&gt;</a>&nbsp;&nbsp;&nbsp;FLASH_Lock
<LI><a href="#[5b]">&gt;&gt;</a>&nbsp;&nbsp;&nbsp;FLASH_ErasePage
<LI><a href="#[5a]">&gt;&gt;</a>&nbsp;&nbsp;&nbsp;FLASH_ClearFlag
</UL>
<BR>[Called By]<UL><LI><a href="#[42]">&gt;&gt;</a>&nbsp;&nbsp;&nbsp;IAP::EraseFlash()
</UL>

<P><STRONG><a name="[bb]"></a>fun()</STRONG> (Thumb, 2 bytes, Stack size 0 bytes, usart.o(.text), UNUSED)

<P><STRONG><a name="[36]"></a>USART::~USART()</STRONG> (Thumb, 54 bytes, Stack size 0 bytes, usart.o(.text))
<BR>[Address Reference Count : 1]<UL><LI> main.o(.text)
</UL>
<P><STRONG><a name="[bc]"></a>USART::~USART__sub_object()</STRONG> (Thumb, 0 bytes, Stack size 0 bytes, usart.o(.text), UNUSED)

<P><STRONG><a name="[47]"></a>USART::USART(unsigned char, unsigned, bool, unsigned char, unsigned char, unsigned char, unsigned char, unsigned char, unsigned short, unsigned short, unsigned short)</STRONG> (Thumb, 870 bytes, Stack size 112 bytes, usart.o(.text))
<BR><BR>[Stack]<UL><LI>Max Depth = 180<LI>Call Chain = USART::USART(unsigned char, unsigned, bool, unsigned char, unsigned char, unsigned char, unsigned char, unsigned char, unsigned short, unsigned short, unsigned short) &rArr; USART_Init &rArr; RCC_GetClocksFreq
</UL>
<BR>[Calls]<UL><LI><a href="#[66]">&gt;&gt;</a>&nbsp;&nbsp;&nbsp;USART_Init
<LI><a href="#[6c]">&gt;&gt;</a>&nbsp;&nbsp;&nbsp;USART_ITConfig
<LI><a href="#[68]">&gt;&gt;</a>&nbsp;&nbsp;&nbsp;USART_DMACmd
<LI><a href="#[67]">&gt;&gt;</a>&nbsp;&nbsp;&nbsp;USART_Cmd
<LI><a href="#[62]">&gt;&gt;</a>&nbsp;&nbsp;&nbsp;RCC_APB2PeriphClockCmd
<LI><a href="#[64]">&gt;&gt;</a>&nbsp;&nbsp;&nbsp;RCC_APB1PeriphClockCmd
<LI><a href="#[69]">&gt;&gt;</a>&nbsp;&nbsp;&nbsp;RCC_AHBPeriphClockCmd
<LI><a href="#[6d]">&gt;&gt;</a>&nbsp;&nbsp;&nbsp;NVIC_PriorityGroupConfig
<LI><a href="#[6e]">&gt;&gt;</a>&nbsp;&nbsp;&nbsp;NVIC_Init
<LI><a href="#[63]">&gt;&gt;</a>&nbsp;&nbsp;&nbsp;GPIO_PinRemapConfig
<LI><a href="#[65]">&gt;&gt;</a>&nbsp;&nbsp;&nbsp;GPIO_Init
<LI><a href="#[6a]">&gt;&gt;</a>&nbsp;&nbsp;&nbsp;DMA_Init
<LI><a href="#[6b]">&gt;&gt;</a>&nbsp;&nbsp;&nbsp;DMA_Cmd
<LI><a href="#[61]">&gt;&gt;</a>&nbsp;&nbsp;&nbsp;FIFOBuffer&lang;unsigned char, (unsigned short)50&rang;::FIFOBuffer()
</UL>
<BR>[Called By]<UL><LI><a href="#[39]">&gt;&gt;</a>&nbsp;&nbsp;&nbsp;__sti___8_main_cpp_9c3cbc1f
</UL>

<P><STRONG><a name="[bd]"></a>USART::USART__sub_object(unsigned char, unsigned, bool, unsigned char, unsigned char, unsigned char, unsigned char, unsigned char, unsigned short, unsigned short, unsigned short)</STRONG> (Thumb, 0 bytes, Stack size 112 bytes, usart.o(.text), UNUSED)

<P><STRONG><a name="[4b]"></a>USART::SendData(unsigned char*, unsigned)</STRONG> (Thumb, 258 bytes, Stack size 24 bytes, usart.o(.text))
<BR><BR>[Stack]<UL><LI>Max Depth = 44<LI>Call Chain = USART::SendData(unsigned char*, unsigned) &rArr; USART_ITConfig
</UL>
<BR>[Calls]<UL><LI><a href="#[75]">&gt;&gt;</a>&nbsp;&nbsp;&nbsp;USART_SendData
<LI><a href="#[6c]">&gt;&gt;</a>&nbsp;&nbsp;&nbsp;USART_ITConfig
<LI><a href="#[73]">&gt;&gt;</a>&nbsp;&nbsp;&nbsp;USART_GetFlagStatus
<LI><a href="#[72]">&gt;&gt;</a>&nbsp;&nbsp;&nbsp;USART_ClearITPendingBit
<LI><a href="#[6b]">&gt;&gt;</a>&nbsp;&nbsp;&nbsp;DMA_Cmd
<LI><a href="#[70]">&gt;&gt;</a>&nbsp;&nbsp;&nbsp;FIFOBuffer&lang;unsigned char, (unsigned short)50&rang;::Size()
<LI><a href="#[6f]">&gt;&gt;</a>&nbsp;&nbsp;&nbsp;FIFOBuffer&lang;unsigned char, (unsigned short)50&rang;::Puts(unsigned char*, unsigned short)
<LI><a href="#[71]">&gt;&gt;</a>&nbsp;&nbsp;&nbsp;FIFOBuffer&lang;unsigned char, (unsigned short)50&rang;::Gets(unsigned char*, unsigned short)
<LI><a href="#[74]">&gt;&gt;</a>&nbsp;&nbsp;&nbsp;FIFOBuffer&lang;unsigned char, (unsigned short)50&rang;::Get(unsigned char&)
</UL>
<BR>[Called By]<UL><LI><a href="#[86]">&gt;&gt;</a>&nbsp;&nbsp;&nbsp;USART::operator &lang;&lang;(char)
<LI><a href="#[85]">&gt;&gt;</a>&nbsp;&nbsp;&nbsp;USART::operator &lang;&lang;(const char*)
<LI><a href="#[81]">&gt;&gt;</a>&nbsp;&nbsp;&nbsp;USART::operator &lang;&lang;(double)
<LI><a href="#[80]">&gt;&gt;</a>&nbsp;&nbsp;&nbsp;USART::operator &lang;&lang;(int)
<LI><a href="#[4c]">&gt;&gt;</a>&nbsp;&nbsp;&nbsp;IAP::SendDataReply(unsigned char, unsigned char)
<LI><a href="#[4a]">&gt;&gt;</a>&nbsp;&nbsp;&nbsp;IAP::SendMsgReply(unsigned char)
</UL>

<P><STRONG><a name="[4f]"></a>USART::GetReceivedData(unsigned char*, unsigned short)</STRONG> (Thumb, 40 bytes, Stack size 16 bytes, usart.o(.text))
<BR><BR>[Stack]<UL><LI>Max Depth = 28<LI>Call Chain = USART::GetReceivedData(unsigned char*, unsigned short) &rArr; FIFOBuffer&lang;unsigned char, (unsigned short)50&rang;::Gets(unsigned char*, unsigned short)
</UL>
<BR>[Calls]<UL><LI><a href="#[70]">&gt;&gt;</a>&nbsp;&nbsp;&nbsp;FIFOBuffer&lang;unsigned char, (unsigned short)50&rang;::Size()
<LI><a href="#[71]">&gt;&gt;</a>&nbsp;&nbsp;&nbsp;FIFOBuffer&lang;unsigned char, (unsigned short)50&rang;::Gets(unsigned char*, unsigned short)
</UL>
<BR>[Called By]<UL><LI><a href="#[43]">&gt;&gt;</a>&nbsp;&nbsp;&nbsp;IAP::Unpacking_data()
<LI><a href="#[41]">&gt;&gt;</a>&nbsp;&nbsp;&nbsp;IAP::Unpacking_msg()
</UL>

<P><STRONG><a name="[76]"></a>USART::SetBaudRate(unsigned)</STRONG> (Thumb, 168 bytes, Stack size 56 bytes, usart.o(.text), UNUSED)
<BR><BR>[Calls]<UL><LI><a href="#[77]">&gt;&gt;</a>&nbsp;&nbsp;&nbsp;RCC_GetClocksFreq
</UL>

<P><STRONG><a name="[4e]"></a>USART::ReceiveBufferSize()</STRONG> (Thumb, 14 bytes, Stack size 8 bytes, usart.o(.text))
<BR><BR>[Stack]<UL><LI>Max Depth = 8<LI>Call Chain = USART::ReceiveBufferSize()
</UL>
<BR>[Calls]<UL><LI><a href="#[70]">&gt;&gt;</a>&nbsp;&nbsp;&nbsp;FIFOBuffer&lang;unsigned char, (unsigned short)50&rang;::Size()
</UL>
<BR>[Called By]<UL><LI><a href="#[43]">&gt;&gt;</a>&nbsp;&nbsp;&nbsp;IAP::Unpacking_data()
<LI><a href="#[41]">&gt;&gt;</a>&nbsp;&nbsp;&nbsp;IAP::Unpacking_msg()
</UL>

<P><STRONG><a name="[51]"></a>USART::ClearReceiveBuffer()</STRONG> (Thumb, 14 bytes, Stack size 8 bytes, usart.o(.text))
<BR><BR>[Stack]<UL><LI>Max Depth = 8<LI>Call Chain = USART::ClearReceiveBuffer()
</UL>
<BR>[Calls]<UL><LI><a href="#[78]">&gt;&gt;</a>&nbsp;&nbsp;&nbsp;FIFOBuffer&lang;unsigned char, (unsigned short)50&rang;::Clear()
</UL>
<BR>[Called By]<UL><LI><a href="#[41]">&gt;&gt;</a>&nbsp;&nbsp;&nbsp;IAP::Unpacking_msg()
</UL>

<P><STRONG><a name="[79]"></a>USART::ClearSendBuffer()</STRONG> (Thumb, 12 bytes, Stack size 8 bytes, usart.o(.text), UNUSED)
<BR><BR>[Calls]<UL><LI><a href="#[78]">&gt;&gt;</a>&nbsp;&nbsp;&nbsp;FIFOBuffer&lang;unsigned char, (unsigned short)50&rang;::Clear()
</UL>

<P><STRONG><a name="[57]"></a>USART::Irq()</STRONG> (Thumb, 200 bytes, Stack size 16 bytes, usart.o(.text))
<BR><BR>[Stack]<UL><LI>Max Depth = 36<LI>Call Chain = USART::Irq() &rArr; USART_ITConfig
</UL>
<BR>[Calls]<UL><LI><a href="#[75]">&gt;&gt;</a>&nbsp;&nbsp;&nbsp;USART_SendData
<LI><a href="#[7b]">&gt;&gt;</a>&nbsp;&nbsp;&nbsp;USART_ReceiveData
<LI><a href="#[6c]">&gt;&gt;</a>&nbsp;&nbsp;&nbsp;USART_ITConfig
<LI><a href="#[7a]">&gt;&gt;</a>&nbsp;&nbsp;&nbsp;USART_GetITStatus
<LI><a href="#[72]">&gt;&gt;</a>&nbsp;&nbsp;&nbsp;USART_ClearITPendingBit
<LI><a href="#[70]">&gt;&gt;</a>&nbsp;&nbsp;&nbsp;FIFOBuffer&lang;unsigned char, (unsigned short)50&rang;::Size()
<LI><a href="#[7c]">&gt;&gt;</a>&nbsp;&nbsp;&nbsp;FIFOBuffer&lang;unsigned char, (unsigned short)50&rang;::Put(const unsigned char&)
<LI><a href="#[74]">&gt;&gt;</a>&nbsp;&nbsp;&nbsp;FIFOBuffer&lang;unsigned char, (unsigned short)50&rang;::Get(unsigned char&)
</UL>
<BR>[Called By]<UL><LI><a href="#[31]">&gt;&gt;</a>&nbsp;&nbsp;&nbsp;USART3_IRQHandler
<LI><a href="#[30]">&gt;&gt;</a>&nbsp;&nbsp;&nbsp;USART2_IRQHandler
<LI><a href="#[2f]">&gt;&gt;</a>&nbsp;&nbsp;&nbsp;USART1_IRQHandler
</UL>

<P><STRONG><a name="[58]"></a>USART::DmaIrq()</STRONG> (Thumb, 134 bytes, Stack size 16 bytes, usart.o(.text))
<BR><BR>[Stack]<UL><LI>Max Depth = 28<LI>Call Chain = USART::DmaIrq() &rArr; FIFOBuffer&lang;unsigned char, (unsigned short)50&rang;::Gets(unsigned char*, unsigned short)
</UL>
<BR>[Calls]<UL><LI><a href="#[7d]">&gt;&gt;</a>&nbsp;&nbsp;&nbsp;DMA_GetFlagStatus
<LI><a href="#[6b]">&gt;&gt;</a>&nbsp;&nbsp;&nbsp;DMA_Cmd
<LI><a href="#[7e]">&gt;&gt;</a>&nbsp;&nbsp;&nbsp;DMA_ClearITPendingBit
<LI><a href="#[7f]">&gt;&gt;</a>&nbsp;&nbsp;&nbsp;DMA_ClearFlag
<LI><a href="#[70]">&gt;&gt;</a>&nbsp;&nbsp;&nbsp;FIFOBuffer&lang;unsigned char, (unsigned short)50&rang;::Size()
<LI><a href="#[71]">&gt;&gt;</a>&nbsp;&nbsp;&nbsp;FIFOBuffer&lang;unsigned char, (unsigned short)50&rang;::Gets(unsigned char*, unsigned short)
</UL>
<BR>[Called By]<UL><LI><a href="#[16]">&gt;&gt;</a>&nbsp;&nbsp;&nbsp;DMA1_Channel2_IRQHandler
<LI><a href="#[1b]">&gt;&gt;</a>&nbsp;&nbsp;&nbsp;DMA1_Channel7_IRQHandler
<LI><a href="#[18]">&gt;&gt;</a>&nbsp;&nbsp;&nbsp;DMA1_Channel4_IRQHandler
</UL>

<P><STRONG><a name="[80]"></a>USART::operator &lang;&lang;(int)</STRONG> (Thumb, 94 bytes, Stack size 32 bytes, usart.o(.text), UNUSED)
<BR><BR>[Calls]<UL><LI><a href="#[4b]">&gt;&gt;</a>&nbsp;&nbsp;&nbsp;USART::SendData(unsigned char*, unsigned)
</UL>

<P><STRONG><a name="[81]"></a>USART::operator &lang;&lang;(double)</STRONG> (Thumb, 198 bytes, Stack size 56 bytes, usart.o(.text), UNUSED)
<BR><BR>[Calls]<UL><LI><a href="#[83]">&gt;&gt;</a>&nbsp;&nbsp;&nbsp;__aeabi_dmul
<LI><a href="#[84]">&gt;&gt;</a>&nbsp;&nbsp;&nbsp;__aeabi_d2uiz
<LI><a href="#[82]">&gt;&gt;</a>&nbsp;&nbsp;&nbsp;__aeabi_cdcmple
<LI><a href="#[4b]">&gt;&gt;</a>&nbsp;&nbsp;&nbsp;USART::SendData(unsigned char*, unsigned)
</UL>

<P><STRONG><a name="[be]"></a>USART::Setprecision(unsigned char)</STRONG> (Thumb, 6 bytes, Stack size 0 bytes, usart.o(.text), UNUSED)

<P><STRONG><a name="[85]"></a>USART::operator &lang;&lang;(const char*)</STRONG> (Thumb, 36 bytes, Stack size 16 bytes, usart.o(.text), UNUSED)
<BR><BR>[Calls]<UL><LI><a href="#[4b]">&gt;&gt;</a>&nbsp;&nbsp;&nbsp;USART::SendData(unsigned char*, unsigned)
</UL>

<P><STRONG><a name="[86]"></a>USART::operator &lang;&lang;(char)</STRONG> (Thumb, 18 bytes, Stack size 16 bytes, usart.o(.text), UNUSED)
<BR><BR>[Calls]<UL><LI><a href="#[4b]">&gt;&gt;</a>&nbsp;&nbsp;&nbsp;USART::SendData(unsigned char*, unsigned)
</UL>

<P><STRONG><a name="[bf]"></a>USART::UseDma()</STRONG> (Thumb, 8 bytes, Stack size 0 bytes, usart.o(.text), UNUSED)

<P><STRONG><a name="[9]"></a>SysTick_Handler</STRONG> (Thumb, 20 bytes, Stack size 8 bytes, taskmanager.o(.text))
<BR><BR>[Stack]<UL><LI>Max Depth = 96<LI>Call Chain = SysTick_Handler &rArr; __aeabi_dadd &rArr; _double_epilogue &rArr; _double_round
</UL>
<BR>[Calls]<UL><LI><a href="#[87]">&gt;&gt;</a>&nbsp;&nbsp;&nbsp;__aeabi_dadd
</UL>
<BR>[Address Reference Count : 1]<UL><LI> startup_stm32f10x_md.o(RESET)
</UL>
<P><STRONG><a name="[91]"></a>TaskManager::TaskManager()</STRONG> (Thumb, 32 bytes, Stack size 0 bytes, taskmanager.o(.text))
<BR><BR>[Called By]<UL><LI><a href="#[3a]">&gt;&gt;</a>&nbsp;&nbsp;&nbsp;__sti___15_TaskManager_cpp_tskmgr
</UL>

<P><STRONG><a name="[c0]"></a>TaskManager::TaskManager__sub_object()</STRONG> (Thumb, 0 bytes, Stack size 0 bytes, taskmanager.o(.text), UNUSED)

<P><STRONG><a name="[88]"></a>TaskManager::Time()</STRONG> (Thumb, 110 bytes, Stack size 32 bytes, taskmanager.o(.text), UNUSED)
<BR><BR>[Calls]<UL><LI><a href="#[89]">&gt;&gt;</a>&nbsp;&nbsp;&nbsp;__aeabi_ui2d
<LI><a href="#[8b]">&gt;&gt;</a>&nbsp;&nbsp;&nbsp;__aeabi_dsub
<LI><a href="#[8a]">&gt;&gt;</a>&nbsp;&nbsp;&nbsp;__aeabi_ddiv
<LI><a href="#[87]">&gt;&gt;</a>&nbsp;&nbsp;&nbsp;__aeabi_dadd
<LI><a href="#[8c]">&gt;&gt;</a>&nbsp;&nbsp;&nbsp;__aeabi_cdrcmple
</UL>
<BR>[Called By]<UL><LI><a href="#[90]">&gt;&gt;</a>&nbsp;&nbsp;&nbsp;TaskManager::ClockTool(double&, double)
<LI><a href="#[8f]">&gt;&gt;</a>&nbsp;&nbsp;&nbsp;TaskManager::DelayS(unsigned short)
<LI><a href="#[8e]">&gt;&gt;</a>&nbsp;&nbsp;&nbsp;TaskManager::DelayMs(unsigned short)
<LI><a href="#[8d]">&gt;&gt;</a>&nbsp;&nbsp;&nbsp;TaskManager::DelayUs(unsigned short)
</UL>

<P><STRONG><a name="[8d]"></a>TaskManager::DelayUs(unsigned short)</STRONG> (Thumb, 70 bytes, Stack size 48 bytes, taskmanager.o(.text), UNUSED)
<BR><BR>[Calls]<UL><LI><a href="#[89]">&gt;&gt;</a>&nbsp;&nbsp;&nbsp;__aeabi_ui2d
<LI><a href="#[8b]">&gt;&gt;</a>&nbsp;&nbsp;&nbsp;__aeabi_dsub
<LI><a href="#[8a]">&gt;&gt;</a>&nbsp;&nbsp;&nbsp;__aeabi_ddiv
<LI><a href="#[88]">&gt;&gt;</a>&nbsp;&nbsp;&nbsp;TaskManager::Time()
<LI><a href="#[82]">&gt;&gt;</a>&nbsp;&nbsp;&nbsp;__aeabi_cdcmple
</UL>

<P><STRONG><a name="[8e]"></a>TaskManager::DelayMs(unsigned short)</STRONG> (Thumb, 70 bytes, Stack size 48 bytes, taskmanager.o(.text), UNUSED)
<BR><BR>[Calls]<UL><LI><a href="#[89]">&gt;&gt;</a>&nbsp;&nbsp;&nbsp;__aeabi_ui2d
<LI><a href="#[8b]">&gt;&gt;</a>&nbsp;&nbsp;&nbsp;__aeabi_dsub
<LI><a href="#[8a]">&gt;&gt;</a>&nbsp;&nbsp;&nbsp;__aeabi_ddiv
<LI><a href="#[88]">&gt;&gt;</a>&nbsp;&nbsp;&nbsp;TaskManager::Time()
<LI><a href="#[82]">&gt;&gt;</a>&nbsp;&nbsp;&nbsp;__aeabi_cdcmple
</UL>

<P><STRONG><a name="[8f]"></a>TaskManager::DelayS(unsigned short)</STRONG> (Thumb, 60 bytes, Stack size 48 bytes, taskmanager.o(.text), UNUSED)
<BR><BR>[Calls]<UL><LI><a href="#[89]">&gt;&gt;</a>&nbsp;&nbsp;&nbsp;__aeabi_ui2d
<LI><a href="#[8b]">&gt;&gt;</a>&nbsp;&nbsp;&nbsp;__aeabi_dsub
<LI><a href="#[88]">&gt;&gt;</a>&nbsp;&nbsp;&nbsp;TaskManager::Time()
<LI><a href="#[82]">&gt;&gt;</a>&nbsp;&nbsp;&nbsp;__aeabi_cdcmple
</UL>

<P><STRONG><a name="[90]"></a>TaskManager::ClockTool(double&, double)</STRONG> (Thumb, 62 bytes, Stack size 48 bytes, taskmanager.o(.text), UNUSED)
<BR><BR>[Calls]<UL><LI><a href="#[8b]">&gt;&gt;</a>&nbsp;&nbsp;&nbsp;__aeabi_dsub
<LI><a href="#[8c]">&gt;&gt;</a>&nbsp;&nbsp;&nbsp;__aeabi_cdrcmple
<LI><a href="#[88]">&gt;&gt;</a>&nbsp;&nbsp;&nbsp;TaskManager::Time()
</UL>

<P><STRONG><a name="[6d]"></a>NVIC_PriorityGroupConfig</STRONG> (Thumb, 10 bytes, Stack size 0 bytes, misc.o(.text))
<BR><BR>[Called By]<UL><LI><a href="#[47]">&gt;&gt;</a>&nbsp;&nbsp;&nbsp;USART::USART(unsigned char, unsigned, bool, unsigned char, unsigned char, unsigned char, unsigned char, unsigned char, unsigned short, unsigned short, unsigned short)
</UL>

<P><STRONG><a name="[6e]"></a>NVIC_Init</STRONG> (Thumb, 100 bytes, Stack size 16 bytes, misc.o(.text))
<BR><BR>[Stack]<UL><LI>Max Depth = 16<LI>Call Chain = NVIC_Init
</UL>
<BR>[Called By]<UL><LI><a href="#[47]">&gt;&gt;</a>&nbsp;&nbsp;&nbsp;USART::USART(unsigned char, unsigned, bool, unsigned char, unsigned char, unsigned char, unsigned char, unsigned char, unsigned short, unsigned short, unsigned short)
</UL>

<P><STRONG><a name="[c1]"></a>NVIC_SetVectorTable</STRONG> (Thumb, 14 bytes, Stack size 0 bytes, misc.o(.text), UNUSED)

<P><STRONG><a name="[c2]"></a>NVIC_SystemLPConfig</STRONG> (Thumb, 34 bytes, Stack size 0 bytes, misc.o(.text), UNUSED)

<P><STRONG><a name="[c3]"></a>SysTick_CLKSourceConfig</STRONG> (Thumb, 40 bytes, Stack size 0 bytes, misc.o(.text), UNUSED)

<P><STRONG><a name="[c4]"></a>DMA_DeInit</STRONG> (Thumb, 324 bytes, Stack size 0 bytes, stm32f10x_dma.o(.text), UNUSED)

<P><STRONG><a name="[6a]"></a>DMA_Init</STRONG> (Thumb, 60 bytes, Stack size 8 bytes, stm32f10x_dma.o(.text))
<BR><BR>[Stack]<UL><LI>Max Depth = 8<LI>Call Chain = DMA_Init
</UL>
<BR>[Called By]<UL><LI><a href="#[47]">&gt;&gt;</a>&nbsp;&nbsp;&nbsp;USART::USART(unsigned char, unsigned, bool, unsigned char, unsigned char, unsigned char, unsigned char, unsigned char, unsigned short, unsigned short, unsigned short)
</UL>

<P><STRONG><a name="[c5]"></a>DMA_StructInit</STRONG> (Thumb, 26 bytes, Stack size 0 bytes, stm32f10x_dma.o(.text), UNUSED)

<P><STRONG><a name="[6b]"></a>DMA_Cmd</STRONG> (Thumb, 24 bytes, Stack size 0 bytes, stm32f10x_dma.o(.text))
<BR><BR>[Called By]<UL><LI><a href="#[58]">&gt;&gt;</a>&nbsp;&nbsp;&nbsp;USART::DmaIrq()
<LI><a href="#[4b]">&gt;&gt;</a>&nbsp;&nbsp;&nbsp;USART::SendData(unsigned char*, unsigned)
<LI><a href="#[47]">&gt;&gt;</a>&nbsp;&nbsp;&nbsp;USART::USART(unsigned char, unsigned, bool, unsigned char, unsigned char, unsigned char, unsigned char, unsigned char, unsigned short, unsigned short, unsigned short)
</UL>

<P><STRONG><a name="[c6]"></a>DMA_ITConfig</STRONG> (Thumb, 18 bytes, Stack size 0 bytes, stm32f10x_dma.o(.text), UNUSED)

<P><STRONG><a name="[c7]"></a>DMA_SetCurrDataCounter</STRONG> (Thumb, 4 bytes, Stack size 0 bytes, stm32f10x_dma.o(.text), UNUSED)

<P><STRONG><a name="[c8]"></a>DMA_GetCurrDataCounter</STRONG> (Thumb, 8 bytes, Stack size 0 bytes, stm32f10x_dma.o(.text), UNUSED)

<P><STRONG><a name="[7d]"></a>DMA_GetFlagStatus</STRONG> (Thumb, 40 bytes, Stack size 0 bytes, stm32f10x_dma.o(.text))
<BR><BR>[Called By]<UL><LI><a href="#[58]">&gt;&gt;</a>&nbsp;&nbsp;&nbsp;USART::DmaIrq()
</UL>

<P><STRONG><a name="[7f]"></a>DMA_ClearFlag</STRONG> (Thumb, 22 bytes, Stack size 0 bytes, stm32f10x_dma.o(.text))
<BR><BR>[Called By]<UL><LI><a href="#[58]">&gt;&gt;</a>&nbsp;&nbsp;&nbsp;USART::DmaIrq()
</UL>

<P><STRONG><a name="[c9]"></a>DMA_GetITStatus</STRONG> (Thumb, 40 bytes, Stack size 0 bytes, stm32f10x_dma.o(.text), UNUSED)

<P><STRONG><a name="[7e]"></a>DMA_ClearITPendingBit</STRONG> (Thumb, 22 bytes, Stack size 0 bytes, stm32f10x_dma.o(.text))
<BR><BR>[Called By]<UL><LI><a href="#[58]">&gt;&gt;</a>&nbsp;&nbsp;&nbsp;USART::DmaIrq()
</UL>

<P><STRONG><a name="[ca]"></a>FLASH_SetLatency</STRONG> (Thumb, 18 bytes, Stack size 0 bytes, stm32f10x_flash.o(.text), UNUSED)

<P><STRONG><a name="[cb]"></a>FLASH_HalfCycleAccessCmd</STRONG> (Thumb, 22 bytes, Stack size 0 bytes, stm32f10x_flash.o(.text), UNUSED)

<P><STRONG><a name="[cc]"></a>FLASH_PrefetchBufferCmd</STRONG> (Thumb, 22 bytes, Stack size 0 bytes, stm32f10x_flash.o(.text), UNUSED)

<P><STRONG><a name="[59]"></a>FLASH_Unlock</STRONG> (Thumb, 12 bytes, Stack size 0 bytes, stm32f10x_flash.o(.text))
<BR><BR>[Called By]<UL><LI><a href="#[60]">&gt;&gt;</a>&nbsp;&nbsp;&nbsp;Memory::Write(unsigned short, unsigned short, char*)
<LI><a href="#[5f]">&gt;&gt;</a>&nbsp;&nbsp;&nbsp;Memory::Write(unsigned short, unsigned*, unsigned short)
<LI><a href="#[55]">&gt;&gt;</a>&nbsp;&nbsp;&nbsp;Memory::Write(unsigned short, unsigned short, unsigned short*, unsigned short)
<LI><a href="#[52]">&gt;&gt;</a>&nbsp;&nbsp;&nbsp;Memory::Write(unsigned short, unsigned char*, unsigned short)
<LI><a href="#[4d]">&gt;&gt;</a>&nbsp;&nbsp;&nbsp;Memory::Clear(unsigned short)
</UL>

<P><STRONG><a name="[cd]"></a>FLASH_UnlockBank1</STRONG> (Thumb, 12 bytes, Stack size 0 bytes, stm32f10x_flash.o(.text), UNUSED)

<P><STRONG><a name="[5e]"></a>FLASH_Lock</STRONG> (Thumb, 14 bytes, Stack size 0 bytes, stm32f10x_flash.o(.text))
<BR><BR>[Called By]<UL><LI><a href="#[60]">&gt;&gt;</a>&nbsp;&nbsp;&nbsp;Memory::Write(unsigned short, unsigned short, char*)
<LI><a href="#[5f]">&gt;&gt;</a>&nbsp;&nbsp;&nbsp;Memory::Write(unsigned short, unsigned*, unsigned short)
<LI><a href="#[55]">&gt;&gt;</a>&nbsp;&nbsp;&nbsp;Memory::Write(unsigned short, unsigned short, unsigned short*, unsigned short)
<LI><a href="#[52]">&gt;&gt;</a>&nbsp;&nbsp;&nbsp;Memory::Write(unsigned short, unsigned char*, unsigned short)
<LI><a href="#[4d]">&gt;&gt;</a>&nbsp;&nbsp;&nbsp;Memory::Clear(unsigned short)
</UL>

<P><STRONG><a name="[ce]"></a>FLASH_LockBank1</STRONG> (Thumb, 14 bytes, Stack size 0 bytes, stm32f10x_flash.o(.text), UNUSED)

<P><STRONG><a name="[93]"></a>FLASH_GetBank1Status</STRONG> (Thumb, 48 bytes, Stack size 0 bytes, stm32f10x_flash.o(.text))
<BR><BR>[Called By]<UL><LI><a href="#[95]">&gt;&gt;</a>&nbsp;&nbsp;&nbsp;FLASH_WaitForLastBank1Operation
<LI><a href="#[92]">&gt;&gt;</a>&nbsp;&nbsp;&nbsp;FLASH_WaitForLastOperation
</UL>

<P><STRONG><a name="[92]"></a>FLASH_WaitForLastOperation</STRONG> (Thumb, 38 bytes, Stack size 4 bytes, stm32f10x_flash.o(.text))
<BR><BR>[Stack]<UL><LI>Max Depth = 4<LI>Call Chain = FLASH_WaitForLastOperation
</UL>
<BR>[Calls]<UL><LI><a href="#[93]">&gt;&gt;</a>&nbsp;&nbsp;&nbsp;FLASH_GetBank1Status
</UL>
<BR>[Called By]<UL><LI><a href="#[9c]">&gt;&gt;</a>&nbsp;&nbsp;&nbsp;FLASH_UserOptionByteConfig
<LI><a href="#[9b]">&gt;&gt;</a>&nbsp;&nbsp;&nbsp;FLASH_ReadOutProtection
<LI><a href="#[9a]">&gt;&gt;</a>&nbsp;&nbsp;&nbsp;FLASH_EnableWriteProtection
<LI><a href="#[99]">&gt;&gt;</a>&nbsp;&nbsp;&nbsp;FLASH_ProgramOptionByteData
<LI><a href="#[97]">&gt;&gt;</a>&nbsp;&nbsp;&nbsp;FLASH_EraseOptionBytes
<LI><a href="#[94]">&gt;&gt;</a>&nbsp;&nbsp;&nbsp;FLASH_EraseAllPages
<LI><a href="#[5d]">&gt;&gt;</a>&nbsp;&nbsp;&nbsp;FLASH_ProgramWord
<LI><a href="#[5c]">&gt;&gt;</a>&nbsp;&nbsp;&nbsp;FLASH_ProgramHalfWord
<LI><a href="#[5b]">&gt;&gt;</a>&nbsp;&nbsp;&nbsp;FLASH_ErasePage
</UL>

<P><STRONG><a name="[5b]"></a>FLASH_ErasePage</STRONG> (Thumb, 72 bytes, Stack size 12 bytes, stm32f10x_flash.o(.text))
<BR><BR>[Stack]<UL><LI>Max Depth = 16<LI>Call Chain = FLASH_ErasePage &rArr; FLASH_WaitForLastOperation
</UL>
<BR>[Calls]<UL><LI><a href="#[92]">&gt;&gt;</a>&nbsp;&nbsp;&nbsp;FLASH_WaitForLastOperation
</UL>
<BR>[Called By]<UL><LI><a href="#[60]">&gt;&gt;</a>&nbsp;&nbsp;&nbsp;Memory::Write(unsigned short, unsigned short, char*)
<LI><a href="#[5f]">&gt;&gt;</a>&nbsp;&nbsp;&nbsp;Memory::Write(unsigned short, unsigned*, unsigned short)
<LI><a href="#[55]">&gt;&gt;</a>&nbsp;&nbsp;&nbsp;Memory::Write(unsigned short, unsigned short, unsigned short*, unsigned short)
<LI><a href="#[52]">&gt;&gt;</a>&nbsp;&nbsp;&nbsp;Memory::Write(unsigned short, unsigned char*, unsigned short)
<LI><a href="#[4d]">&gt;&gt;</a>&nbsp;&nbsp;&nbsp;Memory::Clear(unsigned short)
</UL>

<P><STRONG><a name="[94]"></a>FLASH_EraseAllPages</STRONG> (Thumb, 68 bytes, Stack size 8 bytes, stm32f10x_flash.o(.text), UNUSED)
<BR><BR>[Calls]<UL><LI><a href="#[92]">&gt;&gt;</a>&nbsp;&nbsp;&nbsp;FLASH_WaitForLastOperation
</UL>

<P><STRONG><a name="[95]"></a>FLASH_WaitForLastBank1Operation</STRONG> (Thumb, 38 bytes, Stack size 4 bytes, stm32f10x_flash.o(.text), UNUSED)
<BR><BR>[Calls]<UL><LI><a href="#[93]">&gt;&gt;</a>&nbsp;&nbsp;&nbsp;FLASH_GetBank1Status
</UL>
<BR>[Called By]<UL><LI><a href="#[96]">&gt;&gt;</a>&nbsp;&nbsp;&nbsp;FLASH_EraseAllBank1Pages
</UL>

<P><STRONG><a name="[96]"></a>FLASH_EraseAllBank1Pages</STRONG> (Thumb, 68 bytes, Stack size 8 bytes, stm32f10x_flash.o(.text), UNUSED)
<BR><BR>[Calls]<UL><LI><a href="#[95]">&gt;&gt;</a>&nbsp;&nbsp;&nbsp;FLASH_WaitForLastBank1Operation
</UL>

<P><STRONG><a name="[98]"></a>FLASH_GetReadOutProtectionStatus</STRONG> (Thumb, 20 bytes, Stack size 0 bytes, stm32f10x_flash.o(.text), UNUSED)
<BR><BR>[Called By]<UL><LI><a href="#[97]">&gt;&gt;</a>&nbsp;&nbsp;&nbsp;FLASH_EraseOptionBytes
</UL>

<P><STRONG><a name="[97]"></a>FLASH_EraseOptionBytes</STRONG> (Thumb, 150 bytes, Stack size 12 bytes, stm32f10x_flash.o(.text), UNUSED)
<BR><BR>[Calls]<UL><LI><a href="#[98]">&gt;&gt;</a>&nbsp;&nbsp;&nbsp;FLASH_GetReadOutProtectionStatus
<LI><a href="#[92]">&gt;&gt;</a>&nbsp;&nbsp;&nbsp;FLASH_WaitForLastOperation
</UL>

<P><STRONG><a name="[5d]"></a>FLASH_ProgramWord</STRONG> (Thumb, 102 bytes, Stack size 20 bytes, stm32f10x_flash.o(.text))
<BR><BR>[Stack]<UL><LI>Max Depth = 24<LI>Call Chain = FLASH_ProgramWord &rArr; FLASH_WaitForLastOperation
</UL>
<BR>[Calls]<UL><LI><a href="#[92]">&gt;&gt;</a>&nbsp;&nbsp;&nbsp;FLASH_WaitForLastOperation
</UL>
<BR>[Called By]<UL><LI><a href="#[5f]">&gt;&gt;</a>&nbsp;&nbsp;&nbsp;Memory::Write(unsigned short, unsigned*, unsigned short)
<LI><a href="#[55]">&gt;&gt;</a>&nbsp;&nbsp;&nbsp;Memory::Write(unsigned short, unsigned short, unsigned short*, unsigned short)
<LI><a href="#[52]">&gt;&gt;</a>&nbsp;&nbsp;&nbsp;Memory::Write(unsigned short, unsigned char*, unsigned short)
</UL>

<P><STRONG><a name="[5c]"></a>FLASH_ProgramHalfWord</STRONG> (Thumb, 60 bytes, Stack size 16 bytes, stm32f10x_flash.o(.text))
<BR><BR>[Stack]<UL><LI>Max Depth = 20<LI>Call Chain = FLASH_ProgramHalfWord &rArr; FLASH_WaitForLastOperation
</UL>
<BR>[Calls]<UL><LI><a href="#[92]">&gt;&gt;</a>&nbsp;&nbsp;&nbsp;FLASH_WaitForLastOperation
</UL>
<BR>[Called By]<UL><LI><a href="#[60]">&gt;&gt;</a>&nbsp;&nbsp;&nbsp;Memory::Write(unsigned short, unsigned short, char*)
<LI><a href="#[5f]">&gt;&gt;</a>&nbsp;&nbsp;&nbsp;Memory::Write(unsigned short, unsigned*, unsigned short)
<LI><a href="#[55]">&gt;&gt;</a>&nbsp;&nbsp;&nbsp;Memory::Write(unsigned short, unsigned short, unsigned short*, unsigned short)
<LI><a href="#[52]">&gt;&gt;</a>&nbsp;&nbsp;&nbsp;Memory::Write(unsigned short, unsigned char*, unsigned short)
</UL>

<P><STRONG><a name="[99]"></a>FLASH_ProgramOptionByteData</STRONG> (Thumb, 72 bytes, Stack size 16 bytes, stm32f10x_flash.o(.text), UNUSED)
<BR><BR>[Calls]<UL><LI><a href="#[92]">&gt;&gt;</a>&nbsp;&nbsp;&nbsp;FLASH_WaitForLastOperation
</UL>

<P><STRONG><a name="[9a]"></a>FLASH_EnableWriteProtection</STRONG> (Thumb, 200 bytes, Stack size 28 bytes, stm32f10x_flash.o(.text), UNUSED)
<BR><BR>[Calls]<UL><LI><a href="#[92]">&gt;&gt;</a>&nbsp;&nbsp;&nbsp;FLASH_WaitForLastOperation
</UL>

<P><STRONG><a name="[9b]"></a>FLASH_ReadOutProtection</STRONG> (Thumb, 156 bytes, Stack size 12 bytes, stm32f10x_flash.o(.text), UNUSED)
<BR><BR>[Calls]<UL><LI><a href="#[92]">&gt;&gt;</a>&nbsp;&nbsp;&nbsp;FLASH_WaitForLastOperation
</UL>

<P><STRONG><a name="[9c]"></a>FLASH_UserOptionByteConfig</STRONG> (Thumb, 88 bytes, Stack size 20 bytes, stm32f10x_flash.o(.text), UNUSED)
<BR><BR>[Calls]<UL><LI><a href="#[92]">&gt;&gt;</a>&nbsp;&nbsp;&nbsp;FLASH_WaitForLastOperation
</UL>

<P><STRONG><a name="[cf]"></a>FLASH_GetUserOptionByte</STRONG> (Thumb, 8 bytes, Stack size 0 bytes, stm32f10x_flash.o(.text), UNUSED)

<P><STRONG><a name="[d0]"></a>FLASH_GetWriteProtectionOptionByte</STRONG> (Thumb, 6 bytes, Stack size 0 bytes, stm32f10x_flash.o(.text), UNUSED)

<P><STRONG><a name="[d1]"></a>FLASH_GetPrefetchBufferStatus</STRONG> (Thumb, 20 bytes, Stack size 0 bytes, stm32f10x_flash.o(.text), UNUSED)

<P><STRONG><a name="[d2]"></a>FLASH_ITConfig</STRONG> (Thumb, 26 bytes, Stack size 0 bytes, stm32f10x_flash.o(.text), UNUSED)

<P><STRONG><a name="[d3]"></a>FLASH_GetFlagStatus</STRONG> (Thumb, 42 bytes, Stack size 0 bytes, stm32f10x_flash.o(.text), UNUSED)

<P><STRONG><a name="[5a]"></a>FLASH_ClearFlag</STRONG> (Thumb, 6 bytes, Stack size 0 bytes, stm32f10x_flash.o(.text))
<BR><BR>[Called By]<UL><LI><a href="#[60]">&gt;&gt;</a>&nbsp;&nbsp;&nbsp;Memory::Write(unsigned short, unsigned short, char*)
<LI><a href="#[5f]">&gt;&gt;</a>&nbsp;&nbsp;&nbsp;Memory::Write(unsigned short, unsigned*, unsigned short)
<LI><a href="#[55]">&gt;&gt;</a>&nbsp;&nbsp;&nbsp;Memory::Write(unsigned short, unsigned short, unsigned short*, unsigned short)
<LI><a href="#[52]">&gt;&gt;</a>&nbsp;&nbsp;&nbsp;Memory::Write(unsigned short, unsigned char*, unsigned short)
<LI><a href="#[4d]">&gt;&gt;</a>&nbsp;&nbsp;&nbsp;Memory::Clear(unsigned short)
</UL>

<P><STRONG><a name="[d4]"></a>FLASH_GetStatus</STRONG> (Thumb, 48 bytes, Stack size 0 bytes, stm32f10x_flash.o(.text), UNUSED)

<P><STRONG><a name="[9d]"></a>GPIO_DeInit</STRONG> (Thumb, 172 bytes, Stack size 8 bytes, stm32f10x_gpio.o(.text), UNUSED)
<BR><BR>[Calls]<UL><LI><a href="#[9e]">&gt;&gt;</a>&nbsp;&nbsp;&nbsp;RCC_APB2PeriphResetCmd
</UL>

<P><STRONG><a name="[9f]"></a>GPIO_AFIODeInit</STRONG> (Thumb, 20 bytes, Stack size 8 bytes, stm32f10x_gpio.o(.text), UNUSED)
<BR><BR>[Calls]<UL><LI><a href="#[9e]">&gt;&gt;</a>&nbsp;&nbsp;&nbsp;RCC_APB2PeriphResetCmd
</UL>

<P><STRONG><a name="[65]"></a>GPIO_Init</STRONG> (Thumb, 278 bytes, Stack size 24 bytes, stm32f10x_gpio.o(.text))
<BR><BR>[Stack]<UL><LI>Max Depth = 24<LI>Call Chain = GPIO_Init
</UL>
<BR>[Called By]<UL><LI><a href="#[47]">&gt;&gt;</a>&nbsp;&nbsp;&nbsp;USART::USART(unsigned char, unsigned, bool, unsigned char, unsigned char, unsigned char, unsigned char, unsigned char, unsigned short, unsigned short, unsigned short)
</UL>

<P><STRONG><a name="[d5]"></a>GPIO_StructInit</STRONG> (Thumb, 16 bytes, Stack size 0 bytes, stm32f10x_gpio.o(.text), UNUSED)

<P><STRONG><a name="[d6]"></a>GPIO_ReadInputDataBit</STRONG> (Thumb, 18 bytes, Stack size 0 bytes, stm32f10x_gpio.o(.text), UNUSED)

<P><STRONG><a name="[d7]"></a>GPIO_ReadInputData</STRONG> (Thumb, 8 bytes, Stack size 0 bytes, stm32f10x_gpio.o(.text), UNUSED)

<P><STRONG><a name="[d8]"></a>GPIO_ReadOutputDataBit</STRONG> (Thumb, 18 bytes, Stack size 0 bytes, stm32f10x_gpio.o(.text), UNUSED)

<P><STRONG><a name="[d9]"></a>GPIO_ReadOutputData</STRONG> (Thumb, 8 bytes, Stack size 0 bytes, stm32f10x_gpio.o(.text), UNUSED)

<P><STRONG><a name="[da]"></a>GPIO_SetBits</STRONG> (Thumb, 4 bytes, Stack size 0 bytes, stm32f10x_gpio.o(.text), UNUSED)

<P><STRONG><a name="[db]"></a>GPIO_ResetBits</STRONG> (Thumb, 4 bytes, Stack size 0 bytes, stm32f10x_gpio.o(.text), UNUSED)

<P><STRONG><a name="[dc]"></a>GPIO_WriteBit</STRONG> (Thumb, 10 bytes, Stack size 0 bytes, stm32f10x_gpio.o(.text), UNUSED)

<P><STRONG><a name="[dd]"></a>GPIO_Write</STRONG> (Thumb, 4 bytes, Stack size 0 bytes, stm32f10x_gpio.o(.text), UNUSED)

<P><STRONG><a name="[de]"></a>GPIO_PinLockConfig</STRONG> (Thumb, 18 bytes, Stack size 0 bytes, stm32f10x_gpio.o(.text), UNUSED)

<P><STRONG><a name="[df]"></a>GPIO_EventOutputConfig</STRONG> (Thumb, 26 bytes, Stack size 0 bytes, stm32f10x_gpio.o(.text), UNUSED)

<P><STRONG><a name="[e0]"></a>GPIO_EventOutputCmd</STRONG> (Thumb, 6 bytes, Stack size 0 bytes, stm32f10x_gpio.o(.text), UNUSED)

<P><STRONG><a name="[63]"></a>GPIO_PinRemapConfig</STRONG> (Thumb, 138 bytes, Stack size 20 bytes, stm32f10x_gpio.o(.text))
<BR><BR>[Stack]<UL><LI>Max Depth = 20<LI>Call Chain = GPIO_PinRemapConfig
</UL>
<BR>[Called By]<UL><LI><a href="#[47]">&gt;&gt;</a>&nbsp;&nbsp;&nbsp;USART::USART(unsigned char, unsigned, bool, unsigned char, unsigned char, unsigned char, unsigned char, unsigned char, unsigned short, unsigned short, unsigned short)
</UL>

<P><STRONG><a name="[e1]"></a>GPIO_EXTILineConfig</STRONG> (Thumb, 66 bytes, Stack size 12 bytes, stm32f10x_gpio.o(.text), UNUSED)

<P><STRONG><a name="[e2]"></a>GPIO_ETH_MediaInterfaceConfig</STRONG> (Thumb, 8 bytes, Stack size 0 bytes, stm32f10x_gpio.o(.text), UNUSED)

<P><STRONG><a name="[e3]"></a>RCC_DeInit</STRONG> (Thumb, 64 bytes, Stack size 0 bytes, stm32f10x_rcc.o(.text), UNUSED)

<P><STRONG><a name="[e4]"></a>RCC_HSEConfig</STRONG> (Thumb, 70 bytes, Stack size 0 bytes, stm32f10x_rcc.o(.text), UNUSED)

<P><STRONG><a name="[a1]"></a>RCC_GetFlagStatus</STRONG> (Thumb, 56 bytes, Stack size 8 bytes, stm32f10x_rcc.o(.text), UNUSED)
<BR><BR>[Called By]<UL><LI><a href="#[a0]">&gt;&gt;</a>&nbsp;&nbsp;&nbsp;RCC_WaitForHSEStartUp
</UL>

<P><STRONG><a name="[a0]"></a>RCC_WaitForHSEStartUp</STRONG> (Thumb, 56 bytes, Stack size 16 bytes, stm32f10x_rcc.o(.text), UNUSED)
<BR><BR>[Calls]<UL><LI><a href="#[a1]">&gt;&gt;</a>&nbsp;&nbsp;&nbsp;RCC_GetFlagStatus
</UL>

<P><STRONG><a name="[e5]"></a>RCC_AdjustHSICalibrationValue</STRONG> (Thumb, 20 bytes, Stack size 0 bytes, stm32f10x_rcc.o(.text), UNUSED)

<P><STRONG><a name="[e6]"></a>RCC_HSICmd</STRONG> (Thumb, 6 bytes, Stack size 0 bytes, stm32f10x_rcc.o(.text), UNUSED)

<P><STRONG><a name="[e7]"></a>RCC_PLLConfig</STRONG> (Thumb, 24 bytes, Stack size 0 bytes, stm32f10x_rcc.o(.text), UNUSED)

<P><STRONG><a name="[e8]"></a>RCC_PLLCmd</STRONG> (Thumb, 6 bytes, Stack size 0 bytes, stm32f10x_rcc.o(.text), UNUSED)

<P><STRONG><a name="[e9]"></a>RCC_SYSCLKConfig</STRONG> (Thumb, 18 bytes, Stack size 0 bytes, stm32f10x_rcc.o(.text), UNUSED)

<P><STRONG><a name="[ea]"></a>RCC_GetSYSCLKSource</STRONG> (Thumb, 10 bytes, Stack size 0 bytes, stm32f10x_rcc.o(.text), UNUSED)

<P><STRONG><a name="[eb]"></a>RCC_HCLKConfig</STRONG> (Thumb, 18 bytes, Stack size 0 bytes, stm32f10x_rcc.o(.text), UNUSED)

<P><STRONG><a name="[ec]"></a>RCC_PCLK1Config</STRONG> (Thumb, 18 bytes, Stack size 0 bytes, stm32f10x_rcc.o(.text), UNUSED)

<P><STRONG><a name="[ed]"></a>RCC_PCLK2Config</STRONG> (Thumb, 20 bytes, Stack size 0 bytes, stm32f10x_rcc.o(.text), UNUSED)

<P><STRONG><a name="[ee]"></a>RCC_ITConfig</STRONG> (Thumb, 26 bytes, Stack size 0 bytes, stm32f10x_rcc.o(.text), UNUSED)

<P><STRONG><a name="[ef]"></a>RCC_USBCLKConfig</STRONG> (Thumb, 8 bytes, Stack size 0 bytes, stm32f10x_rcc.o(.text), UNUSED)

<P><STRONG><a name="[f0]"></a>RCC_ADCCLKConfig</STRONG> (Thumb, 18 bytes, Stack size 0 bytes, stm32f10x_rcc.o(.text), UNUSED)

<P><STRONG><a name="[f1]"></a>RCC_LSEConfig</STRONG> (Thumb, 50 bytes, Stack size 0 bytes, stm32f10x_rcc.o(.text), UNUSED)

<P><STRONG><a name="[f2]"></a>RCC_LSICmd</STRONG> (Thumb, 6 bytes, Stack size 0 bytes, stm32f10x_rcc.o(.text), UNUSED)

<P><STRONG><a name="[f3]"></a>RCC_RTCCLKConfig</STRONG> (Thumb, 12 bytes, Stack size 0 bytes, stm32f10x_rcc.o(.text), UNUSED)

<P><STRONG><a name="[f4]"></a>RCC_RTCCLKCmd</STRONG> (Thumb, 8 bytes, Stack size 0 bytes, stm32f10x_rcc.o(.text), UNUSED)

<P><STRONG><a name="[77]"></a>RCC_GetClocksFreq</STRONG> (Thumb, 192 bytes, Stack size 12 bytes, stm32f10x_rcc.o(.text))
<BR><BR>[Stack]<UL><LI>Max Depth = 12<LI>Call Chain = RCC_GetClocksFreq
</UL>
<BR>[Called By]<UL><LI><a href="#[66]">&gt;&gt;</a>&nbsp;&nbsp;&nbsp;USART_Init
<LI><a href="#[76]">&gt;&gt;</a>&nbsp;&nbsp;&nbsp;USART::SetBaudRate(unsigned)
</UL>

<P><STRONG><a name="[69]"></a>RCC_AHBPeriphClockCmd</STRONG> (Thumb, 26 bytes, Stack size 0 bytes, stm32f10x_rcc.o(.text))
<BR><BR>[Called By]<UL><LI><a href="#[47]">&gt;&gt;</a>&nbsp;&nbsp;&nbsp;USART::USART(unsigned char, unsigned, bool, unsigned char, unsigned char, unsigned char, unsigned char, unsigned char, unsigned short, unsigned short, unsigned short)
</UL>

<P><STRONG><a name="[62]"></a>RCC_APB2PeriphClockCmd</STRONG> (Thumb, 26 bytes, Stack size 0 bytes, stm32f10x_rcc.o(.text))
<BR><BR>[Called By]<UL><LI><a href="#[47]">&gt;&gt;</a>&nbsp;&nbsp;&nbsp;USART::USART(unsigned char, unsigned, bool, unsigned char, unsigned char, unsigned char, unsigned char, unsigned char, unsigned short, unsigned short, unsigned short)
</UL>

<P><STRONG><a name="[64]"></a>RCC_APB1PeriphClockCmd</STRONG> (Thumb, 26 bytes, Stack size 0 bytes, stm32f10x_rcc.o(.text))
<BR><BR>[Called By]<UL><LI><a href="#[47]">&gt;&gt;</a>&nbsp;&nbsp;&nbsp;USART::USART(unsigned char, unsigned, bool, unsigned char, unsigned char, unsigned char, unsigned char, unsigned char, unsigned short, unsigned short, unsigned short)
</UL>

<P><STRONG><a name="[9e]"></a>RCC_APB2PeriphResetCmd</STRONG> (Thumb, 26 bytes, Stack size 0 bytes, stm32f10x_rcc.o(.text), UNUSED)
<BR><BR>[Called By]<UL><LI><a href="#[a2]">&gt;&gt;</a>&nbsp;&nbsp;&nbsp;USART_DeInit
<LI><a href="#[9f]">&gt;&gt;</a>&nbsp;&nbsp;&nbsp;GPIO_AFIODeInit
<LI><a href="#[9d]">&gt;&gt;</a>&nbsp;&nbsp;&nbsp;GPIO_DeInit
</UL>

<P><STRONG><a name="[a3]"></a>RCC_APB1PeriphResetCmd</STRONG> (Thumb, 26 bytes, Stack size 0 bytes, stm32f10x_rcc.o(.text), UNUSED)
<BR><BR>[Called By]<UL><LI><a href="#[a2]">&gt;&gt;</a>&nbsp;&nbsp;&nbsp;USART_DeInit
</UL>

<P><STRONG><a name="[f5]"></a>RCC_BackupResetCmd</STRONG> (Thumb, 8 bytes, Stack size 0 bytes, stm32f10x_rcc.o(.text), UNUSED)

<P><STRONG><a name="[f6]"></a>RCC_ClockSecuritySystemCmd</STRONG> (Thumb, 6 bytes, Stack size 0 bytes, stm32f10x_rcc.o(.text), UNUSED)

<P><STRONG><a name="[f7]"></a>RCC_MCOConfig</STRONG> (Thumb, 6 bytes, Stack size 0 bytes, stm32f10x_rcc.o(.text), UNUSED)

<P><STRONG><a name="[f8]"></a>RCC_ClearFlag</STRONG> (Thumb, 14 bytes, Stack size 0 bytes, stm32f10x_rcc.o(.text), UNUSED)

<P><STRONG><a name="[f9]"></a>RCC_GetITStatus</STRONG> (Thumb, 20 bytes, Stack size 0 bytes, stm32f10x_rcc.o(.text), UNUSED)

<P><STRONG><a name="[fa]"></a>RCC_ClearITPendingBit</STRONG> (Thumb, 6 bytes, Stack size 0 bytes, stm32f10x_rcc.o(.text), UNUSED)

<P><STRONG><a name="[a2]"></a>USART_DeInit</STRONG> (Thumb, 134 bytes, Stack size 8 bytes, stm32f10x_usart.o(.text), UNUSED)
<BR><BR>[Calls]<UL><LI><a href="#[a3]">&gt;&gt;</a>&nbsp;&nbsp;&nbsp;RCC_APB1PeriphResetCmd
<LI><a href="#[9e]">&gt;&gt;</a>&nbsp;&nbsp;&nbsp;RCC_APB2PeriphResetCmd
</UL>

<P><STRONG><a name="[66]"></a>USART_Init</STRONG> (Thumb, 210 bytes, Stack size 56 bytes, stm32f10x_usart.o(.text))
<BR><BR>[Stack]<UL><LI>Max Depth = 68<LI>Call Chain = USART_Init &rArr; RCC_GetClocksFreq
</UL>
<BR>[Calls]<UL><LI><a href="#[77]">&gt;&gt;</a>&nbsp;&nbsp;&nbsp;RCC_GetClocksFreq
</UL>
<BR>[Called By]<UL><LI><a href="#[47]">&gt;&gt;</a>&nbsp;&nbsp;&nbsp;USART::USART(unsigned char, unsigned, bool, unsigned char, unsigned char, unsigned char, unsigned char, unsigned char, unsigned short, unsigned short, unsigned short)
</UL>

<P><STRONG><a name="[fb]"></a>USART_StructInit</STRONG> (Thumb, 24 bytes, Stack size 0 bytes, stm32f10x_usart.o(.text), UNUSED)

<P><STRONG><a name="[fc]"></a>USART_ClockInit</STRONG> (Thumb, 34 bytes, Stack size 8 bytes, stm32f10x_usart.o(.text), UNUSED)

<P><STRONG><a name="[fd]"></a>USART_ClockStructInit</STRONG> (Thumb, 12 bytes, Stack size 0 bytes, stm32f10x_usart.o(.text), UNUSED)

<P><STRONG><a name="[67]"></a>USART_Cmd</STRONG> (Thumb, 24 bytes, Stack size 0 bytes, stm32f10x_usart.o(.text))
<BR><BR>[Called By]<UL><LI><a href="#[47]">&gt;&gt;</a>&nbsp;&nbsp;&nbsp;USART::USART(unsigned char, unsigned, bool, unsigned char, unsigned char, unsigned char, unsigned char, unsigned char, unsigned short, unsigned short, unsigned short)
</UL>

<P><STRONG><a name="[6c]"></a>USART_ITConfig</STRONG> (Thumb, 74 bytes, Stack size 20 bytes, stm32f10x_usart.o(.text))
<BR><BR>[Stack]<UL><LI>Max Depth = 20<LI>Call Chain = USART_ITConfig
</UL>
<BR>[Called By]<UL><LI><a href="#[57]">&gt;&gt;</a>&nbsp;&nbsp;&nbsp;USART::Irq()
<LI><a href="#[4b]">&gt;&gt;</a>&nbsp;&nbsp;&nbsp;USART::SendData(unsigned char*, unsigned)
<LI><a href="#[47]">&gt;&gt;</a>&nbsp;&nbsp;&nbsp;USART::USART(unsigned char, unsigned, bool, unsigned char, unsigned char, unsigned char, unsigned char, unsigned char, unsigned short, unsigned short, unsigned short)
</UL>

<P><STRONG><a name="[68]"></a>USART_DMACmd</STRONG> (Thumb, 18 bytes, Stack size 0 bytes, stm32f10x_usart.o(.text))
<BR><BR>[Called By]<UL><LI><a href="#[47]">&gt;&gt;</a>&nbsp;&nbsp;&nbsp;USART::USART(unsigned char, unsigned, bool, unsigned char, unsigned char, unsigned char, unsigned char, unsigned char, unsigned short, unsigned short, unsigned short)
</UL>

<P><STRONG><a name="[fe]"></a>USART_SetAddress</STRONG> (Thumb, 18 bytes, Stack size 0 bytes, stm32f10x_usart.o(.text), UNUSED)

<P><STRONG><a name="[ff]"></a>USART_WakeUpConfig</STRONG> (Thumb, 18 bytes, Stack size 0 bytes, stm32f10x_usart.o(.text), UNUSED)

<P><STRONG><a name="[100]"></a>USART_ReceiverWakeUpCmd</STRONG> (Thumb, 24 bytes, Stack size 0 bytes, stm32f10x_usart.o(.text), UNUSED)

<P><STRONG><a name="[101]"></a>USART_LINBreakDetectLengthConfig</STRONG> (Thumb, 18 bytes, Stack size 0 bytes, stm32f10x_usart.o(.text), UNUSED)

<P><STRONG><a name="[102]"></a>USART_LINCmd</STRONG> (Thumb, 24 bytes, Stack size 0 bytes, stm32f10x_usart.o(.text), UNUSED)

<P><STRONG><a name="[75]"></a>USART_SendData</STRONG> (Thumb, 8 bytes, Stack size 0 bytes, stm32f10x_usart.o(.text))
<BR><BR>[Called By]<UL><LI><a href="#[57]">&gt;&gt;</a>&nbsp;&nbsp;&nbsp;USART::Irq()
<LI><a href="#[4b]">&gt;&gt;</a>&nbsp;&nbsp;&nbsp;USART::SendData(unsigned char*, unsigned)
</UL>

<P><STRONG><a name="[7b]"></a>USART_ReceiveData</STRONG> (Thumb, 10 bytes, Stack size 0 bytes, stm32f10x_usart.o(.text))
<BR><BR>[Called By]<UL><LI><a href="#[57]">&gt;&gt;</a>&nbsp;&nbsp;&nbsp;USART::Irq()
</UL>

<P><STRONG><a name="[103]"></a>USART_SendBreak</STRONG> (Thumb, 10 bytes, Stack size 0 bytes, stm32f10x_usart.o(.text), UNUSED)

<P><STRONG><a name="[104]"></a>USART_SetGuardTime</STRONG> (Thumb, 16 bytes, Stack size 0 bytes, stm32f10x_usart.o(.text), UNUSED)

<P><STRONG><a name="[105]"></a>USART_SetPrescaler</STRONG> (Thumb, 16 bytes, Stack size 0 bytes, stm32f10x_usart.o(.text), UNUSED)

<P><STRONG><a name="[106]"></a>USART_SmartCardCmd</STRONG> (Thumb, 24 bytes, Stack size 0 bytes, stm32f10x_usart.o(.text), UNUSED)

<P><STRONG><a name="[107]"></a>USART_SmartCardNACKCmd</STRONG> (Thumb, 24 bytes, Stack size 0 bytes, stm32f10x_usart.o(.text), UNUSED)

<P><STRONG><a name="[108]"></a>USART_HalfDuplexCmd</STRONG> (Thumb, 24 bytes, Stack size 0 bytes, stm32f10x_usart.o(.text), UNUSED)

<P><STRONG><a name="[109]"></a>USART_OverSampling8Cmd</STRONG> (Thumb, 22 bytes, Stack size 0 bytes, stm32f10x_usart.o(.text), UNUSED)

<P><STRONG><a name="[10a]"></a>USART_OneBitMethodCmd</STRONG> (Thumb, 24 bytes, Stack size 0 bytes, stm32f10x_usart.o(.text), UNUSED)

<P><STRONG><a name="[10b]"></a>USART_IrDAConfig</STRONG> (Thumb, 18 bytes, Stack size 0 bytes, stm32f10x_usart.o(.text), UNUSED)

<P><STRONG><a name="[10c]"></a>USART_IrDACmd</STRONG> (Thumb, 24 bytes, Stack size 0 bytes, stm32f10x_usart.o(.text), UNUSED)

<P><STRONG><a name="[73]"></a>USART_GetFlagStatus</STRONG> (Thumb, 26 bytes, Stack size 0 bytes, stm32f10x_usart.o(.text))
<BR><BR>[Called By]<UL><LI><a href="#[4b]">&gt;&gt;</a>&nbsp;&nbsp;&nbsp;USART::SendData(unsigned char*, unsigned)
</UL>

<P><STRONG><a name="[10d]"></a>USART_ClearFlag</STRONG> (Thumb, 18 bytes, Stack size 0 bytes, stm32f10x_usart.o(.text), UNUSED)

<P><STRONG><a name="[7a]"></a>USART_GetITStatus</STRONG> (Thumb, 84 bytes, Stack size 16 bytes, stm32f10x_usart.o(.text))
<BR><BR>[Stack]<UL><LI>Max Depth = 16<LI>Call Chain = USART_GetITStatus
</UL>
<BR>[Called By]<UL><LI><a href="#[57]">&gt;&gt;</a>&nbsp;&nbsp;&nbsp;USART::Irq()
</UL>

<P><STRONG><a name="[72]"></a>USART_ClearITPendingBit</STRONG> (Thumb, 52 bytes, Stack size 8 bytes, stm32f10x_usart.o(.text))
<BR><BR>[Stack]<UL><LI>Max Depth = 8<LI>Call Chain = USART_ClearITPendingBit
</UL>
<BR>[Called By]<UL><LI><a href="#[57]">&gt;&gt;</a>&nbsp;&nbsp;&nbsp;USART::Irq()
<LI><a href="#[4b]">&gt;&gt;</a>&nbsp;&nbsp;&nbsp;USART::SendData(unsigned char*, unsigned)
</UL>

<P><STRONG><a name="[0]"></a>Reset_Handler</STRONG> (Thumb, 8 bytes, Stack size 0 bytes, startup_stm32f10x_md.o(.text))
<BR>[Address Reference Count : 1]<UL><LI> startup_stm32f10x_md.o(RESET)
</UL>
<P><STRONG><a name="[1]"></a>NMI_Handler</STRONG> (Thumb, 2 bytes, Stack size 0 bytes, startup_stm32f10x_md.o(.text))
<BR><BR>[Calls]<UL><LI><a href="#[1]">&gt;&gt;</a>&nbsp;&nbsp;&nbsp;NMI_Handler
</UL>
<BR>[Called By]<UL><LI><a href="#[1]">&gt;&gt;</a>&nbsp;&nbsp;&nbsp;NMI_Handler
</UL>
<BR>[Address Reference Count : 1]<UL><LI> startup_stm32f10x_md.o(RESET)
</UL>
<P><STRONG><a name="[2]"></a>HardFault_Handler</STRONG> (Thumb, 2 bytes, Stack size 0 bytes, startup_stm32f10x_md.o(.text))
<BR><BR>[Calls]<UL><LI><a href="#[2]">&gt;&gt;</a>&nbsp;&nbsp;&nbsp;HardFault_Handler
</UL>
<BR>[Called By]<UL><LI><a href="#[2]">&gt;&gt;</a>&nbsp;&nbsp;&nbsp;HardFault_Handler
</UL>
<BR>[Address Reference Count : 1]<UL><LI> startup_stm32f10x_md.o(RESET)
</UL>
<P><STRONG><a name="[3]"></a>MemManage_Handler</STRONG> (Thumb, 2 bytes, Stack size 0 bytes, startup_stm32f10x_md.o(.text))
<BR><BR>[Calls]<UL><LI><a href="#[3]">&gt;&gt;</a>&nbsp;&nbsp;&nbsp;MemManage_Handler
</UL>
<BR>[Called By]<UL><LI><a href="#[3]">&gt;&gt;</a>&nbsp;&nbsp;&nbsp;MemManage_Handler
</UL>
<BR>[Address Reference Count : 1]<UL><LI> startup_stm32f10x_md.o(RESET)
</UL>
<P><STRONG><a name="[4]"></a>BusFault_Handler</STRONG> (Thumb, 2 bytes, Stack size 0 bytes, startup_stm32f10x_md.o(.text))
<BR><BR>[Calls]<UL><LI><a href="#[4]">&gt;&gt;</a>&nbsp;&nbsp;&nbsp;BusFault_Handler
</UL>
<BR>[Called By]<UL><LI><a href="#[4]">&gt;&gt;</a>&nbsp;&nbsp;&nbsp;BusFault_Handler
</UL>
<BR>[Address Reference Count : 1]<UL><LI> startup_stm32f10x_md.o(RESET)
</UL>
<P><STRONG><a name="[5]"></a>UsageFault_Handler</STRONG> (Thumb, 2 bytes, Stack size 0 bytes, startup_stm32f10x_md.o(.text))
<BR><BR>[Calls]<UL><LI><a href="#[5]">&gt;&gt;</a>&nbsp;&nbsp;&nbsp;UsageFault_Handler
</UL>
<BR>[Called By]<UL><LI><a href="#[5]">&gt;&gt;</a>&nbsp;&nbsp;&nbsp;UsageFault_Handler
</UL>
<BR>[Address Reference Count : 1]<UL><LI> startup_stm32f10x_md.o(RESET)
</UL>
<P><STRONG><a name="[6]"></a>SVC_Handler</STRONG> (Thumb, 2 bytes, Stack size 0 bytes, startup_stm32f10x_md.o(.text))
<BR><BR>[Calls]<UL><LI><a href="#[6]">&gt;&gt;</a>&nbsp;&nbsp;&nbsp;SVC_Handler
</UL>
<BR>[Called By]<UL><LI><a href="#[6]">&gt;&gt;</a>&nbsp;&nbsp;&nbsp;SVC_Handler
</UL>
<BR>[Address Reference Count : 1]<UL><LI> startup_stm32f10x_md.o(RESET)
</UL>
<P><STRONG><a name="[7]"></a>DebugMon_Handler</STRONG> (Thumb, 2 bytes, Stack size 0 bytes, startup_stm32f10x_md.o(.text))
<BR><BR>[Calls]<UL><LI><a href="#[7]">&gt;&gt;</a>&nbsp;&nbsp;&nbsp;DebugMon_Handler
</UL>
<BR>[Called By]<UL><LI><a href="#[7]">&gt;&gt;</a>&nbsp;&nbsp;&nbsp;DebugMon_Handler
</UL>
<BR>[Address Reference Count : 1]<UL><LI> startup_stm32f10x_md.o(RESET)
</UL>
<P><STRONG><a name="[8]"></a>PendSV_Handler</STRONG> (Thumb, 2 bytes, Stack size 0 bytes, startup_stm32f10x_md.o(.text))
<BR><BR>[Calls]<UL><LI><a href="#[8]">&gt;&gt;</a>&nbsp;&nbsp;&nbsp;PendSV_Handler
</UL>
<BR>[Called By]<UL><LI><a href="#[8]">&gt;&gt;</a>&nbsp;&nbsp;&nbsp;PendSV_Handler
</UL>
<BR>[Address Reference Count : 1]<UL><LI> startup_stm32f10x_md.o(RESET)
</UL>
<P><STRONG><a name="[1c]"></a>ADC1_2_IRQHandler</STRONG> (Thumb, 0 bytes, Stack size 0 bytes, startup_stm32f10x_md.o(.text))
<BR><BR>[Calls]<UL><LI><a href="#[1c]">&gt;&gt;</a>&nbsp;&nbsp;&nbsp;ADC1_2_IRQHandler
</UL>
<BR>[Called By]<UL><LI><a href="#[1c]">&gt;&gt;</a>&nbsp;&nbsp;&nbsp;ADC1_2_IRQHandler
</UL>
<BR>[Address Reference Count : 1]<UL><LI> startup_stm32f10x_md.o(RESET)
</UL>
<P><STRONG><a name="[1f]"></a>CAN1_RX1_IRQHandler</STRONG> (Thumb, 0 bytes, Stack size 0 bytes, startup_stm32f10x_md.o(.text))
<BR>[Address Reference Count : 1]<UL><LI> startup_stm32f10x_md.o(RESET)
</UL>
<P><STRONG><a name="[20]"></a>CAN1_SCE_IRQHandler</STRONG> (Thumb, 0 bytes, Stack size 0 bytes, startup_stm32f10x_md.o(.text))
<BR>[Address Reference Count : 1]<UL><LI> startup_stm32f10x_md.o(RESET)
</UL>
<P><STRONG><a name="[15]"></a>DMA1_Channel1_IRQHandler</STRONG> (Thumb, 0 bytes, Stack size 0 bytes, startup_stm32f10x_md.o(.text))
<BR>[Address Reference Count : 1]<UL><LI> startup_stm32f10x_md.o(RESET)
</UL>
<P><STRONG><a name="[17]"></a>DMA1_Channel3_IRQHandler</STRONG> (Thumb, 0 bytes, Stack size 0 bytes, startup_stm32f10x_md.o(.text))
<BR>[Address Reference Count : 1]<UL><LI> startup_stm32f10x_md.o(RESET)
</UL>
<P><STRONG><a name="[19]"></a>DMA1_Channel5_IRQHandler</STRONG> (Thumb, 0 bytes, Stack size 0 bytes, startup_stm32f10x_md.o(.text))
<BR>[Address Reference Count : 1]<UL><LI> startup_stm32f10x_md.o(RESET)
</UL>
<P><STRONG><a name="[1a]"></a>DMA1_Channel6_IRQHandler</STRONG> (Thumb, 0 bytes, Stack size 0 bytes, startup_stm32f10x_md.o(.text))
<BR>[Address Reference Count : 1]<UL><LI> startup_stm32f10x_md.o(RESET)
</UL>
<P><STRONG><a name="[10]"></a>EXTI0_IRQHandler</STRONG> (Thumb, 0 bytes, Stack size 0 bytes, startup_stm32f10x_md.o(.text))
<BR>[Address Reference Count : 1]<UL><LI> startup_stm32f10x_md.o(RESET)
</UL>
<P><STRONG><a name="[32]"></a>EXTI15_10_IRQHandler</STRONG> (Thumb, 0 bytes, Stack size 0 bytes, startup_stm32f10x_md.o(.text))
<BR>[Address Reference Count : 1]<UL><LI> startup_stm32f10x_md.o(RESET)
</UL>
<P><STRONG><a name="[11]"></a>EXTI1_IRQHandler</STRONG> (Thumb, 0 bytes, Stack size 0 bytes, startup_stm32f10x_md.o(.text))
<BR>[Address Reference Count : 1]<UL><LI> startup_stm32f10x_md.o(RESET)
</UL>
<P><STRONG><a name="[12]"></a>EXTI2_IRQHandler</STRONG> (Thumb, 0 bytes, Stack size 0 bytes, startup_stm32f10x_md.o(.text))
<BR>[Address Reference Count : 1]<UL><LI> startup_stm32f10x_md.o(RESET)
</UL>
<P><STRONG><a name="[13]"></a>EXTI3_IRQHandler</STRONG> (Thumb, 0 bytes, Stack size 0 bytes, startup_stm32f10x_md.o(.text))
<BR>[Address Reference Count : 1]<UL><LI> startup_stm32f10x_md.o(RESET)
</UL>
<P><STRONG><a name="[14]"></a>EXTI4_IRQHandler</STRONG> (Thumb, 0 bytes, Stack size 0 bytes, startup_stm32f10x_md.o(.text))
<BR>[Address Reference Count : 1]<UL><LI> startup_stm32f10x_md.o(RESET)
</UL>
<P><STRONG><a name="[21]"></a>EXTI9_5_IRQHandler</STRONG> (Thumb, 0 bytes, Stack size 0 bytes, startup_stm32f10x_md.o(.text))
<BR>[Address Reference Count : 1]<UL><LI> startup_stm32f10x_md.o(RESET)
</UL>
<P><STRONG><a name="[e]"></a>FLASH_IRQHandler</STRONG> (Thumb, 0 bytes, Stack size 0 bytes, startup_stm32f10x_md.o(.text))
<BR>[Address Reference Count : 1]<UL><LI> startup_stm32f10x_md.o(RESET)
</UL>
<P><STRONG><a name="[2a]"></a>I2C1_ER_IRQHandler</STRONG> (Thumb, 0 bytes, Stack size 0 bytes, startup_stm32f10x_md.o(.text))
<BR>[Address Reference Count : 1]<UL><LI> startup_stm32f10x_md.o(RESET)
</UL>
<P><STRONG><a name="[29]"></a>I2C1_EV_IRQHandler</STRONG> (Thumb, 0 bytes, Stack size 0 bytes, startup_stm32f10x_md.o(.text))
<BR>[Address Reference Count : 1]<UL><LI> startup_stm32f10x_md.o(RESET)
</UL>
<P><STRONG><a name="[2c]"></a>I2C2_ER_IRQHandler</STRONG> (Thumb, 0 bytes, Stack size 0 bytes, startup_stm32f10x_md.o(.text))
<BR>[Address Reference Count : 1]<UL><LI> startup_stm32f10x_md.o(RESET)
</UL>
<P><STRONG><a name="[2b]"></a>I2C2_EV_IRQHandler</STRONG> (Thumb, 0 bytes, Stack size 0 bytes, startup_stm32f10x_md.o(.text))
<BR>[Address Reference Count : 1]<UL><LI> startup_stm32f10x_md.o(RESET)
</UL>
<P><STRONG><a name="[b]"></a>PVD_IRQHandler</STRONG> (Thumb, 0 bytes, Stack size 0 bytes, startup_stm32f10x_md.o(.text))
<BR>[Address Reference Count : 1]<UL><LI> startup_stm32f10x_md.o(RESET)
</UL>
<P><STRONG><a name="[f]"></a>RCC_IRQHandler</STRONG> (Thumb, 0 bytes, Stack size 0 bytes, startup_stm32f10x_md.o(.text))
<BR>[Address Reference Count : 1]<UL><LI> startup_stm32f10x_md.o(RESET)
</UL>
<P><STRONG><a name="[33]"></a>RTCAlarm_IRQHandler</STRONG> (Thumb, 0 bytes, Stack size 0 bytes, startup_stm32f10x_md.o(.text))
<BR>[Address Reference Count : 1]<UL><LI> startup_stm32f10x_md.o(RESET)
</UL>
<P><STRONG><a name="[d]"></a>RTC_IRQHandler</STRONG> (Thumb, 0 bytes, Stack size 0 bytes, startup_stm32f10x_md.o(.text))
<BR>[Address Reference Count : 1]<UL><LI> startup_stm32f10x_md.o(RESET)
</UL>
<P><STRONG><a name="[2d]"></a>SPI1_IRQHandler</STRONG> (Thumb, 0 bytes, Stack size 0 bytes, startup_stm32f10x_md.o(.text))
<BR>[Address Reference Count : 1]<UL><LI> startup_stm32f10x_md.o(RESET)
</UL>
<P><STRONG><a name="[2e]"></a>SPI2_IRQHandler</STRONG> (Thumb, 0 bytes, Stack size 0 bytes, startup_stm32f10x_md.o(.text))
<BR>[Address Reference Count : 1]<UL><LI> startup_stm32f10x_md.o(RESET)
</UL>
<P><STRONG><a name="[c]"></a>TAMPER_IRQHandler</STRONG> (Thumb, 0 bytes, Stack size 0 bytes, startup_stm32f10x_md.o(.text))
<BR>[Address Reference Count : 1]<UL><LI> startup_stm32f10x_md.o(RESET)
</UL>
<P><STRONG><a name="[22]"></a>TIM1_BRK_IRQHandler</STRONG> (Thumb, 0 bytes, Stack size 0 bytes, startup_stm32f10x_md.o(.text))
<BR>[Address Reference Count : 1]<UL><LI> startup_stm32f10x_md.o(RESET)
</UL>
<P><STRONG><a name="[25]"></a>TIM1_CC_IRQHandler</STRONG> (Thumb, 0 bytes, Stack size 0 bytes, startup_stm32f10x_md.o(.text))
<BR>[Address Reference Count : 1]<UL><LI> startup_stm32f10x_md.o(RESET)
</UL>
<P><STRONG><a name="[24]"></a>TIM1_TRG_COM_IRQHandler</STRONG> (Thumb, 0 bytes, Stack size 0 bytes, startup_stm32f10x_md.o(.text))
<BR>[Address Reference Count : 1]<UL><LI> startup_stm32f10x_md.o(RESET)
</UL>
<P><STRONG><a name="[23]"></a>TIM1_UP_IRQHandler</STRONG> (Thumb, 0 bytes, Stack size 0 bytes, startup_stm32f10x_md.o(.text))
<BR>[Address Reference Count : 1]<UL><LI> startup_stm32f10x_md.o(RESET)
</UL>
<P><STRONG><a name="[26]"></a>TIM2_IRQHandler</STRONG> (Thumb, 0 bytes, Stack size 0 bytes, startup_stm32f10x_md.o(.text))
<BR>[Address Reference Count : 1]<UL><LI> startup_stm32f10x_md.o(RESET)
</UL>
<P><STRONG><a name="[27]"></a>TIM3_IRQHandler</STRONG> (Thumb, 0 bytes, Stack size 0 bytes, startup_stm32f10x_md.o(.text))
<BR>[Address Reference Count : 1]<UL><LI> startup_stm32f10x_md.o(RESET)
</UL>
<P><STRONG><a name="[28]"></a>TIM4_IRQHandler</STRONG> (Thumb, 0 bytes, Stack size 0 bytes, startup_stm32f10x_md.o(.text))
<BR>[Address Reference Count : 1]<UL><LI> startup_stm32f10x_md.o(RESET)
</UL>
<P><STRONG><a name="[34]"></a>USBWakeUp_IRQHandler</STRONG> (Thumb, 0 bytes, Stack size 0 bytes, startup_stm32f10x_md.o(.text))
<BR>[Address Reference Count : 1]<UL><LI> startup_stm32f10x_md.o(RESET)
</UL>
<P><STRONG><a name="[1d]"></a>USB_HP_CAN1_TX_IRQHandler</STRONG> (Thumb, 0 bytes, Stack size 0 bytes, startup_stm32f10x_md.o(.text))
<BR>[Address Reference Count : 1]<UL><LI> startup_stm32f10x_md.o(RESET)
</UL>
<P><STRONG><a name="[1e]"></a>USB_LP_CAN1_RX0_IRQHandler</STRONG> (Thumb, 0 bytes, Stack size 0 bytes, startup_stm32f10x_md.o(.text))
<BR>[Address Reference Count : 1]<UL><LI> startup_stm32f10x_md.o(RESET)
</UL>
<P><STRONG><a name="[a]"></a>WWDG_IRQHandler</STRONG> (Thumb, 0 bytes, Stack size 0 bytes, startup_stm32f10x_md.o(.text))
<BR>[Address Reference Count : 1]<UL><LI> startup_stm32f10x_md.o(RESET)
</UL>
<P><STRONG><a name="[37]"></a>SystemInit</STRONG> (Thumb, 78 bytes, Stack size 8 bytes, system_stm32f10x.o(.text))
<BR><BR>[Stack]<UL><LI>Max Depth = 28<LI>Call Chain = SystemInit &rArr; SetSysClock &rArr; SetSysClockTo72
</UL>
<BR>[Calls]<UL><LI><a href="#[a4]">&gt;&gt;</a>&nbsp;&nbsp;&nbsp;SetSysClock
</UL>
<BR>[Address Reference Count : 1]<UL><LI> startup_stm32f10x_md.o(.text)
</UL>
<P><STRONG><a name="[10e]"></a>SystemCoreClockUpdate</STRONG> (Thumb, 142 bytes, Stack size 8 bytes, system_stm32f10x.o(.text), UNUSED)

<P><STRONG><a name="[3b]"></a>__cpp_initialize__aeabi_</STRONG> (Thumb, 22 bytes, Stack size 16 bytes, cpp_init.o(.text))
<BR><BR>[Stack]<UL><LI>Max Depth = 16<LI>Call Chain = __cpp_initialize__aeabi_
</UL>
<BR>[Called By]<UL><LI><a href="#[3e]">&gt;&gt;</a>&nbsp;&nbsp;&nbsp;_main_cpp_init$empty
</UL>

<P><STRONG><a name="[87]"></a>__aeabi_dadd</STRONG> (Thumb, 322 bytes, Stack size 48 bytes, dadd.o(.text))
<BR><BR>[Stack]<UL><LI>Max Depth = 88<LI>Call Chain = __aeabi_dadd &rArr; _double_epilogue &rArr; _double_round
</UL>
<BR>[Calls]<UL><LI><a href="#[a9]">&gt;&gt;</a>&nbsp;&nbsp;&nbsp;_double_round
<LI><a href="#[a8]">&gt;&gt;</a>&nbsp;&nbsp;&nbsp;_double_epilogue
<LI><a href="#[a7]">&gt;&gt;</a>&nbsp;&nbsp;&nbsp;__aeabi_lasr
<LI><a href="#[a6]">&gt;&gt;</a>&nbsp;&nbsp;&nbsp;__aeabi_llsl
</UL>
<BR>[Called By]<UL><LI><a href="#[aa]">&gt;&gt;</a>&nbsp;&nbsp;&nbsp;__aeabi_drsub
<LI><a href="#[8b]">&gt;&gt;</a>&nbsp;&nbsp;&nbsp;__aeabi_dsub
<LI><a href="#[88]">&gt;&gt;</a>&nbsp;&nbsp;&nbsp;TaskManager::Time()
<LI><a href="#[9]">&gt;&gt;</a>&nbsp;&nbsp;&nbsp;SysTick_Handler
</UL>

<P><STRONG><a name="[8b]"></a>__aeabi_dsub</STRONG> (Thumb, 6 bytes, Stack size 0 bytes, dadd.o(.text), UNUSED)
<BR><BR>[Calls]<UL><LI><a href="#[87]">&gt;&gt;</a>&nbsp;&nbsp;&nbsp;__aeabi_dadd
</UL>
<BR>[Called By]<UL><LI><a href="#[90]">&gt;&gt;</a>&nbsp;&nbsp;&nbsp;TaskManager::ClockTool(double&, double)
<LI><a href="#[8f]">&gt;&gt;</a>&nbsp;&nbsp;&nbsp;TaskManager::DelayS(unsigned short)
<LI><a href="#[8e]">&gt;&gt;</a>&nbsp;&nbsp;&nbsp;TaskManager::DelayMs(unsigned short)
<LI><a href="#[8d]">&gt;&gt;</a>&nbsp;&nbsp;&nbsp;TaskManager::DelayUs(unsigned short)
<LI><a href="#[88]">&gt;&gt;</a>&nbsp;&nbsp;&nbsp;TaskManager::Time()
</UL>

<P><STRONG><a name="[aa]"></a>__aeabi_drsub</STRONG> (Thumb, 6 bytes, Stack size 0 bytes, dadd.o(.text), UNUSED)
<BR><BR>[Calls]<UL><LI><a href="#[87]">&gt;&gt;</a>&nbsp;&nbsp;&nbsp;__aeabi_dadd
</UL>

<P><STRONG><a name="[83]"></a>__aeabi_dmul</STRONG> (Thumb, 228 bytes, Stack size 48 bytes, dmul.o(.text), UNUSED)
<BR><BR>[Calls]<UL><LI><a href="#[a8]">&gt;&gt;</a>&nbsp;&nbsp;&nbsp;_double_epilogue
</UL>
<BR>[Called By]<UL><LI><a href="#[81]">&gt;&gt;</a>&nbsp;&nbsp;&nbsp;USART::operator &lang;&lang;(double)
</UL>

<P><STRONG><a name="[8a]"></a>__aeabi_ddiv</STRONG> (Thumb, 222 bytes, Stack size 32 bytes, ddiv.o(.text), UNUSED)
<BR><BR>[Calls]<UL><LI><a href="#[a9]">&gt;&gt;</a>&nbsp;&nbsp;&nbsp;_double_round
</UL>
<BR>[Called By]<UL><LI><a href="#[8e]">&gt;&gt;</a>&nbsp;&nbsp;&nbsp;TaskManager::DelayMs(unsigned short)
<LI><a href="#[8d]">&gt;&gt;</a>&nbsp;&nbsp;&nbsp;TaskManager::DelayUs(unsigned short)
<LI><a href="#[88]">&gt;&gt;</a>&nbsp;&nbsp;&nbsp;TaskManager::Time()
</UL>

<P><STRONG><a name="[89]"></a>__aeabi_ui2d</STRONG> (Thumb, 26 bytes, Stack size 16 bytes, dfltui.o(.text), UNUSED)
<BR><BR>[Calls]<UL><LI><a href="#[a8]">&gt;&gt;</a>&nbsp;&nbsp;&nbsp;_double_epilogue
</UL>
<BR>[Called By]<UL><LI><a href="#[8f]">&gt;&gt;</a>&nbsp;&nbsp;&nbsp;TaskManager::DelayS(unsigned short)
<LI><a href="#[8e]">&gt;&gt;</a>&nbsp;&nbsp;&nbsp;TaskManager::DelayMs(unsigned short)
<LI><a href="#[8d]">&gt;&gt;</a>&nbsp;&nbsp;&nbsp;TaskManager::DelayUs(unsigned short)
<LI><a href="#[88]">&gt;&gt;</a>&nbsp;&nbsp;&nbsp;TaskManager::Time()
</UL>

<P><STRONG><a name="[84]"></a>__aeabi_d2uiz</STRONG> (Thumb, 50 bytes, Stack size 8 bytes, dfixui.o(.text), UNUSED)
<BR><BR>[Calls]<UL><LI><a href="#[ab]">&gt;&gt;</a>&nbsp;&nbsp;&nbsp;__aeabi_llsr
</UL>
<BR>[Called By]<UL><LI><a href="#[81]">&gt;&gt;</a>&nbsp;&nbsp;&nbsp;USART::operator &lang;&lang;(double)
</UL>

<P><STRONG><a name="[10f]"></a>__aeabi_cdcmpeq</STRONG> (Thumb, 0 bytes, Stack size 0 bytes, cdcmple.o(.text), UNUSED)

<P><STRONG><a name="[82]"></a>__aeabi_cdcmple</STRONG> (Thumb, 48 bytes, Stack size 0 bytes, cdcmple.o(.text), UNUSED)
<BR><BR>[Called By]<UL><LI><a href="#[8f]">&gt;&gt;</a>&nbsp;&nbsp;&nbsp;TaskManager::DelayS(unsigned short)
<LI><a href="#[8e]">&gt;&gt;</a>&nbsp;&nbsp;&nbsp;TaskManager::DelayMs(unsigned short)
<LI><a href="#[8d]">&gt;&gt;</a>&nbsp;&nbsp;&nbsp;TaskManager::DelayUs(unsigned short)
<LI><a href="#[81]">&gt;&gt;</a>&nbsp;&nbsp;&nbsp;USART::operator &lang;&lang;(double)
</UL>

<P><STRONG><a name="[8c]"></a>__aeabi_cdrcmple</STRONG> (Thumb, 48 bytes, Stack size 0 bytes, cdrcmple.o(.text), UNUSED)
<BR><BR>[Called By]<UL><LI><a href="#[90]">&gt;&gt;</a>&nbsp;&nbsp;&nbsp;TaskManager::ClockTool(double&, double)
<LI><a href="#[88]">&gt;&gt;</a>&nbsp;&nbsp;&nbsp;TaskManager::Time()
</UL>

<P><STRONG><a name="[a6]"></a>__aeabi_llsl</STRONG> (Thumb, 30 bytes, Stack size 0 bytes, llshl.o(.text))
<BR><BR>[Called By]<UL><LI><a href="#[a8]">&gt;&gt;</a>&nbsp;&nbsp;&nbsp;_double_epilogue
<LI><a href="#[87]">&gt;&gt;</a>&nbsp;&nbsp;&nbsp;__aeabi_dadd
</UL>

<P><STRONG><a name="[110]"></a>_ll_shift_l</STRONG> (Thumb, 0 bytes, Stack size 0 bytes, llshl.o(.text), UNUSED)

<P><STRONG><a name="[ab]"></a>__aeabi_llsr</STRONG> (Thumb, 32 bytes, Stack size 0 bytes, llushr.o(.text))
<BR><BR>[Called By]<UL><LI><a href="#[a8]">&gt;&gt;</a>&nbsp;&nbsp;&nbsp;_double_epilogue
<LI><a href="#[84]">&gt;&gt;</a>&nbsp;&nbsp;&nbsp;__aeabi_d2uiz
</UL>

<P><STRONG><a name="[111]"></a>_ll_ushift_r</STRONG> (Thumb, 0 bytes, Stack size 0 bytes, llushr.o(.text), UNUSED)

<P><STRONG><a name="[a7]"></a>__aeabi_lasr</STRONG> (Thumb, 36 bytes, Stack size 0 bytes, llsshr.o(.text))
<BR><BR>[Called By]<UL><LI><a href="#[87]">&gt;&gt;</a>&nbsp;&nbsp;&nbsp;__aeabi_dadd
</UL>

<P><STRONG><a name="[112]"></a>_ll_sshift_r</STRONG> (Thumb, 0 bytes, Stack size 0 bytes, llsshr.o(.text), UNUSED)

<P><STRONG><a name="[113]"></a>__I$use$fp</STRONG> (Thumb, 0 bytes, Stack size unknown bytes, iusefp.o(.text), UNUSED)

<P><STRONG><a name="[ae]"></a>__rt_ddtor_pointer_addr</STRONG> (Thumb, 4 bytes, Stack size 0 bytes, cpp_dtor.o(.text))
<BR><BR>[Called By]<UL><LI><a href="#[48]">&gt;&gt;</a>&nbsp;&nbsp;&nbsp;__aeabi_atexit
<LI><a href="#[af]">&gt;&gt;</a>&nbsp;&nbsp;&nbsp;__cxa_finalize
</UL>

<P><STRONG><a name="[114]"></a>__rt_lib_shutdown_cpp_1</STRONG> (Thumb, 2 bytes, Stack size 0 bytes, cpp_final.o(.text), UNUSED)

<P><STRONG><a name="[a9]"></a>_double_round</STRONG> (Thumb, 30 bytes, Stack size 8 bytes, depilogue.o(.text))
<BR><BR>[Stack]<UL><LI>Max Depth = 8<LI>Call Chain = _double_round
</UL>
<BR>[Called By]<UL><LI><a href="#[a8]">&gt;&gt;</a>&nbsp;&nbsp;&nbsp;_double_epilogue
<LI><a href="#[8a]">&gt;&gt;</a>&nbsp;&nbsp;&nbsp;__aeabi_ddiv
<LI><a href="#[87]">&gt;&gt;</a>&nbsp;&nbsp;&nbsp;__aeabi_dadd
</UL>

<P><STRONG><a name="[a8]"></a>_double_epilogue</STRONG> (Thumb, 156 bytes, Stack size 32 bytes, depilogue.o(.text))
<BR><BR>[Stack]<UL><LI>Max Depth = 40<LI>Call Chain = _double_epilogue &rArr; _double_round
</UL>
<BR>[Calls]<UL><LI><a href="#[a9]">&gt;&gt;</a>&nbsp;&nbsp;&nbsp;_double_round
<LI><a href="#[ab]">&gt;&gt;</a>&nbsp;&nbsp;&nbsp;__aeabi_llsr
<LI><a href="#[a6]">&gt;&gt;</a>&nbsp;&nbsp;&nbsp;__aeabi_llsl
</UL>
<BR>[Called By]<UL><LI><a href="#[89]">&gt;&gt;</a>&nbsp;&nbsp;&nbsp;__aeabi_ui2d
<LI><a href="#[87]">&gt;&gt;</a>&nbsp;&nbsp;&nbsp;__aeabi_dadd
<LI><a href="#[83]">&gt;&gt;</a>&nbsp;&nbsp;&nbsp;__aeabi_dmul
</UL>

<P><STRONG><a name="[3d]"></a>__scatterload</STRONG> (Thumb, 28 bytes, Stack size 0 bytes, init.o(.text))
<BR><BR>[Calls]<UL><LI><a href="#[ac]">&gt;&gt;</a>&nbsp;&nbsp;&nbsp;__main_after_scatterload
</UL>
<BR>[Called By]<UL><LI><a href="#[3c]">&gt;&gt;</a>&nbsp;&nbsp;&nbsp;_main_scatterload
</UL>

<P><STRONG><a name="[115]"></a>__scatterload_rt2</STRONG> (Thumb, 0 bytes, Stack size 0 bytes, init.o(.text), UNUSED)

<P><STRONG><a name="[48]"></a>__aeabi_atexit</STRONG> (Thumb, 50 bytes, Stack size 24 bytes, aeabi_atexit.o(i.__aeabi_atexit))
<BR><BR>[Stack]<UL><LI>Max Depth = 44<LI>Call Chain = __aeabi_atexit &rArr; malloc
</UL>
<BR>[Calls]<UL><LI><a href="#[ae]">&gt;&gt;</a>&nbsp;&nbsp;&nbsp;__rt_ddtor_pointer_addr
<LI><a href="#[ad]">&gt;&gt;</a>&nbsp;&nbsp;&nbsp;malloc
</UL>
<BR>[Called By]<UL><LI><a href="#[39]">&gt;&gt;</a>&nbsp;&nbsp;&nbsp;__sti___8_main_cpp_9c3cbc1f
</UL>

<P><STRONG><a name="[af]"></a>__cxa_finalize</STRONG> (Thumb, 66 bytes, Stack size 24 bytes, cxa_finalize.o(i.__cxa_finalize), UNUSED)
<BR><BR>[Calls]<UL><LI><a href="#[ae]">&gt;&gt;</a>&nbsp;&nbsp;&nbsp;__rt_ddtor_pointer_addr
<LI><a href="#[b0]">&gt;&gt;</a>&nbsp;&nbsp;&nbsp;free
</UL>

<P><STRONG><a name="[116]"></a>__scatterload_copy</STRONG> (Thumb, 14 bytes, Stack size unknown bytes, handlers.o(i.__scatterload_copy), UNUSED)

<P><STRONG><a name="[117]"></a>__scatterload_null</STRONG> (Thumb, 2 bytes, Stack size unknown bytes, handlers.o(i.__scatterload_null), UNUSED)

<P><STRONG><a name="[118]"></a>__scatterload_zeroinit</STRONG> (Thumb, 14 bytes, Stack size unknown bytes, handlers.o(i.__scatterload_zeroinit), UNUSED)

<P><STRONG><a name="[b0]"></a>free</STRONG> (Thumb, 76 bytes, Stack size 8 bytes, malloc.o(i.free), UNUSED)
<BR><BR>[Called By]<UL><LI><a href="#[af]">&gt;&gt;</a>&nbsp;&nbsp;&nbsp;__cxa_finalize
</UL>

<P><STRONG><a name="[ad]"></a>malloc</STRONG> (Thumb, 92 bytes, Stack size 20 bytes, malloc.o(i.malloc))
<BR><BR>[Stack]<UL><LI>Max Depth = 20<LI>Call Chain = malloc
</UL>
<BR>[Called By]<UL><LI><a href="#[48]">&gt;&gt;</a>&nbsp;&nbsp;&nbsp;__aeabi_atexit
</UL>

<P><STRONG><a name="[74]"></a>FIFOBuffer&lang;unsigned char, (unsigned short)50&rang;::Get(unsigned char&)</STRONG> (Thumb, 48 bytes, Stack size 0 bytes, usart.o(t._ZN10FIFOBufferIhLt50EE3GetERh))
<BR><BR>[Called By]<UL><LI><a href="#[57]">&gt;&gt;</a>&nbsp;&nbsp;&nbsp;USART::Irq()
<LI><a href="#[4b]">&gt;&gt;</a>&nbsp;&nbsp;&nbsp;USART::SendData(unsigned char*, unsigned)
</UL>

<P><STRONG><a name="[7c]"></a>FIFOBuffer&lang;unsigned char, (unsigned short)50&rang;::Put(const unsigned char&)</STRONG> (Thumb, 52 bytes, Stack size 8 bytes, usart.o(t._ZN10FIFOBufferIhLt50EE3PutERKh))
<BR><BR>[Stack]<UL><LI>Max Depth = 8<LI>Call Chain = FIFOBuffer&lang;unsigned char, (unsigned short)50&rang;::Put(const unsigned char&)
</UL>
<BR>[Called By]<UL><LI><a href="#[57]">&gt;&gt;</a>&nbsp;&nbsp;&nbsp;USART::Irq()
</UL>

<P><STRONG><a name="[71]"></a>FIFOBuffer&lang;unsigned char, (unsigned short)50&rang;::Gets(unsigned char*, unsigned short)</STRONG> (Thumb, 62 bytes, Stack size 12 bytes, usart.o(t._ZN10FIFOBufferIhLt50EE4GetsEPht))
<BR><BR>[Stack]<UL><LI>Max Depth = 12<LI>Call Chain = FIFOBuffer&lang;unsigned char, (unsigned short)50&rang;::Gets(unsigned char*, unsigned short)
</UL>
<BR>[Called By]<UL><LI><a href="#[58]">&gt;&gt;</a>&nbsp;&nbsp;&nbsp;USART::DmaIrq()
<LI><a href="#[4b]">&gt;&gt;</a>&nbsp;&nbsp;&nbsp;USART::SendData(unsigned char*, unsigned)
<LI><a href="#[4f]">&gt;&gt;</a>&nbsp;&nbsp;&nbsp;USART::GetReceivedData(unsigned char*, unsigned short)
</UL>

<P><STRONG><a name="[6f]"></a>FIFOBuffer&lang;unsigned char, (unsigned short)50&rang;::Puts(unsigned char*, unsigned short)</STRONG> (Thumb, 66 bytes, Stack size 16 bytes, usart.o(t._ZN10FIFOBufferIhLt50EE4PutsEPht))
<BR><BR>[Stack]<UL><LI>Max Depth = 16<LI>Call Chain = FIFOBuffer&lang;unsigned char, (unsigned short)50&rang;::Puts(unsigned char*, unsigned short)
</UL>
<BR>[Called By]<UL><LI><a href="#[4b]">&gt;&gt;</a>&nbsp;&nbsp;&nbsp;USART::SendData(unsigned char*, unsigned)
</UL>

<P><STRONG><a name="[70]"></a>FIFOBuffer&lang;unsigned char, (unsigned short)50&rang;::Size()</STRONG> (Thumb, 6 bytes, Stack size 0 bytes, usart.o(t._ZN10FIFOBufferIhLt50EE4SizeEv))
<BR><BR>[Called By]<UL><LI><a href="#[58]">&gt;&gt;</a>&nbsp;&nbsp;&nbsp;USART::DmaIrq()
<LI><a href="#[57]">&gt;&gt;</a>&nbsp;&nbsp;&nbsp;USART::Irq()
<LI><a href="#[4b]">&gt;&gt;</a>&nbsp;&nbsp;&nbsp;USART::SendData(unsigned char*, unsigned)
<LI><a href="#[4e]">&gt;&gt;</a>&nbsp;&nbsp;&nbsp;USART::ReceiveBufferSize()
<LI><a href="#[4f]">&gt;&gt;</a>&nbsp;&nbsp;&nbsp;USART::GetReceivedData(unsigned char*, unsigned short)
</UL>

<P><STRONG><a name="[78]"></a>FIFOBuffer&lang;unsigned char, (unsigned short)50&rang;::Clear()</STRONG> (Thumb, 10 bytes, Stack size 0 bytes, usart.o(t._ZN10FIFOBufferIhLt50EE5ClearEv))
<BR><BR>[Called By]<UL><LI><a href="#[79]">&gt;&gt;</a>&nbsp;&nbsp;&nbsp;USART::ClearSendBuffer()
<LI><a href="#[51]">&gt;&gt;</a>&nbsp;&nbsp;&nbsp;USART::ClearReceiveBuffer()
</UL>

<P><STRONG><a name="[61]"></a>FIFOBuffer&lang;unsigned char, (unsigned short)50&rang;::FIFOBuffer()</STRONG> (Thumb, 14 bytes, Stack size 0 bytes, usart.o(t._ZN10FIFOBufferIhLt50EEC1Ev))
<BR><BR>[Called By]<UL><LI><a href="#[47]">&gt;&gt;</a>&nbsp;&nbsp;&nbsp;USART::USART(unsigned char, unsigned, bool, unsigned char, unsigned char, unsigned char, unsigned char, unsigned char, unsigned short, unsigned short, unsigned short)
</UL>

<P><STRONG><a name="[119]"></a>FIFOBuffer&lang;unsigned char, (unsigned short)50&rang;::FIFOBuffer__sub_object()</STRONG> (Thumb, 0 bytes, Stack size 0 bytes, usart.o(t._ZN10FIFOBufferIhLt50EEC1Ev), UNUSED)
<P>
<H3>
Local Symbols
</H3>
<P><STRONG><a name="[39]"></a>__sti___8_main_cpp_9c3cbc1f</STRONG> (Thumb, 92 bytes, Stack size 40 bytes, main.o(.text))
<BR><BR>[Stack]<UL><LI>Max Depth = 220<LI>Call Chain = __sti___8_main_cpp_9c3cbc1f &rArr; USART::USART(unsigned char, unsigned, bool, unsigned char, unsigned char, unsigned char, unsigned char, unsigned char, unsigned short, unsigned short, unsigned short) &rArr; USART_Init &rArr; RCC_GetClocksFreq
</UL>
<BR>[Calls]<UL><LI><a href="#[48]">&gt;&gt;</a>&nbsp;&nbsp;&nbsp;__aeabi_atexit
<LI><a href="#[46]">&gt;&gt;</a>&nbsp;&nbsp;&nbsp;Memory::Memory(unsigned, bool)
<LI><a href="#[47]">&gt;&gt;</a>&nbsp;&nbsp;&nbsp;USART::USART(unsigned char, unsigned, bool, unsigned char, unsigned char, unsigned char, unsigned char, unsigned char, unsigned short, unsigned short, unsigned short)
<LI><a href="#[49]">&gt;&gt;</a>&nbsp;&nbsp;&nbsp;IAP::IAP(USART&, Memory&, Memory&)
</UL>
<BR>[Address Reference Count : 1]<UL><LI> main.o(.init_array)
</UL>
<P><STRONG><a name="[3a]"></a>__sti___15_TaskManager_cpp_tskmgr</STRONG> (Thumb, 10 bytes, Stack size 4 bytes, taskmanager.o(.text))
<BR><BR>[Stack]<UL><LI>Max Depth = 4<LI>Call Chain = __sti___15_TaskManager_cpp_tskmgr
</UL>
<BR>[Calls]<UL><LI><a href="#[91]">&gt;&gt;</a>&nbsp;&nbsp;&nbsp;TaskManager::TaskManager()
</UL>
<BR>[Address Reference Count : 1]<UL><LI> taskmanager.o(.init_array)
</UL>
<P><STRONG><a name="[a5]"></a>SetSysClockTo72</STRONG> (Thumb, 214 bytes, Stack size 12 bytes, system_stm32f10x.o(.text))
<BR><BR>[Stack]<UL><LI>Max Depth = 12<LI>Call Chain = SetSysClockTo72
</UL>
<BR>[Called By]<UL><LI><a href="#[a4]">&gt;&gt;</a>&nbsp;&nbsp;&nbsp;SetSysClock
</UL>

<P><STRONG><a name="[a4]"></a>SetSysClock</STRONG> (Thumb, 8 bytes, Stack size 8 bytes, system_stm32f10x.o(.text))
<BR><BR>[Stack]<UL><LI>Max Depth = 20<LI>Call Chain = SetSysClock &rArr; SetSysClockTo72
</UL>
<BR>[Calls]<UL><LI><a href="#[a5]">&gt;&gt;</a>&nbsp;&nbsp;&nbsp;SetSysClockTo72
</UL>
<BR>[Called By]<UL><LI><a href="#[37]">&gt;&gt;</a>&nbsp;&nbsp;&nbsp;SystemInit
</UL>
<P>
<H3>
Undefined Global Symbols
</H3><HR></body></html>
